Archive member included because of file (symbol)

c:\Users\raifo\AppData\Roaming\Code\User\globalStorage\vexrobotics.vexcode\sdk\cpp\IQ2\IQ2_20231003_10_00_00/vexiq2\libviq2rt.a(iq2_startup.c.o)
                              (vexStartup)
c:\Users\raifo\AppData\Roaming\Code\User\globalStorage\vexrobotics.vexcode\sdk\cpp\IQ2\IQ2_20231003_10_00_00/vexiq2\libviq2rt.a(iq2_apijump.c.o)
                              c:\Users\raifo\AppData\Roaming\Code\User\globalStorage\vexrobotics.vexcode\sdk\cpp\IQ2\IQ2_20231003_10_00_00/vexiq2\libviq2rt.a(iq2_startup.c.o) (vexTaskAdd)
c:\Users\raifo\AppData\Roaming\Code\User\globalStorage\vexrobotics.vexcode\sdk\cpp\IQ2\IQ2_20231003_10_00_00/vexiq2\libviq2rt.a(iq2_apiversions.c.o)
                              c:\Users\raifo\AppData\Roaming\Code\User\globalStorage\vexrobotics.vexcode\sdk\cpp\IQ2\IQ2_20231003_10_00_00/vexiq2\libviq2rt.a(iq2_apijump.c.o) (vexSystemVersion)
c:\Users\raifo\AppData\Roaming\Code\User\globalStorage\vexrobotics.vexcode\sdk\cpp\IQ2\IQ2_20231003_10_00_00/vexiq2\libviq2rt.a(vex_global.cpp.o)
                              build/src/MinSixAutoDrivetrain.o (vex::wait(double, vex::timeUnits))
c:\Users\raifo\AppData\Roaming\Code\User\globalStorage\vexrobotics.vexcode\sdk\cpp\IQ2\IQ2_20231003_10_00_00/vexiq2\libviq2rt.a(vex_color.cpp.o)
                              c:\Users\raifo\AppData\Roaming\Code\User\globalStorage\vexrobotics.vexcode\sdk\cpp\IQ2\IQ2_20231003_10_00_00/vexiq2\libviq2rt.a(vex_global.cpp.o) (vex::color::red_orange)
c:\Users\raifo\AppData\Roaming\Code\User\globalStorage\vexrobotics.vexcode\sdk\cpp\IQ2\IQ2_20231003_10_00_00/vexiq2\libviq2rt.a(vex_thread.cpp.o)
                              build/src/main.o (vex::this_thread::sleep_for(unsigned long))
c:\Users\raifo\AppData\Roaming\Code\User\globalStorage\vexrobotics.vexcode\sdk\cpp\IQ2\IQ2_20231003_10_00_00/vexiq2\libviq2rt.a(vex_brain.cpp.o)
                              build/src/main.o (vex::brain::~brain())
c:\Users\raifo\AppData\Roaming\Code\User\globalStorage\vexrobotics.vexcode\sdk\cpp\IQ2\IQ2_20231003_10_00_00/vexiq2\libviq2rt.a(vex_timer.cpp.o)
                              c:\Users\raifo\AppData\Roaming\Code\User\globalStorage\vexrobotics.vexcode\sdk\cpp\IQ2\IQ2_20231003_10_00_00/vexiq2\libviq2rt.a(vex_brain.cpp.o) (vex::timer::~timer())
c:\Users\raifo\AppData\Roaming\Code\User\globalStorage\vexrobotics.vexcode\sdk\cpp\IQ2\IQ2_20231003_10_00_00/vexiq2\libviq2rt.a(vex_motor.cpp.o)
                              build/src/main.o (vex::motor::~motor())
c:\Users\raifo\AppData\Roaming\Code\User\globalStorage\vexrobotics.vexcode\sdk\cpp\IQ2\IQ2_20231003_10_00_00/vexiq2\libviq2rt.a(vex_touchled.cpp.o)
                              build/src/main.o (vex::touchled::touchled(long))
c:\Users\raifo\AppData\Roaming\Code\User\globalStorage\vexrobotics.vexcode\sdk\cpp\IQ2\IQ2_20231003_10_00_00/vexiq2\libviq2rt.a(vex_imu.cpp.o)
                              build/src/MinSixAutoDrivetrain.o (vex::inertial::setRotation(double, vex::rotationUnits))
c:\Users\raifo\AppData\Roaming\Code\User\globalStorage\vexrobotics.vexcode\sdk\cpp\IQ2\IQ2_20231003_10_00_00/vexiq2\libviq2rt.a(vex_distance.cpp.o)
                              build/src/main.o (vex::distance::distance(long))
c:\Users\raifo\AppData\Roaming\Code\User\globalStorage\vexrobotics.vexcode\sdk\cpp\IQ2\IQ2_20231003_10_00_00/vexiq2\libviq2rt.a(vex_optical.cpp.o)
                              build/src/main.o (vex::optical::~optical())
c:\Users\raifo\AppData\Roaming\Code\User\globalStorage\vexrobotics.vexcode\sdk\cpp\IQ2\IQ2_20231003_10_00_00/vexiq2\libviq2rt.a(vex_event.cpp.o)
                              c:\Users\raifo\AppData\Roaming\Code\User\globalStorage\vexrobotics.vexcode\sdk\cpp\IQ2\IQ2_20231003_10_00_00/vexiq2\libviq2rt.a(vex_brain.cpp.o) (vex::event::init(unsigned long, unsigned long, void (*)()))
c:\Users\raifo\AppData\Roaming\Code\User\globalStorage\vexrobotics.vexcode\sdk\cpp\IQ2\IQ2_20231003_10_00_00/vexiq2\libviq2rt.a(vex_device.cpp.o)
                              c:\Users\raifo\AppData\Roaming\Code\User\globalStorage\vexrobotics.vexcode\sdk\cpp\IQ2\IQ2_20231003_10_00_00/vexiq2\libviq2rt.a(vex_motor.cpp.o) (vex::device::~device())
c:\Users\raifo\AppData\Roaming\Code\User\globalStorage\vexrobotics.vexcode\sdk\cpp\IQ2\IQ2_20231003_10_00_00/vexiq2/gcc/libs\libc_nano.a(lib_a-aeabi_atexit.o)
                              c:\Users\raifo\AppData\Roaming\Code\User\globalStorage\vexrobotics.vexcode\sdk\cpp\IQ2\IQ2_20231003_10_00_00/vexiq2\libviq2rt.a(vex_color.cpp.o) (__aeabi_atexit)
c:\Users\raifo\AppData\Roaming\Code\User\globalStorage\vexrobotics.vexcode\sdk\cpp\IQ2\IQ2_20231003_10_00_00/vexiq2/gcc/libs\libc_nano.a(lib_a-aeabi_memclr.o)
                              build/src/MinSixAutoDrivetrain.o (__aeabi_memclr8)
c:\Users\raifo\AppData\Roaming\Code\User\globalStorage\vexrobotics.vexcode\sdk\cpp\IQ2\IQ2_20231003_10_00_00/vexiq2/gcc/libs\libc_nano.a(lib_a-aeabi_memcpy.o)
[...]
Memory Configuration

Name             Origin             Length             Attributes
SRAM_1_2_3       0x20010000         0x00018000         xrw
*default*        0x00000000         0xffffffff

Linker script and memory map

                0x00000020                _STACK_SIZE = DEFINED (_STACK_SIZE)?_STACK_SIZE:0x20
                0x00001000                _HEAP_SIZE = DEFINED (_HEAP_SIZE)?_HEAP_SIZE:0x1000

.text           0x20010000     0x599a
 *(.vectors)
 *(.boot_data)
 .boot_data     0x20010000       0x10 c:\Users\raifo\AppData\Roaming\Code\User\globalStorage\vexrobotics.vexcode\sdk\cpp\IQ2\IQ2_20231003_10_00_00/vexiq2\libviq2rt.a(iq2_startup.c.o)
                0x20010000                vexCodeSig
                0x00000020                . = 0x20
 *fill*         0x20010010       0x10 
 *(.boot)
 .boot          0x20010020       0x64 c:\Users\raifo\AppData\Roaming\Code\User\globalStorage\vexrobotics.vexcode\sdk\cpp\IQ2\IQ2_20231003_10_00_00/vexiq2\libviq2rt.a(iq2_startup.c.o)
                0x20010020                vexStartup
                0x200100c0                . = ALIGN (0x40)
 *fill*         0x20010084       0x3c 
 *(.freertos_vectors)
 *(.text)
 .text          0x200100c0       0x9a c:\Users\raifo\AppData\Roaming\Code\User\globalStorage\vexrobotics.vexcode\sdk\cpp\IQ2\IQ2_20231003_10_00_00/vexiq2/gcc/libs\libc_nano.a(lib_a-aeabi_memset-soft.o)
                0x200100c0                __aeabi_memset8
                0x200100c0                __aeabi_memset4
                0x200100c0                __aeabi_memset
 .text          0x2001015a       0x10 c:\Users\raifo\AppData\Roaming\Code\User\globalStorage\vexrobotics.vexcode\sdk\cpp\IQ2\IQ2_20231003_10_00_00/vexiq2/gcc/libs\libc_nano.a(lib_a-strlen.o)
                0x2001015a                strlen
 *fill*         0x2001016a        0x6 
 .text          0x20010170       0xa0 c:\Users\raifo\AppData\Roaming\Code\User\globalStorage\vexrobotics.vexcode\sdk\cpp\IQ2\IQ2_20231003_10_00_00/vexiq2/gcc/libs\libc_nano.a(lib_a-memchr.o)
                0x20010170                memchr
 .text          0x20010210      0x378 c:\Users\raifo\AppData\Roaming\Code\User\globalStorage\vexrobotics.vexcode\sdk\cpp\IQ2\IQ2_20231003_10_00_00/vexiq2/gcc/libs\libgcc.a(_arm_addsubdf3.o)
                0x20010210                __aeabi_drsub
                0x20010218                __aeabi_dsub
                0x20010218                __subdf3
                0x2001021c                __aeabi_dadd
                0x2001021c                __adddf3
                0x20010494                __floatunsidf
                0x20010494                __aeabi_ui2d
                0x200104b4                __floatsidf
                0x200104b4                __aeabi_i2d
                0x200104d8                __aeabi_f2d
                0x200104d8                __extendsfdf2
                0x2001051c                __floatundidf
                0x2001051c                __aeabi_ul2d
                0x2001052c                __floatdidf
                0x2001052c                __aeabi_l2d
 .text          0x20010588      0x424 c:\Users\raifo\AppData\Roaming\Code\User\globalStorage\vexrobotics.vexcode\sdk\cpp\IQ2\IQ2_20231003_10_00_00/vexiq2/gcc/libs\libgcc.a(_arm_muldivdf3.o)
                0x20010588                __aeabi_dmul
                0x20010588                __muldf3
                0x200107dc                __divdf3
                0x200107dc                __aeabi_ddiv
 .text          0x200109ac      0x110 c:\Users\raifo\AppData\Roaming\Code\User\globalStorage\vexrobotics.vexcode\sdk\cpp\IQ2\IQ2_20231003_10_00_00/vexiq2/gcc/libs\libgcc.a(_arm_cmpdf2.o)
                0x200109ac                __gtdf2
                0x200109ac                __gedf2
                0x200109b4                __ltdf2
                0x200109b4                __ledf2
                0x200109bc                __nedf2
                0x200109bc                __eqdf2
                0x200109bc                __cmpdf2
                0x20010a38                __aeabi_cdrcmple
                0x20010a48                __aeabi_cdcmpeq
                0x20010a48                __aeabi_cdcmple
                0x20010a58                __aeabi_dcmpeq
                0x20010a6c                __aeabi_dcmplt
                0x20010a80                __aeabi_dcmple
                0x20010a94                __aeabi_dcmpge
                0x20010aa8                __aeabi_dcmpgt
 .text          0x20010abc       0x2c c:\Users\raifo\AppData\Roaming\Code\User\globalStorage\vexrobotics.vexcode\sdk\cpp\IQ2\IQ2_20231003_10_00_00/vexiq2/gcc/libs\libgcc.a(_arm_unorddf2.o)
                0x20010abc                __unorddf2
                0x20010abc                __aeabi_dcmpun
 .text          0x20010ae8       0x50 c:\Users\raifo\AppData\Roaming\Code\User\globalStorage\vexrobotics.vexcode\sdk\cpp\IQ2\IQ2_20231003_10_00_00/vexiq2/gcc/libs\libgcc.a(_arm_fixdfsi.o)
                0x20010ae8                __aeabi_d2iz
                0x20010ae8                __fixdfsi
 *(.text.*)
 .text._ZN18Min6AutoDrivetrain13CalibrateGyroEv
                0x20010b38       0xf0 build/src/MinSixAutoDrivetrain.o
                0x20010b38                Min6AutoDrivetrain::CalibrateGyro()
 .text._ZN18Min6AutoDrivetrain13TurnToHeadingEddddi
                0x20010c28      0x848 build/src/MinSixAutoDrivetrain.o
                0x20010c28                Min6AutoDrivetrain::TurnToHeading(double, double, double, double, int)
 .text._ZN17MotionAccelerator14GetNextStepRPMEv
                0x20011470       0xbe build/src/MinSixAutoDrivetrain.o
                0x20011470                MotionAccelerator::GetNextStepRPM()
 .text._ZN13PIDController22calculateControlSignalEd
                0x2001152e       0x94 build/src/MinSixAutoDrivetrain.o
                0x2001152e                PIDController::calculateControlSignal(double)
 .text._ZN18Min6AutoDrivetrainD2Ev
                0x200115c2       0x28 build/src/main.o
                0x200115c2                Min6AutoDrivetrain::~Min6AutoDrivetrain()
 *fill*         0x200115ea        0x6 
 .text.main     0x200115f0      0x120 build/src/main.o
                0x200115f0                main
 .text._Z18SelectStop_Pressedv
                0x20011710       0xb6 build/src/main.o
                0x20011710                SelectStop_Pressed()
 .text._Z13Start_Pressedv
                0x200117c6       0xda build/src/main.o
                0x200117c6                Start_Pressed()
 .text._Z11Routine_Onev
                0x200118a0       0x80 build/src/main.o
                0x200118a0                Routine_One()
 .text._Z11Routine_Twov
                0x20011920       0x80 build/src/main.o
                0x20011920                Routine_Two()
 .text._GLOBAL__sub_I_main.cpp
                0x200119a0      0x1f4 build/src/main.o
 .text.vexMain  0x20011b94       0x60 c:\Users\raifo\AppData\Roaming\Code\User\globalStorage\vexrobotics.vexcode\sdk\cpp\IQ2\IQ2_20231003_10_00_00/vexiq2\libviq2rt.a(iq2_startup.c.o)
                0x20011b94                vexMain
 .text.__vex_function_prolog
                0x20011bf4       0x10 c:\Users\raifo\AppData\Roaming\Code\User\globalStorage\vexrobotics.vexcode\sdk\cpp\IQ2\IQ2_20231003_10_00_00/vexiq2\libviq2rt.a(iq2_startup.c.o)
                0x20011bf4                __vex_function_prolog
 .text._init    0x20011c04        0x2 c:\Users\raifo\AppData\Roaming\Code\User\globalStorage\vexrobotics.vexcode\sdk\cpp\IQ2\IQ2_20231003_10_00_00/vexiq2\libviq2rt.a(iq2_startup.c.o)
                0x20011c04                _init
 *fill*         0x20011c06        0x2 
 .text._sbrk    0x20011c08       0x38 c:\Users\raifo\AppData\Roaming\Code\User\globalStorage\vexrobotics.vexcode\sdk\cpp\IQ2\IQ2_20231003_10_00_00/vexiq2\libviq2rt.a(iq2_startup.c.o)
                0x20011c08                _sbrk
 .text.__cxa_atexit
                0x20011c40        0x4 c:\Users\raifo\AppData\Roaming\Code\User\globalStorage\vexrobotics.vexcode\sdk\cpp\IQ2\IQ2_20231003_10_00_00/vexiq2\libviq2rt.a(iq2_startup.c.o)
                0x20011c40                __cxa_atexit
 .text.vexTaskAdd
                0x20011c44        0xc c:\Users\raifo\AppData\Roaming\Code\User\globalStorage\vexrobotics.vexcode\sdk\cpp\IQ2\IQ2_20231003_10_00_00/vexiq2\libviq2rt.a(iq2_apijump.c.o)
                0x20011c44                vexTaskAdd
 .text.vexTaskCheckTimeslice
                0x20011c50        0xc c:\Users\raifo\AppData\Roaming\Code\User\globalStorage\vexrobotics.vexcode\sdk\cpp\IQ2\IQ2_20231003_10_00_00/vexiq2\libviq2rt.a(iq2_apijump.c.o)
                0x20011c50                vexTaskCheckTimeslice
 .text.vexTaskSleep
                0x20011c5c        0xc c:\Users\raifo\AppData\Roaming\Code\User\globalStorage\vexrobotics.vexcode\sdk\cpp\IQ2\IQ2_20231003_10_00_00/vexiq2\libviq2rt.a(iq2_apijump.c.o)
                0x20011c5c                vexTaskSleep
 .text.vexTasksDump
                0x20011c68       0x18 c:\Users\raifo\AppData\Roaming\Code\User\globalStorage\vexrobotics.vexcode\sdk\cpp\IQ2\IQ2_20231003_10_00_00/vexiq2\libviq2rt.a(iq2_apijump.c.o)
                0x20011c68                vexTasksDump
 .text.vexTaskGetTaskIndex
                0x20011c80        0xc c:\Users\raifo\AppData\Roaming\Code\User\globalStorage\vexrobotics.vexcode\sdk\cpp\IQ2\IQ2_20231003_10_00_00/vexiq2\libviq2rt.a(iq2_apijump.c.o)
                0x20011c80                vexTaskGetTaskIndex
 .text.vexTaskCompletionIdSet
                0x20011c8c        0xc c:\Users\raifo\AppData\Roaming\Code\User\globalStorage\vexrobotics.vexcode\sdk\cpp\IQ2\IQ2_20231003_10_00_00/vexiq2\libviq2rt.a(iq2_apijump.c.o)
                0x20011c8c                vexTaskCompletionIdSet
 .text.vexDisplayContextSwitch
                0x20011c98        0xc c:\Users\raifo\AppData\Roaming\Code\User\globalStorage\vexrobotics.vexcode\sdk\cpp\IQ2\IQ2_20231003_10_00_00/vexiq2\libviq2rt.a(iq2_apijump.c.o)
                0x20011c98                vexDisplayContextSwitch
 .text.vexEventAdd
                0x20011ca4       0x24 c:\Users\raifo\AppData\Roaming\Code\User\globalStorage\vexrobotics.vexcode\sdk\cpp\IQ2\IQ2_20231003_10_00_00/vexiq2\libviq2rt.a(iq2_apijump.c.o)
                0x20011ca4                vexEventAdd
 .text.vexEventUserIndexGet
                0x20011cc8       0x18 c:\Users\raifo\AppData\Roaming\Code\User\globalStorage\vexrobotics.vexcode\sdk\cpp\IQ2\IQ2_20231003_10_00_00/vexiq2\libviq2rt.a(iq2_apijump.c.o)
                0x20011cc8                vexEventUserIndexGet
 .text.vexDebug
                0x20011ce0       0x2c c:\Users\raifo\AppData\Roaming\Code\User\globalStorage\vexrobotics.vexcode\sdk\cpp\IQ2\IQ2_20231003_10_00_00/vexiq2\libviq2rt.a(iq2_apijump.c.o)
                0x20011ce0                vexDebug
 .text.vex_vsnprintf
                0x20011d0c       0x2c c:\Users\raifo\AppData\Roaming\Code\User\globalStorage\vexrobotics.vexcode\sdk\cpp\IQ2\IQ2_20231003_10_00_00/vexiq2\libviq2rt.a(iq2_apijump.c.o)
                0x20011d0c                vex_vsnprintf
 .text.vexSystemTimeGet
                0x20011d38       0x18 c:\Users\raifo\AppData\Roaming\Code\User\globalStorage\vexrobotics.vexcode\sdk\cpp\IQ2\IQ2_20231003_10_00_00/vexiq2\libviq2rt.a(iq2_apijump.c.o)
                0x20011d38                vexSystemTimeGet
 .text._write_user
                0x20011d50       0x28 c:\Users\raifo\AppData\Roaming\Code\User\globalStorage\vexrobotics.vexcode\sdk\cpp\IQ2\IQ2_20231003_10_00_00/vexiq2\libviq2rt.a(iq2_apijump.c.o)
                0x20011d50                _write_user
 .text._read_user
                0x20011d78       0x28 c:\Users\raifo\AppData\Roaming\Code\User\globalStorage\vexrobotics.vexcode\sdk\cpp\IQ2\IQ2_20231003_10_00_00/vexiq2\libviq2rt.a(iq2_apijump.c.o)
                0x20011d78                _read_user
 .text._close_user
                0x20011da0       0x14 c:\Users\raifo\AppData\Roaming\Code\User\globalStorage\vexrobotics.vexcode\sdk\cpp\IQ2\IQ2_20231003_10_00_00/vexiq2\libviq2rt.a(iq2_apijump.c.o)
                0x20011da0                _close_user
 .text._lseek_user
                0x20011db4       0x28 c:\Users\raifo\AppData\Roaming\Code\User\globalStorage\vexrobotics.vexcode\sdk\cpp\IQ2\IQ2_20231003_10_00_00/vexiq2\libviq2rt.a(iq2_apijump.c.o)
                0x20011db4                _lseek_user
 .text._fstat_user
                0x20011ddc       0x1c c:\Users\raifo\AppData\Roaming\Code\User\globalStorage\vexrobotics.vexcode\sdk\cpp\IQ2\IQ2_20231003_10_00_00/vexiq2\libviq2rt.a(iq2_apijump.c.o)
                0x20011ddc                _fstat_user
 .text._isatty_user
                0x20011df8       0x18 c:\Users\raifo\AppData\Roaming\Code\User\globalStorage\vexrobotics.vexcode\sdk\cpp\IQ2\IQ2_20231003_10_00_00/vexiq2\libviq2rt.a(iq2_apijump.c.o)
                0x20011df8                _isatty_user
 .text.vexDeviceGetByIndex
                0x20011e10       0x1c c:\Users\raifo\AppData\Roaming\Code\User\globalStorage\vexrobotics.vexcode\sdk\cpp\IQ2\IQ2_20231003_10_00_00/vexiq2\libviq2rt.a(iq2_apijump.c.o)
                0x20011e10                vexDeviceGetByIndex
 .text.vexTouchledValueGet
                0x20011e2c       0x1c c:\Users\raifo\AppData\Roaming\Code\User\globalStorage\vexrobotics.vexcode\sdk\cpp\IQ2\IQ2_20231003_10_00_00/vexiq2\libviq2rt.a(iq2_apijump.c.o)
                0x20011e2c                vexTouchledValueGet
 .text.vexTouchledRgbSet
                0x20011e48       0x2c c:\Users\raifo\AppData\Roaming\Code\User\globalStorage\vexrobotics.vexcode\sdk\cpp\IQ2\IQ2_20231003_10_00_00/vexiq2\libviq2rt.a(iq2_apijump.c.o)
                0x20011e48                vexTouchledRgbSet
 .text.vexTouchledOn
                0x20011e74       0x1c c:\Users\raifo\AppData\Roaming\Code\User\globalStorage\vexrobotics.vexcode\sdk\cpp\IQ2\IQ2_20231003_10_00_00/vexiq2\libviq2rt.a(iq2_apijump.c.o)
                0x20011e74                vexTouchledOn
 .text.vexTouchledBrightnessSet
                0x20011e90       0x20 c:\Users\raifo\AppData\Roaming\Code\User\globalStorage\vexrobotics.vexcode\sdk\cpp\IQ2\IQ2_20231003_10_00_00/vexiq2\libviq2rt.a(iq2_apijump.c.o)
                0x20011e90                vexTouchledBrightnessSet
 .text.vexMotorVelocitySet
                0x20011eb0       0x20 c:\Users\raifo\AppData\Roaming\Code\User\globalStorage\vexrobotics.vexcode\sdk\cpp\IQ2\IQ2_20231003_10_00_00/vexiq2\libviq2rt.a(iq2_apijump.c.o)
                0x20011eb0                vexMotorVelocitySet
 .text.vexMotorActualVelocityGet
                0x20011ed0       0x1c c:\Users\raifo\AppData\Roaming\Code\User\globalStorage\vexrobotics.vexcode\sdk\cpp\IQ2\IQ2_20231003_10_00_00/vexiq2\libviq2rt.a(iq2_apijump.c.o)
                0x20011ed0                vexMotorActualVelocityGet
 .text.vexMotorReverseFlagSet
                0x20011eec       0x20 c:\Users\raifo\AppData\Roaming\Code\User\globalStorage\vexrobotics.vexcode\sdk\cpp\IQ2\IQ2_20231003_10_00_00/vexiq2\libviq2rt.a(iq2_apijump.c.o)
                0x20011eec                vexMotorReverseFlagSet
 .text.vexMotorBrakeModeSet
                0x20011f0c       0x20 c:\Users\raifo\AppData\Roaming\Code\User\globalStorage\vexrobotics.vexcode\sdk\cpp\IQ2\IQ2_20231003_10_00_00/vexiq2\libviq2rt.a(iq2_apijump.c.o)
                0x20011f0c                vexMotorBrakeModeSet
 .text.vexMotorPositionSet
                0x20011f2c       0x34 c:\Users\raifo\AppData\Roaming\Code\User\globalStorage\vexrobotics.vexcode\sdk\cpp\IQ2\IQ2_20231003_10_00_00/vexiq2\libviq2rt.a(iq2_apijump.c.o)
                0x20011f2c                vexMotorPositionSet
 .text.vexImuReset
                0x20011f60       0x1c c:\Users\raifo\AppData\Roaming\Code\User\globalStorage\vexrobotics.vexcode\sdk\cpp\IQ2\IQ2_20231003_10_00_00/vexiq2\libviq2rt.a(iq2_apijump.c.o)
                0x20011f60                vexImuReset
 .text.vexImuHeadingGet
                0x20011f7c       0x1c c:\Users\raifo\AppData\Roaming\Code\User\globalStorage\vexrobotics.vexcode\sdk\cpp\IQ2\IQ2_20231003_10_00_00/vexiq2\libviq2rt.a(iq2_apijump.c.o)
                0x20011f7c                vexImuHeadingGet
 .text.vexImuDegreesGet
                0x20011f98       0x1c c:\Users\raifo\AppData\Roaming\Code\User\globalStorage\vexrobotics.vexcode\sdk\cpp\IQ2\IQ2_20231003_10_00_00/vexiq2\libviq2rt.a(iq2_apijump.c.o)
                0x20011f98                vexImuDegreesGet
 .text.vexImuStatusGet
                0x20011fb4       0x1c c:\Users\raifo\AppData\Roaming\Code\User\globalStorage\vexrobotics.vexcode\sdk\cpp\IQ2\IQ2_20231003_10_00_00/vexiq2\libviq2rt.a(iq2_apijump.c.o)
                0x20011fb4                vexImuStatusGet
 .text.vexDistanceDistanceGet
                0x20011fd0       0x1c c:\Users\raifo\AppData\Roaming\Code\User\globalStorage\vexrobotics.vexcode\sdk\cpp\IQ2\IQ2_20231003_10_00_00/vexiq2\libviq2rt.a(iq2_apijump.c.o)
                0x20011fd0                vexDistanceDistanceGet
 .text.vexOpticalHueGet
                0x20011fec       0x1c c:\Users\raifo\AppData\Roaming\Code\User\globalStorage\vexrobotics.vexcode\sdk\cpp\IQ2\IQ2_20231003_10_00_00/vexiq2\libviq2rt.a(iq2_apijump.c.o)
                0x20011fec                vexOpticalHueGet
 .text.vexOpticalGestureEnable
                0x20012008       0x1c c:\Users\raifo\AppData\Roaming\Code\User\globalStorage\vexrobotics.vexcode\sdk\cpp\IQ2\IQ2_20231003_10_00_00/vexiq2\libviq2rt.a(iq2_apijump.c.o)
                0x20012008                vexOpticalGestureEnable
 .text.vexOpticalGestureDisable
                0x20012024       0x1c c:\Users\raifo\AppData\Roaming\Code\User\globalStorage\vexrobotics.vexcode\sdk\cpp\IQ2\IQ2_20231003_10_00_00/vexiq2\libviq2rt.a(iq2_apijump.c.o)
                0x20012024                vexOpticalGestureDisable
 .text.vexOpticalProximityThreshold
                0x20012040       0x20 c:\Users\raifo\AppData\Roaming\Code\User\globalStorage\vexrobotics.vexcode\sdk\cpp\IQ2\IQ2_20231003_10_00_00/vexiq2\libviq2rt.a(iq2_apijump.c.o)
                0x20012040                vexOpticalProximityThreshold
 .text.vexSoundPlay
                0x20012060       0x20 c:\Users\raifo\AppData\Roaming\Code\User\globalStorage\vexrobotics.vexcode\sdk\cpp\IQ2\IQ2_20231003_10_00_00/vexiq2\libviq2rt.a(iq2_apijump.c.o)
                0x20012060                vexSoundPlay
 .text.vexDisplayForegroundColor
                0x20012080       0x1c c:\Users\raifo\AppData\Roaming\Code\User\globalStorage\vexrobotics.vexcode\sdk\cpp\IQ2\IQ2_20231003_10_00_00/vexiq2\libviq2rt.a(iq2_apijump.c.o)
                0x20012080                vexDisplayForegroundColor
 .text.vexDisplayBackgroundColor
                0x2001209c       0x1c c:\Users\raifo\AppData\Roaming\Code\User\globalStorage\vexrobotics.vexcode\sdk\cpp\IQ2\IQ2_20231003_10_00_00/vexiq2\libviq2rt.a(iq2_apijump.c.o)
                0x2001209c                vexDisplayBackgroundColor
 .text.vexDisplayBackgroundColorGet
                0x200120b8       0x18 c:\Users\raifo\AppData\Roaming\Code\User\globalStorage\vexrobotics.vexcode\sdk\cpp\IQ2\IQ2_20231003_10_00_00/vexiq2\libviq2rt.a(iq2_apijump.c.o)
                0x200120b8                vexDisplayBackgroundColorGet
 .text.vexDisplayRectClear
                0x200120d0       0x34 c:\Users\raifo\AppData\Roaming\Code\User\globalStorage\vexrobotics.vexcode\sdk\cpp\IQ2\IQ2_20231003_10_00_00/vexiq2\libviq2rt.a(iq2_apijump.c.o)
                0x200120d0                vexDisplayRectClear
 .text.vexDisplayVPrintf
                0x20012104       0x38 c:\Users\raifo\AppData\Roaming\Code\User\globalStorage\vexrobotics.vexcode\sdk\cpp\IQ2\IQ2_20231003_10_00_00/vexiq2\libviq2rt.a(iq2_apijump.c.o)
                0x20012104                vexDisplayVPrintf
 .text.vexDisplayTextReference
                0x2001213c       0x1c c:\Users\raifo\AppData\Roaming\Code\User\globalStorage\vexrobotics.vexcode\sdk\cpp\IQ2\IQ2_20231003_10_00_00/vexiq2\libviq2rt.a(iq2_apijump.c.o)
                0x2001213c                vexDisplayTextReference
 .text.vexDisplayTextSize
                0x20012158       0x20 c:\Users\raifo\AppData\Roaming\Code\User\globalStorage\vexrobotics.vexcode\sdk\cpp\IQ2\IQ2_20231003_10_00_00/vexiq2\libviq2rt.a(iq2_apijump.c.o)
                0x20012158                vexDisplayTextSize
 .text.vexDisplayFontNamedSet
                0x20012178       0x1c c:\Users\raifo\AppData\Roaming\Code\User\globalStorage\vexrobotics.vexcode\sdk\cpp\IQ2\IQ2_20231003_10_00_00/vexiq2\libviq2rt.a(iq2_apijump.c.o)
                0x20012178                vexDisplayFontNamedSet
 .text.vexDisplayStringWidthGet
                0x20012194       0x1c c:\Users\raifo\AppData\Roaming\Code\User\globalStorage\vexrobotics.vexcode\sdk\cpp\IQ2\IQ2_20231003_10_00_00/vexiq2\libviq2rt.a(iq2_apijump.c.o)
                0x20012194                vexDisplayStringWidthGet
 .text.vexBatteryCapacityGet
                0x200121b0       0x18 c:\Users\raifo\AppData\Roaming\Code\User\globalStorage\vexrobotics.vexcode\sdk\cpp\IQ2\IQ2_20231003_10_00_00/vexiq2\libviq2rt.a(iq2_apijump.c.o)
                0x200121b0                vexBatteryCapacityGet
 .text._ZN3vex4waitEdNS_9timeUnitsE
                0x200121c8       0x3c c:\Users\raifo\AppData\Roaming\Code\User\globalStorage\vexrobotics.vexcode\sdk\cpp\IQ2\IQ2_20231003_10_00_00/vexiq2\libviq2rt.a(vex_global.cpp.o)
                0x200121c8                vex::wait(double, vex::timeUnits)
 .text._ZN3vex5colorD2Ev
                0x20012204        0x2 c:\Users\raifo\AppData\Roaming\Code\User\globalStorage\vexrobotics.vexcode\sdk\cpp\IQ2\IQ2_20231003_10_00_00/vexiq2\libviq2rt.a(vex_color.cpp.o)
                0x20012204                vex::color::~color()
                0x20012204                vex::color::~color()
 .text._ZNK3vex5colorcvmEv
                0x20012206        0x4 c:\Users\raifo\AppData\Roaming\Code\User\globalStorage\vexrobotics.vexcode\sdk\cpp\IQ2\IQ2_20231003_10_00_00/vexiq2\libviq2rt.a(vex_color.cpp.o)
                0x20012206                vex::color::operator unsigned long() const
 *fill*         0x2001220a        0x2 
 .text.startup._GLOBAL__sub_I__ZN3vex5color5blackE
                0x2001220c      0x18c c:\Users\raifo\AppData\Roaming\Code\User\globalStorage\vexrobotics.vexcode\sdk\cpp\IQ2\IQ2_20231003_10_00_00/vexiq2\libviq2rt.a(vex_color.cpp.o)
 .text._ZN3vex11this_thread9sleep_forEm
                0x20012398        0x4 c:\Users\raifo\AppData\Roaming\Code\User\globalStorage\vexrobotics.vexcode\sdk\cpp\IQ2\IQ2_20231003_10_00_00/vexiq2\libviq2rt.a(vex_thread.cpp.o)
                0x20012398                vex::this_thread::sleep_for(unsigned long)
 .text._ZN3vex5brainD2Ev
                0x2001239c        0xe c:\Users\raifo\AppData\Roaming\Code\User\globalStorage\vexrobotics.vexcode\sdk\cpp\IQ2\IQ2_20231003_10_00_00/vexiq2\libviq2rt.a(vex_brain.cpp.o)
                0x2001239c                vex::brain::~brain()
                0x2001239c                vex::brain::~brain()
 .text._ZN3vex5brain10resetTimerEv
                0x200123aa        0x6 c:\Users\raifo\AppData\Roaming\Code\User\globalStorage\vexrobotics.vexcode\sdk\cpp\IQ2\IQ2_20231003_10_00_00/vexiq2\libviq2rt.a(vex_brain.cpp.o)
                0x200123aa                vex::brain::resetTimer()
 .text._ZN3vex5brain3lcd9setCursorEll
                0x200123b0       0x40 c:\Users\raifo\AppData\Roaming\Code\User\globalStorage\vexrobotics.vexcode\sdk\cpp\IQ2\IQ2_20231003_10_00_00/vexiq2\libviq2rt.a(vex_brain.cpp.o)
                0x200123b0                vex::brain::lcd::setCursor(long, long)
 .text._ZN3vex5brain3lcd7setFontENS_8fontTypeE
                0x200123f0      0x144 c:\Users\raifo\AppData\Roaming\Code\User\globalStorage\vexrobotics.vexcode\sdk\cpp\IQ2\IQ2_20231003_10_00_00/vexiq2\libviq2rt.a(vex_brain.cpp.o)
                0x200123f0                vex::brain::lcd::setFont(vex::fontType)
 .text._ZN3vex5brain3lcdC2Ev
                0x20012534       0x34 c:\Users\raifo\AppData\Roaming\Code\User\globalStorage\vexrobotics.vexcode\sdk\cpp\IQ2\IQ2_20231003_10_00_00/vexiq2\libviq2rt.a(vex_brain.cpp.o)
                0x20012534                vex::brain::lcd::lcd()
                0x20012534                vex::brain::lcd::lcd()
 .text._ZN3vex5brainC2Ev
                0x20012568       0x32 c:\Users\raifo\AppData\Roaming\Code\User\globalStorage\vexrobotics.vexcode\sdk\cpp\IQ2\IQ2_20231003_10_00_00/vexiq2\libviq2rt.a(vex_brain.cpp.o)
                0x20012568                vex::brain::brain()
                0x20012568                vex::brain::brain()
 .text._ZN3vex5brain3lcd12_clearScreenEm
                0x2001259a       0x26 c:\Users\raifo\AppData\Roaming\Code\User\globalStorage\vexrobotics.vexcode\sdk\cpp\IQ2\IQ2_20231003_10_00_00/vexiq2\libviq2rt.a(vex_brain.cpp.o)
                0x2001259a                vex::brain::lcd::_clearScreen(unsigned long)
 .text._ZN3vex5brain3lcd11clearScreenERKNS_5colorE
                0x200125c0       0x16 c:\Users\raifo\AppData\Roaming\Code\User\globalStorage\vexrobotics.vexcode\sdk\cpp\IQ2\IQ2_20231003_10_00_00/vexiq2\libviq2rt.a(vex_brain.cpp.o)
                0x200125c0                vex::brain::lcd::clearScreen(vex::color const&)
 *fill*         0x200125d6        0x2 
 .text._ZN3vex5brain3lcd11clearScreenEv
                0x200125d8        0xc c:\Users\raifo\AppData\Roaming\Code\User\globalStorage\vexrobotics.vexcode\sdk\cpp\IQ2\IQ2_20231003_10_00_00/vexiq2\libviq2rt.a(vex_brain.cpp.o)
                0x200125d8                vex::brain::lcd::clearScreen()
 .text._ZN3vex5brain3lcd10rowToPixelEl
                0x200125e4       0x24 c:\Users\raifo\AppData\Roaming\Code\User\globalStorage\vexrobotics.vexcode\sdk\cpp\IQ2\IQ2_20231003_10_00_00/vexiq2\libviq2rt.a(vex_brain.cpp.o)
                0x200125e4                vex::brain::lcd::rowToPixel(long)
 .text._ZN3vex5brain3lcd9clearLineEv
                0x20012608       0x24 c:\Users\raifo\AppData\Roaming\Code\User\globalStorage\vexrobotics.vexcode\sdk\cpp\IQ2\IQ2_20231003_10_00_00/vexiq2\libviq2rt.a(vex_brain.cpp.o)
                0x20012608                vex::brain::lcd::clearLine()
 .text._ZN3vex5brain3lcd5printEPKcz
                0x2001262c       0x7e c:\Users\raifo\AppData\Roaming\Code\User\globalStorage\vexrobotics.vexcode\sdk\cpp\IQ2\IQ2_20231003_10_00_00/vexiq2\libviq2rt.a(vex_brain.cpp.o)
                0x2001262c                vex::brain::lcd::print(char const*, ...)
 .text._ZN3vex5brain7battery8capacityENS_12percentUnitsE
                0x200126aa       0x12 c:\Users\raifo\AppData\Roaming\Code\User\globalStorage\vexrobotics.vexcode\sdk\cpp\IQ2\IQ2_20231003_10_00_00/vexiq2\libviq2rt.a(vex_brain.cpp.o)
                0x200126aa                vex::brain::battery::capacity(vex::percentUnits)
 .text._ZN3vex5brain9playSoundENS_9soundTypeE
                0x200126bc       0x14 c:\Users\raifo\AppData\Roaming\Code\User\globalStorage\vexrobotics.vexcode\sdk\cpp\IQ2\IQ2_20231003_10_00_00/vexiq2\libviq2rt.a(vex_brain.cpp.o)
                0x200126bc                vex::brain::playSound(vex::soundType)
 .text._ZN3vex5timerD2Ev
                0x200126d0        0x2 c:\Users\raifo\AppData\Roaming\Code\User\globalStorage\vexrobotics.vexcode\sdk\cpp\IQ2\IQ2_20231003_10_00_00/vexiq2\libviq2rt.a(vex_timer.cpp.o)
                0x200126d0                vex::timer::~timer()
                0x200126d0                vex::timer::~timer()
 .text._ZN3vex5timer5clearEv
                0x200126d2       0x10 c:\Users\raifo\AppData\Roaming\Code\User\globalStorage\vexrobotics.vexcode\sdk\cpp\IQ2\IQ2_20231003_10_00_00/vexiq2\libviq2rt.a(vex_timer.cpp.o)
                0x200126d2                vex::timer::clear()
 .text._ZN3vex5timerC2Ev
                0x200126e2        0xc c:\Users\raifo\AppData\Roaming\Code\User\globalStorage\vexrobotics.vexcode\sdk\cpp\IQ2\IQ2_20231003_10_00_00/vexiq2\libviq2rt.a(vex_timer.cpp.o)
                0x200126e2                vex::timer::timer()
                0x200126e2                vex::timer::timer()
 .text._ZN3vex5timer5resetEv
                0x200126ee        0x4 c:\Users\raifo\AppData\Roaming\Code\User\globalStorage\vexrobotics.vexcode\sdk\cpp\IQ2\IQ2_20231003_10_00_00/vexiq2\libviq2rt.a(vex_timer.cpp.o)
                0x200126ee                vex::timer::reset()
 *fill*         0x200126f2        0x2 
 .text._ZNK3vex5timer4timeENS_9timeUnitsE
                0x200126f4       0x30 c:\Users\raifo\AppData\Roaming\Code\User\globalStorage\vexrobotics.vexcode\sdk\cpp\IQ2\IQ2_20231003_10_00_00/vexiq2\libviq2rt.a(vex_timer.cpp.o)
                0x200126f4                vex::timer::time(vex::timeUnits) const
 .text._ZNK3vex5timer5valueEv
                0x20012724        0x6 c:\Users\raifo\AppData\Roaming\Code\User\globalStorage\vexrobotics.vexcode\sdk\cpp\IQ2\IQ2_20231003_10_00_00/vexiq2\libviq2rt.a(vex_timer.cpp.o)
                0x20012724                vex::timer::value() const
 .text._ZN3vex5motor9installedEv
                0x2001272a        0xe c:\Users\raifo\AppData\Roaming\Code\User\globalStorage\vexrobotics.vexcode\sdk\cpp\IQ2\IQ2_20231003_10_00_00/vexiq2\libviq2rt.a(vex_motor.cpp.o)
                0x2001272a                vex::motor::installed()
 .text._ZN3vex5motorD2Ev
                0x20012738       0x14 c:\Users\raifo\AppData\Roaming\Code\User\globalStorage\vexrobotics.vexcode\sdk\cpp\IQ2\IQ2_20231003_10_00_00/vexiq2\libviq2rt.a(vex_motor.cpp.o)
                0x20012738                vex::motor::~motor()
                0x20012738                vex::motor::~motor()
 .text._ZN3vex5motor15defaultStoppingENS_9brakeTypeE
                0x2001274c       0x1a c:\Users\raifo\AppData\Roaming\Code\User\globalStorage\vexrobotics.vexcode\sdk\cpp\IQ2\IQ2_20231003_10_00_00/vexiq2\libviq2rt.a(vex_motor.cpp.o)
                0x2001274c                vex::motor::defaultStopping(vex::brakeType)
 *fill*         0x20012766        0x2 
 .text._ZN3vex5motorC2El
                0x20012768       0x60 c:\Users\raifo\AppData\Roaming\Code\User\globalStorage\vexrobotics.vexcode\sdk\cpp\IQ2\IQ2_20231003_10_00_00/vexiq2\libviq2rt.a(vex_motor.cpp.o)
                0x20012768                vex::motor::motor(long)
                0x20012768                vex::motor::motor(long)
 .text._ZN3vex5motorC2Elb
                0x200127c8       0x16 c:\Users\raifo\AppData\Roaming\Code\User\globalStorage\vexrobotics.vexcode\sdk\cpp\IQ2\IQ2_20231003_10_00_00/vexiq2\libviq2rt.a(vex_motor.cpp.o)
                0x200127c8                vex::motor::motor(long, bool)
                0x200127c8                vex::motor::motor(long, bool)
 .text._ZN3vex5motor4stopENS_9brakeTypeE
                0x200127de       0x1e c:\Users\raifo\AppData\Roaming\Code\User\globalStorage\vexrobotics.vexcode\sdk\cpp\IQ2\IQ2_20231003_10_00_00/vexiq2\libviq2rt.a(vex_motor.cpp.o)
                0x200127de                vex::motor::stop(vex::brakeType)
 .text._ZN3vex5motor4stopEv
                0x200127fc        0x6 c:\Users\raifo\AppData\Roaming\Code\User\globalStorage\vexrobotics.vexcode\sdk\cpp\IQ2\IQ2_20231003_10_00_00/vexiq2\libviq2rt.a(vex_motor.cpp.o)
                0x200127fc                vex::motor::stop()
 *fill*         0x20012802        0x6 
 .text._ZN3vex5motor16velocityToScaledEdNS_13velocityUnitsE
                0x20012808       0x70 c:\Users\raifo\AppData\Roaming\Code\User\globalStorage\vexrobotics.vexcode\sdk\cpp\IQ2\IQ2_20231003_10_00_00/vexiq2\libviq2rt.a(vex_motor.cpp.o)
                0x20012808                vex::motor::velocityToScaled(double, vex::velocityUnits)
 .text._ZN3vex5motor8velocityENS_13velocityUnitsE
                0x20012878       0x18 c:\Users\raifo\AppData\Roaming\Code\User\globalStorage\vexrobotics.vexcode\sdk\cpp\IQ2\IQ2_20231003_10_00_00/vexiq2\libviq2rt.a(vex_motor.cpp.o)
                0x20012878                vex::motor::velocity(vex::velocityUnits)
 .text._ZN3vex5motor5valueEv
                0x20012890       0x12 c:\Users\raifo\AppData\Roaming\Code\User\globalStorage\vexrobotics.vexcode\sdk\cpp\IQ2\IQ2_20231003_10_00_00/vexiq2\libviq2rt.a(vex_motor.cpp.o)
                0x20012890                vex::motor::value()
 *fill*         0x200128a2        0x6 
 .text._ZN3vex5motor16scaledToVelocityEdNS_13velocityUnitsE
                0x200128a8       0x74 c:\Users\raifo\AppData\Roaming\Code\User\globalStorage\vexrobotics.vexcode\sdk\cpp\IQ2\IQ2_20231003_10_00_00/vexiq2\libviq2rt.a(vex_motor.cpp.o)
                0x200128a8                vex::motor::scaledToVelocity(double, vex::velocityUnits)
 .text._ZN3vex5motor4spinENS_13directionTypeEdNS_13velocityUnitsE
                0x2001291c       0x32 c:\Users\raifo\AppData\Roaming\Code\User\globalStorage\vexrobotics.vexcode\sdk\cpp\IQ2\IQ2_20231003_10_00_00/vexiq2\libviq2rt.a(vex_motor.cpp.o)
                0x2001291c                vex::motor::spin(vex::directionType, double, vex::velocityUnits)
 .text._ZN3vex5motor4spinENS_13directionTypeE
                0x2001294e       0x1e c:\Users\raifo\AppData\Roaming\Code\User\globalStorage\vexrobotics.vexcode\sdk\cpp\IQ2\IQ2_20231003_10_00_00/vexiq2\libviq2rt.a(vex_motor.cpp.o)
                0x2001294e                vex::motor::spin(vex::directionType)
 .text._ZN3vex5motor11setVelocityEdNS_13velocityUnitsE
                0x2001296c       0x54 c:\Users\raifo\AppData\Roaming\Code\User\globalStorage\vexrobotics.vexcode\sdk\cpp\IQ2\IQ2_20231003_10_00_00/vexiq2\libviq2rt.a(vex_motor.cpp.o)
                0x2001296c                vex::motor::setVelocity(double, vex::velocityUnits)
 .text._ZN3vex8touchled9installedEv
                0x200129c0        0xe c:\Users\raifo\AppData\Roaming\Code\User\globalStorage\vexrobotics.vexcode\sdk\cpp\IQ2\IQ2_20231003_10_00_00/vexiq2\libviq2rt.a(vex_touchled.cpp.o)
                0x200129c0                vex::touchled::installed()
 *fill*         0x200129ce        0x2 
 .text._ZN3vex8touchledC2El
                0x200129d0       0x28 c:\Users\raifo\AppData\Roaming\Code\User\globalStorage\vexrobotics.vexcode\sdk\cpp\IQ2\IQ2_20231003_10_00_00/vexiq2\libviq2rt.a(vex_touchled.cpp.o)
                0x200129d0                vex::touchled::touchled(long)
                0x200129d0                vex::touchled::touchled(long)
 .text._ZN3vex8touchledD2Ev
                0x200129f8       0x14 c:\Users\raifo\AppData\Roaming\Code\User\globalStorage\vexrobotics.vexcode\sdk\cpp\IQ2\IQ2_20231003_10_00_00/vexiq2\libviq2rt.a(vex_touchled.cpp.o)
                0x200129f8                vex::touchled::~touchled()
                0x200129f8                vex::touchled::~touchled()
 .text._ZN3vex8touchled8pressingEv
                0x20012a0c       0x10 c:\Users\raifo\AppData\Roaming\Code\User\globalStorage\vexrobotics.vexcode\sdk\cpp\IQ2\IQ2_20231003_10_00_00/vexiq2\libviq2rt.a(vex_touchled.cpp.o)
                0x20012a0c                vex::touchled::pressing()
 .text._ZN3vex8touchled5valueEv
                0x20012a1c        0x8 c:\Users\raifo\AppData\Roaming\Code\User\globalStorage\vexrobotics.vexcode\sdk\cpp\IQ2\IQ2_20231003_10_00_00/vexiq2\libviq2rt.a(vex_touchled.cpp.o)
                0x20012a1c                vex::touchled::value()
 .text._ZN3vex8touchled7pressedEPFvvE
                0x20012a24        0xa c:\Users\raifo\AppData\Roaming\Code\User\globalStorage\vexrobotics.vexcode\sdk\cpp\IQ2\IQ2_20231003_10_00_00/vexiq2\libviq2rt.a(vex_touchled.cpp.o)
                0x20012a24                vex::touchled::pressed(void (*)())
 .text._ZN3vex8touchled14_setBrightnessEm
                0x20012a2e       0x22 c:\Users\raifo\AppData\Roaming\Code\User\globalStorage\vexrobotics.vexcode\sdk\cpp\IQ2\IQ2_20231003_10_00_00/vexiq2\libviq2rt.a(vex_touchled.cpp.o)
                0x20012a2e                vex::touchled::_setBrightness(unsigned long)
 .text._ZN3vex8touchled9_setColorEm
                0x20012a50       0x2c c:\Users\raifo\AppData\Roaming\Code\User\globalStorage\vexrobotics.vexcode\sdk\cpp\IQ2\IQ2_20231003_10_00_00/vexiq2\libviq2rt.a(vex_touchled.cpp.o)
                0x20012a50                vex::touchled::_setColor(unsigned long)
 .text._ZN3vex8touchled8setColorENS_9colorTypeE
                0x20012a7c       0x38 c:\Users\raifo\AppData\Roaming\Code\User\globalStorage\vexrobotics.vexcode\sdk\cpp\IQ2\IQ2_20231003_10_00_00/vexiq2\libviq2rt.a(vex_touchled.cpp.o)
                0x20012a7c                vex::touchled::setColor(vex::colorType)
 .text._ZN3vex8inertial11getTurnTypeEv
                0x20012ab4        0x4 c:\Users\raifo\AppData\Roaming\Code\User\globalStorage\vexrobotics.vexcode\sdk\cpp\IQ2\IQ2_20231003_10_00_00/vexiq2\libviq2rt.a(vex_imu.cpp.o)
                0x20012ab4                vex::inertial::getTurnType()
 .text._ZThn20_N3vex8inertial11getTurnTypeEv
                0x20012ab8        0x8 c:\Users\raifo\AppData\Roaming\Code\User\globalStorage\vexrobotics.vexcode\sdk\cpp\IQ2\IQ2_20231003_10_00_00/vexiq2\libviq2rt.a(vex_imu.cpp.o)
                0x20012ab8                non-virtual thunk to vex::inertial::getTurnType()
 .text._ZN3vex8inertial10setHeadingEdNS_13rotationUnitsE
                0x20012ac0       0x48 c:\Users\raifo\AppData\Roaming\Code\User\globalStorage\vexrobotics.vexcode\sdk\cpp\IQ2\IQ2_20231003_10_00_00/vexiq2\libviq2rt.a(vex_imu.cpp.o)
                0x20012ac0                vex::inertial::setHeading(double, vex::rotationUnits)
 .text._ZThn20_N3vex8inertial10setHeadingEdNS_13rotationUnitsE
                0x20012b08        0x8 c:\Users\raifo\AppData\Roaming\Code\User\globalStorage\vexrobotics.vexcode\sdk\cpp\IQ2\IQ2_20231003_10_00_00/vexiq2\libviq2rt.a(vex_imu.cpp.o)
                0x20012b08                non-virtual thunk to vex::inertial::setHeading(double, vex::rotationUnits)
 .text._ZN3vex8inertial11setRotationEdNS_13rotationUnitsE
                0x20012b10       0x48 c:\Users\raifo\AppData\Roaming\Code\User\globalStorage\vexrobotics.vexcode\sdk\cpp\IQ2\IQ2_20231003_10_00_00/vexiq2\libviq2rt.a(vex_imu.cpp.o)
                0x20012b10                vex::inertial::setRotation(double, vex::rotationUnits)
 .text._ZThn20_N3vex8inertial11setRotationEdNS_13rotationUnitsE
                0x20012b58        0x8 c:\Users\raifo\AppData\Roaming\Code\User\globalStorage\vexrobotics.vexcode\sdk\cpp\IQ2\IQ2_20231003_10_00_00/vexiq2\libviq2rt.a(vex_imu.cpp.o)
                0x20012b58                non-virtual thunk to vex::inertial::setRotation(double, vex::rotationUnits)
 .text._ZN3vex8inertialD2Ev
                0x20012b60       0x14 c:\Users\raifo\AppData\Roaming\Code\User\globalStorage\vexrobotics.vexcode\sdk\cpp\IQ2\IQ2_20231003_10_00_00/vexiq2\libviq2rt.a(vex_imu.cpp.o)
                0x20012b60                vex::inertial::~inertial()
                0x20012b60                vex::inertial::~inertial()
 .text._ZThn20_N3vex8inertialD1Ev
                0x20012b74        0x8 c:\Users\raifo\AppData\Roaming\Code\User\globalStorage\vexrobotics.vexcode\sdk\cpp\IQ2\IQ2_20231003_10_00_00/vexiq2\libviq2rt.a(vex_imu.cpp.o)
                0x20012b74                non-virtual thunk to vex::inertial::~inertial()
 .text._ZN3vex8inertialD0Ev
                0x20012b7c       0x12 c:\Users\raifo\AppData\Roaming\Code\User\globalStorage\vexrobotics.vexcode\sdk\cpp\IQ2\IQ2_20231003_10_00_00/vexiq2\libviq2rt.a(vex_imu.cpp.o)
                0x20012b7c                vex::inertial::~inertial()
 .text._ZThn20_N3vex8inertialD0Ev
                0x20012b8e        0x8 c:\Users\raifo\AppData\Roaming\Code\User\globalStorage\vexrobotics.vexcode\sdk\cpp\IQ2\IQ2_20231003_10_00_00/vexiq2\libviq2rt.a(vex_imu.cpp.o)
                0x20012b8e                non-virtual thunk to vex::inertial::~inertial()
 .text._ZN3vex8inertial9installedEv
                0x20012b96       0x10 c:\Users\raifo\AppData\Roaming\Code\User\globalStorage\vexrobotics.vexcode\sdk\cpp\IQ2\IQ2_20231003_10_00_00/vexiq2\libviq2rt.a(vex_imu.cpp.o)
                0x20012b96                vex::inertial::installed()
 *fill*         0x20012ba6        0x2 
 .text._ZN3vex8inertial5angleENS_13rotationUnitsE
                0x20012ba8       0x74 c:\Users\raifo\AppData\Roaming\Code\User\globalStorage\vexrobotics.vexcode\sdk\cpp\IQ2\IQ2_20231003_10_00_00/vexiq2\libviq2rt.a(vex_imu.cpp.o)
                0x20012ba8                vex::inertial::angle(vex::rotationUnits)
 .text._ZThn20_N3vex8inertial5angleENS_13rotationUnitsE
                0x20012c1c        0x8 c:\Users\raifo\AppData\Roaming\Code\User\globalStorage\vexrobotics.vexcode\sdk\cpp\IQ2\IQ2_20231003_10_00_00/vexiq2\libviq2rt.a(vex_imu.cpp.o)
                0x20012c1c                non-virtual thunk to vex::inertial::angle(vex::rotationUnits)
 .text._ZN3vex8inertial7headingENS_13rotationUnitsE
                0x20012c24        0x4 c:\Users\raifo\AppData\Roaming\Code\User\globalStorage\vexrobotics.vexcode\sdk\cpp\IQ2\IQ2_20231003_10_00_00/vexiq2\libviq2rt.a(vex_imu.cpp.o)
                0x20012c24                vex::inertial::heading(vex::rotationUnits)
 .text._ZThn20_N3vex8inertial7headingENS_13rotationUnitsE
                0x20012c28        0x8 c:\Users\raifo\AppData\Roaming\Code\User\globalStorage\vexrobotics.vexcode\sdk\cpp\IQ2\IQ2_20231003_10_00_00/vexiq2\libviq2rt.a(vex_imu.cpp.o)
                0x20012c28                non-virtual thunk to vex::inertial::heading(vex::rotationUnits)
 .text._ZN3vex8inertial5valueEv
                0x20012c30       0x12 c:\Users\raifo\AppData\Roaming\Code\User\globalStorage\vexrobotics.vexcode\sdk\cpp\IQ2\IQ2_20231003_10_00_00/vexiq2\libviq2rt.a(vex_imu.cpp.o)
                0x20012c30                vex::inertial::value()
 *fill*         0x20012c42        0x2 
 .text._ZN3vex8inertial8rotationENS_13rotationUnitsE
                0x20012c44       0x38 c:\Users\raifo\AppData\Roaming\Code\User\globalStorage\vexrobotics.vexcode\sdk\cpp\IQ2\IQ2_20231003_10_00_00/vexiq2\libviq2rt.a(vex_imu.cpp.o)
                0x20012c44                vex::inertial::rotation(vex::rotationUnits)
 .text._ZThn20_N3vex8inertial8rotationENS_13rotationUnitsE
                0x20012c7c        0x8 c:\Users\raifo\AppData\Roaming\Code\User\globalStorage\vexrobotics.vexcode\sdk\cpp\IQ2\IQ2_20231003_10_00_00/vexiq2\libviq2rt.a(vex_imu.cpp.o)
                0x20012c7c                non-virtual thunk to vex::inertial::rotation(vex::rotationUnits)
 .text._ZN3vex8inertial13isCalibratingEv
                0x20012c84       0x22 c:\Users\raifo\AppData\Roaming\Code\User\globalStorage\vexrobotics.vexcode\sdk\cpp\IQ2\IQ2_20231003_10_00_00/vexiq2\libviq2rt.a(vex_imu.cpp.o)
                0x20012c84                vex::inertial::isCalibrating()
 .text._ZThn20_N3vex8inertial13isCalibratingEv
                0x20012ca6        0x8 c:\Users\raifo\AppData\Roaming\Code\User\globalStorage\vexrobotics.vexcode\sdk\cpp\IQ2\IQ2_20231003_10_00_00/vexiq2\libviq2rt.a(vex_imu.cpp.o)
                0x20012ca6                non-virtual thunk to vex::inertial::isCalibrating()
 *fill*         0x20012cae        0x2 
 .text._ZN3vex8inertialC2ElNS_8turnTypeE
                0x20012cb0       0x30 c:\Users\raifo\AppData\Roaming\Code\User\globalStorage\vexrobotics.vexcode\sdk\cpp\IQ2\IQ2_20231003_10_00_00/vexiq2\libviq2rt.a(vex_imu.cpp.o)
                0x20012cb0                vex::inertial::inertial(long, vex::turnType)
                0x20012cb0                vex::inertial::inertial(long, vex::turnType)
 .text._ZN3vex8inertialC2ENS_8turnTypeE
                0x20012ce0       0x18 c:\Users\raifo\AppData\Roaming\Code\User\globalStorage\vexrobotics.vexcode\sdk\cpp\IQ2\IQ2_20231003_10_00_00/vexiq2\libviq2rt.a(vex_imu.cpp.o)
                0x20012ce0                vex::inertial::inertial(vex::turnType)
                0x20012ce0                vex::inertial::inertial(vex::turnType)
 .text._ZN3vex8inertial16startCalibrationEl
                0x20012cf8       0x16 c:\Users\raifo\AppData\Roaming\Code\User\globalStorage\vexrobotics.vexcode\sdk\cpp\IQ2\IQ2_20231003_10_00_00/vexiq2\libviq2rt.a(vex_imu.cpp.o)
                0x20012cf8                vex::inertial::startCalibration(long)
 .text._ZN3vex8inertial9calibrateEl
                0x20012d0e        0xa c:\Users\raifo\AppData\Roaming\Code\User\globalStorage\vexrobotics.vexcode\sdk\cpp\IQ2\IQ2_20231003_10_00_00/vexiq2\libviq2rt.a(vex_imu.cpp.o)
                0x20012d0e                vex::inertial::calibrate(long)
                0x20012d12                non-virtual thunk to vex::inertial::calibrate(long)
 .text._ZN3vex8distance9installedEv
                0x20012d18       0x10 c:\Users\raifo\AppData\Roaming\Code\User\globalStorage\vexrobotics.vexcode\sdk\cpp\IQ2\IQ2_20231003_10_00_00/vexiq2\libviq2rt.a(vex_distance.cpp.o)
                0x20012d18                vex::distance::installed()
 .text._ZN3vex8distance5valueEv
                0x20012d28        0x6 c:\Users\raifo\AppData\Roaming\Code\User\globalStorage\vexrobotics.vexcode\sdk\cpp\IQ2\IQ2_20231003_10_00_00/vexiq2\libviq2rt.a(vex_distance.cpp.o)
                0x20012d28                vex::distance::value()
 *fill*         0x20012d2e        0x2 
 .text._ZN3vex8distanceC2El
                0x20012d30       0x14 c:\Users\raifo\AppData\Roaming\Code\User\globalStorage\vexrobotics.vexcode\sdk\cpp\IQ2\IQ2_20231003_10_00_00/vexiq2\libviq2rt.a(vex_distance.cpp.o)
                0x20012d30                vex::distance::distance(long)
                0x20012d30                vex::distance::distance(long)
 .text._ZN3vex8distanceD2Ev
                0x20012d44       0x14 c:\Users\raifo\AppData\Roaming\Code\User\globalStorage\vexrobotics.vexcode\sdk\cpp\IQ2\IQ2_20231003_10_00_00/vexiq2\libviq2rt.a(vex_distance.cpp.o)
                0x20012d44                vex::distance::~distance()
                0x20012d44                vex::distance::~distance()
 .text._ZN3vex7optical9installedEv
                0x20012d58       0x10 c:\Users\raifo\AppData\Roaming\Code\User\globalStorage\vexrobotics.vexcode\sdk\cpp\IQ2\IQ2_20231003_10_00_00/vexiq2\libviq2rt.a(vex_optical.cpp.o)
                0x20012d58                vex::optical::installed()
 .text._ZN3vex7opticalD2Ev
                0x20012d68       0x14 c:\Users\raifo\AppData\Roaming\Code\User\globalStorage\vexrobotics.vexcode\sdk\cpp\IQ2\IQ2_20231003_10_00_00/vexiq2\libviq2rt.a(vex_optical.cpp.o)
                0x20012d68                vex::optical::~optical()
                0x20012d68                vex::optical::~optical()
 .text._ZN3vex7optical3hueEv
                0x20012d7c        0x6 c:\Users\raifo\AppData\Roaming\Code\User\globalStorage\vexrobotics.vexcode\sdk\cpp\IQ2\IQ2_20231003_10_00_00/vexiq2\libviq2rt.a(vex_optical.cpp.o)
                0x20012d7c                vex::optical::hue()
 .text._ZN3vex7optical5valueEv
                0x20012d82       0x10 c:\Users\raifo\AppData\Roaming\Code\User\globalStorage\vexrobotics.vexcode\sdk\cpp\IQ2\IQ2_20231003_10_00_00/vexiq2\libviq2rt.a(vex_optical.cpp.o)
                0x20012d82                vex::optical::value()
 .text._ZN3vex7optical13gestureEnableEv
                0x20012d92        0x6 c:\Users\raifo\AppData\Roaming\Code\User\globalStorage\vexrobotics.vexcode\sdk\cpp\IQ2\IQ2_20231003_10_00_00/vexiq2\libviq2rt.a(vex_optical.cpp.o)
                0x20012d92                vex::optical::gestureEnable()
 .text._ZN3vex7optical14gestureDisableEv
                0x20012d98        0x6 c:\Users\raifo\AppData\Roaming\Code\User\globalStorage\vexrobotics.vexcode\sdk\cpp\IQ2\IQ2_20231003_10_00_00/vexiq2\libviq2rt.a(vex_optical.cpp.o)
                0x20012d98                vex::optical::gestureDisable()
 *fill*         0x20012d9e        0x2 
 .text._ZN3vex7opticalC2Elb
                0x20012da0       0x34 c:\Users\raifo\AppData\Roaming\Code\User\globalStorage\vexrobotics.vexcode\sdk\cpp\IQ2\IQ2_20231003_10_00_00/vexiq2\libviq2rt.a(vex_optical.cpp.o)
                0x20012da0                vex::optical::optical(long, bool)
                0x20012da0                vex::optical::optical(long, bool)
 .text._ZN3vex5event4initEmmPFvvE
                0x20012dd4        0x4 c:\Users\raifo\AppData\Roaming\Code\User\globalStorage\vexrobotics.vexcode\sdk\cpp\IQ2\IQ2_20231003_10_00_00/vexiq2\libviq2rt.a(vex_event.cpp.o)
                0x20012dd4                vex::event::init(unsigned long, unsigned long, void (*)())
 .text._ZN3vex5event9userindexEv
                0x20012dd8        0x4 c:\Users\raifo\AppData\Roaming\Code\User\globalStorage\vexrobotics.vexcode\sdk\cpp\IQ2\IQ2_20231003_10_00_00/vexiq2\libviq2rt.a(vex_event.cpp.o)
                0x20012dd8                vex::event::userindex()
 .text._ZN3vex6device5valueEv
                0x20012ddc        0x4 c:\Users\raifo\AppData\Roaming\Code\User\globalStorage\vexrobotics.vexcode\sdk\cpp\IQ2\IQ2_20231003_10_00_00/vexiq2\libviq2rt.a(vex_device.cpp.o)
                0x20012ddc                vex::device::value()
 .text._ZN3vex6deviceD2Ev
                0x20012de0        0x2 c:\Users\raifo\AppData\Roaming\Code\User\globalStorage\vexrobotics.vexcode\sdk\cpp\IQ2\IQ2_20231003_10_00_00/vexiq2\libviq2rt.a(vex_device.cpp.o)
                0x20012de0                vex::device::~device()
                0x20012de0                vex::device::~device()
 .text._ZN3vex6device4initEl
                0x20012de2       0x22 c:\Users\raifo\AppData\Roaming\Code\User\globalStorage\vexrobotics.vexcode\sdk\cpp\IQ2\IQ2_20231003_10_00_00/vexiq2\libviq2rt.a(vex_device.cpp.o)
                0x20012de2                vex::device::init(long)
 .text._ZN3vex6deviceC2El
                0x20012e04       0x14 c:\Users\raifo\AppData\Roaming\Code\User\globalStorage\vexrobotics.vexcode\sdk\cpp\IQ2\IQ2_20231003_10_00_00/vexiq2\libviq2rt.a(vex_device.cpp.o)
                0x20012e04                vex::device::device(long)
                0x20012e04                vex::device::device(long)
 .text._ZN3vex6device4typeEv
                0x20012e18        0x8 c:\Users\raifo\AppData\Roaming\Code\User\globalStorage\vexrobotics.vexcode\sdk\cpp\IQ2\IQ2_20231003_10_00_00/vexiq2\libviq2rt.a(vex_device.cpp.o)
                0x20012e18                vex::device::type()
 .text._ZN3vex6device9installedEv
                0x20012e20        0xe c:\Users\raifo\AppData\Roaming\Code\User\globalStorage\vexrobotics.vexcode\sdk\cpp\IQ2\IQ2_20231003_10_00_00/vexiq2\libviq2rt.a(vex_device.cpp.o)
                0x20012e20                vex::device::installed()
 .text.__aeabi_atexit
                0x20012e2e        0xa c:\Users\raifo\AppData\Roaming\Code\User\globalStorage\vexrobotics.vexcode\sdk\cpp\IQ2\IQ2_20231003_10_00_00/vexiq2/gcc/libs\libc_nano.a(lib_a-aeabi_atexit.o)
                0x20012e2e                __aeabi_atexit
 .text.__aeabi_memclr
                0x20012e38        0x6 c:\Users\raifo\AppData\Roaming\Code\User\globalStorage\vexrobotics.vexcode\sdk\cpp\IQ2\IQ2_20231003_10_00_00/vexiq2/gcc/libs\libc_nano.a(lib_a-aeabi_memclr.o)
                0x20012e38                __aeabi_memclr
                0x20012e38                __aeabi_memclr4
                0x20012e38                __aeabi_memclr8
 .text.__aeabi_memcpy
                0x20012e3e        0x4 c:\Users\raifo\AppData\Roaming\Code\User\globalStorage\vexrobotics.vexcode\sdk\cpp\IQ2\IQ2_20231003_10_00_00/vexiq2/gcc/libs\libc_nano.a(lib_a-aeabi_memcpy.o)
                0x20012e3e                __aeabi_memcpy4
                0x20012e3e                __aeabi_memcpy8
                0x20012e3e                __aeabi_memcpy
 *fill*         0x20012e42        0x2 
 .text.__sflush_r
                0x20012e44      0x10c c:\Users\raifo\AppData\Roaming\Code\User\globalStorage\vexrobotics.vexcode\sdk\cpp\IQ2\IQ2_20231003_10_00_00/vexiq2/gcc/libs\libc_nano.a(lib_a-fflush.o)
                0x20012e44                __sflush_r
 .text._fflush_r
                0x20012f50       0x54 c:\Users\raifo\AppData\Roaming\Code\User\globalStorage\vexrobotics.vexcode\sdk\cpp\IQ2\IQ2_20231003_10_00_00/vexiq2/gcc/libs\libc_nano.a(lib_a-fflush.o)
                0x20012f50                _fflush_r
 .text.std      0x20012fa4       0x48 c:\Users\raifo\AppData\Roaming\Code\User\globalStorage\vexrobotics.vexcode\sdk\cpp\IQ2\IQ2_20231003_10_00_00/vexiq2/gcc/libs\libc_nano.a(lib_a-findfp.o)
 .text._cleanup_r
                0x20012fec        0xc c:\Users\raifo\AppData\Roaming\Code\User\globalStorage\vexrobotics.vexcode\sdk\cpp\IQ2\IQ2_20231003_10_00_00/vexiq2/gcc/libs\libc_nano.a(lib_a-findfp.o)
                0x20012fec                _cleanup_r
 .text.__sfmoreglue
                0x20012ff8       0x2c c:\Users\raifo\AppData\Roaming\Code\User\globalStorage\vexrobotics.vexcode\sdk\cpp\IQ2\IQ2_20231003_10_00_00/vexiq2/gcc/libs\libc_nano.a(lib_a-findfp.o)
                0x20012ff8                __sfmoreglue
 .text.__sinit  0x20013024       0x60 c:\Users\raifo\AppData\Roaming\Code\User\globalStorage\vexrobotics.vexcode\sdk\cpp\IQ2\IQ2_20231003_10_00_00/vexiq2/gcc/libs\libc_nano.a(lib_a-findfp.o)
                0x20013024                __sinit
 .text.__sfp    0x20013084       0x78 c:\Users\raifo\AppData\Roaming\Code\User\globalStorage\vexrobotics.vexcode\sdk\cpp\IQ2\IQ2_20231003_10_00_00/vexiq2/gcc/libs\libc_nano.a(lib_a-findfp.o)
                0x20013084                __sfp
 .text._fwalk_reent
                0x200130fc       0x3c c:\Users\raifo\AppData\Roaming\Code\User\globalStorage\vexrobotics.vexcode\sdk\cpp\IQ2\IQ2_20231003_10_00_00/vexiq2/gcc/libs\libc_nano.a(lib_a-fwalk.o)
                0x200130fc                _fwalk_reent
 .text.__libc_init_array
                0x20013138       0x48 c:\Users\raifo\AppData\Roaming\Code\User\globalStorage\vexrobotics.vexcode\sdk\cpp\IQ2\IQ2_20231003_10_00_00/vexiq2/gcc/libs\libc_nano.a(lib_a-init.o)
                0x20013138                __libc_init_array
 .text.__swhatbuf_r
                0x20013180       0x48 c:\Users\raifo\AppData\Roaming\Code\User\globalStorage\vexrobotics.vexcode\sdk\cpp\IQ2\IQ2_20231003_10_00_00/vexiq2/gcc/libs\libc_nano.a(lib_a-makebuf.o)
                0x20013180                __swhatbuf_r
 .text.__smakebuf_r
                0x200131c8       0x80 c:\Users\raifo\AppData\Roaming\Code\User\globalStorage\vexrobotics.vexcode\sdk\cpp\IQ2\IQ2_20231003_10_00_00/vexiq2/gcc/libs\libc_nano.a(lib_a-makebuf.o)
                0x200131c8                __smakebuf_r
 .text.memcpy   0x20013248       0x16 c:\Users\raifo\AppData\Roaming\Code\User\globalStorage\vexrobotics.vexcode\sdk\cpp\IQ2\IQ2_20231003_10_00_00/vexiq2/gcc/libs\libc_nano.a(lib_a-memcpy-stub.o)
                0x20013248                memcpy
 .text.memset   0x2001325e       0x10 c:\Users\raifo\AppData\Roaming\Code\User\globalStorage\vexrobotics.vexcode\sdk\cpp\IQ2\IQ2_20231003_10_00_00/vexiq2/gcc/libs\libc_nano.a(lib_a-memset.o)
                0x2001325e                memset
 *fill*         0x2001326e        0x2 
 .text._free_r  0x20013270       0x9c c:\Users\raifo\AppData\Roaming\Code\User\globalStorage\vexrobotics.vexcode\sdk\cpp\IQ2\IQ2_20231003_10_00_00/vexiq2/gcc/libs\libc_nano.a(lib_a-nano-freer.o)
                0x20013270                _free_r
 .text._malloc_r
                0x2001330c       0xb4 c:\Users\raifo\AppData\Roaming\Code\User\globalStorage\vexrobotics.vexcode\sdk\cpp\IQ2\IQ2_20231003_10_00_00/vexiq2/gcc/libs\libc_nano.a(lib_a-nano-mallocr.o)
                0x2001330c                _malloc_r
 .text.__cvt    0x200133c0       0xc2 c:\Users\raifo\AppData\Roaming\Code\User\globalStorage\vexrobotics.vexcode\sdk\cpp\IQ2\IQ2_20231003_10_00_00/vexiq2/gcc/libs\libc_nano.a(lib_a-nano-vfprintf_float.o)
                0x200133c0                __cvt
 .text.__exponent
                0x20013482       0x66 c:\Users\raifo\AppData\Roaming\Code\User\globalStorage\vexrobotics.vexcode\sdk\cpp\IQ2\IQ2_20231003_10_00_00/vexiq2/gcc/libs\libc_nano.a(lib_a-nano-vfprintf_float.o)
                0x20013482                __exponent
 .text._printf_float
                0x200134e8      0x480 c:\Users\raifo\AppData\Roaming\Code\User\globalStorage\vexrobotics.vexcode\sdk\cpp\IQ2\IQ2_20231003_10_00_00/vexiq2/gcc/libs\libc_nano.a(lib_a-nano-vfprintf_float.o)
                0x200134e8                _printf_float
 .text._printf_common
                0x20013968       0xea c:\Users\raifo\AppData\Roaming\Code\User\globalStorage\vexrobotics.vexcode\sdk\cpp\IQ2\IQ2_20231003_10_00_00/vexiq2/gcc/libs\libc_nano.a(lib_a-nano-vfprintf_i.o)
                0x20013968                _printf_common
 *fill*         0x20013a52        0x2 
 .text._printf_i
                0x20013a54      0x224 c:\Users\raifo\AppData\Roaming\Code\User\globalStorage\vexrobotics.vexcode\sdk\cpp\IQ2\IQ2_20231003_10_00_00/vexiq2/gcc/libs\libc_nano.a(lib_a-nano-vfprintf_i.o)
                0x20013a54                _printf_i
 .text.printf   0x20013c78       0x30 c:\Users\raifo\AppData\Roaming\Code\User\globalStorage\vexrobotics.vexcode\sdk\cpp\IQ2\IQ2_20231003_10_00_00/vexiq2/gcc/libs\libc_nano.a(lib_a-printf.o)
                0x20013c78                iprintf
                0x20013c78                printf
 .text._puts_r  0x20013ca8       0xb8 c:\Users\raifo\AppData\Roaming\Code\User\globalStorage\vexrobotics.vexcode\sdk\cpp\IQ2\IQ2_20231003_10_00_00/vexiq2/gcc/libs\libc_nano.a(lib_a-puts.o)
                0x20013ca8                _puts_r
 .text.puts     0x20013d60       0x10 c:\Users\raifo\AppData\Roaming\Code\User\globalStorage\vexrobotics.vexcode\sdk\cpp\IQ2\IQ2_20231003_10_00_00/vexiq2/gcc/libs\libc_nano.a(lib_a-puts.o)
                0x20013d60                puts
 .text._sbrk_r  0x20013d70       0x20 c:\Users\raifo\AppData\Roaming\Code\User\globalStorage\vexrobotics.vexcode\sdk\cpp\IQ2\IQ2_20231003_10_00_00/vexiq2/gcc/libs\libc_nano.a(lib_a-sbrkr.o)
                0x20013d70                _sbrk_r
 .text.__sread  0x20013d90       0x22 c:\Users\raifo\AppData\Roaming\Code\User\globalStorage\vexrobotics.vexcode\sdk\cpp\IQ2\IQ2_20231003_10_00_00/vexiq2/gcc/libs\libc_nano.a(lib_a-stdio.o)
                0x20013d90                __sread
 .text.__swrite
                0x20013db2       0x38 c:\Users\raifo\AppData\Roaming\Code\User\globalStorage\vexrobotics.vexcode\sdk\cpp\IQ2\IQ2_20231003_10_00_00/vexiq2/gcc/libs\libc_nano.a(lib_a-stdio.o)
                0x20013db2                __swrite
 .text.__sseek  0x20013dea       0x24 c:\Users\raifo\AppData\Roaming\Code\User\globalStorage\vexrobotics.vexcode\sdk\cpp\IQ2\IQ2_20231003_10_00_00/vexiq2/gcc/libs\libc_nano.a(lib_a-stdio.o)
                0x20013dea                __sseek
 .text.__sclose
                0x20013e0e        0x8 c:\Users\raifo\AppData\Roaming\Code\User\globalStorage\vexrobotics.vexcode\sdk\cpp\IQ2\IQ2_20231003_10_00_00/vexiq2/gcc/libs\libc_nano.a(lib_a-stdio.o)
                0x20013e0e                __sclose
 *fill*         0x20013e16        0x2 
 .text.__swbuf_r
                0x20013e18       0xa4 c:\Users\raifo\AppData\Roaming\Code\User\globalStorage\vexrobotics.vexcode\sdk\cpp\IQ2\IQ2_20231003_10_00_00/vexiq2/gcc/libs\libc_nano.a(lib_a-wbuf.o)
                0x20013e18                __swbuf_r
 .text._write_r
                0x20013ebc       0x24 c:\Users\raifo\AppData\Roaming\Code\User\globalStorage\vexrobotics.vexcode\sdk\cpp\IQ2\IQ2_20231003_10_00_00/vexiq2/gcc/libs\libc_nano.a(lib_a-writer.o)
                0x20013ebc                _write_r
 .text.__swsetup_r
                0x20013ee0       0xdc c:\Users\raifo\AppData\Roaming\Code\User\globalStorage\vexrobotics.vexcode\sdk\cpp\IQ2\IQ2_20231003_10_00_00/vexiq2/gcc/libs\libc_nano.a(lib_a-wsetup.o)
                0x20013ee0                __swsetup_r
 .text._close_r
                0x20013fbc       0x20 c:\Users\raifo\AppData\Roaming\Code\User\globalStorage\vexrobotics.vexcode\sdk\cpp\IQ2\IQ2_20231003_10_00_00/vexiq2/gcc/libs\libc_nano.a(lib_a-closer.o)
                0x20013fbc                _close_r
 .text.quorem   0x20013fdc      0x118 c:\Users\raifo\AppData\Roaming\Code\User\globalStorage\vexrobotics.vexcode\sdk\cpp\IQ2\IQ2_20231003_10_00_00/vexiq2/gcc/libs\libc_nano.a(lib_a-dtoa.o)
 *fill*         0x200140f4        0x4 
 .text._dtoa_r  0x200140f8      0xb70 c:\Users\raifo\AppData\Roaming\Code\User\globalStorage\vexrobotics.vexcode\sdk\cpp\IQ2\IQ2_20231003_10_00_00/vexiq2/gcc/libs\libc_nano.a(lib_a-dtoa.o)
                0x200140f8                _dtoa_r
 .text._fstat_r
                0x20014c68       0x24 c:\Users\raifo\AppData\Roaming\Code\User\globalStorage\vexrobotics.vexcode\sdk\cpp\IQ2\IQ2_20231003_10_00_00/vexiq2/gcc/libs\libc_nano.a(lib_a-fstatr.o)
                0x20014c68                _fstat_r
 .text._isatty_r
                0x20014c8c       0x20 c:\Users\raifo\AppData\Roaming\Code\User\globalStorage\vexrobotics.vexcode\sdk\cpp\IQ2\IQ2_20231003_10_00_00/vexiq2/gcc/libs\libc_nano.a(lib_a-isattyr.o)
                0x20014c8c                _isatty_r
 .text._localeconv_r
                0x20014cac       0x1c c:\Users\raifo\AppData\Roaming\Code\User\globalStorage\vexrobotics.vexcode\sdk\cpp\IQ2\IQ2_20231003_10_00_00/vexiq2/gcc/libs\libc_nano.a(lib_a-localeconv.o)
                0x20014cac                _localeconv_r
 .text._lseek_r
                0x20014cc8       0x24 c:\Users\raifo\AppData\Roaming\Code\User\globalStorage\vexrobotics.vexcode\sdk\cpp\IQ2\IQ2_20231003_10_00_00/vexiq2/gcc/libs\libc_nano.a(lib_a-lseekr.o)
                0x20014cc8                _lseek_r
 .text.malloc   0x20014cec       0x10 c:\Users\raifo\AppData\Roaming\Code\User\globalStorage\vexrobotics.vexcode\sdk\cpp\IQ2\IQ2_20231003_10_00_00/vexiq2/gcc/libs\libc_nano.a(lib_a-malloc.o)
                0x20014cec                malloc
 .text.free     0x20014cfc       0x10 c:\Users\raifo\AppData\Roaming\Code\User\globalStorage\vexrobotics.vexcode\sdk\cpp\IQ2\IQ2_20231003_10_00_00/vexiq2/gcc/libs\libc_nano.a(lib_a-malloc.o)
                0x20014cfc                free
 .text.__ascii_mbtowc
                0x20014d0c       0x24 c:\Users\raifo\AppData\Roaming\Code\User\globalStorage\vexrobotics.vexcode\sdk\cpp\IQ2\IQ2_20231003_10_00_00/vexiq2/gcc/libs\libc_nano.a(lib_a-mbtowc_r.o)
                0x20014d0c                __ascii_mbtowc
 .text.__malloc_lock
                0x20014d30        0x2 c:\Users\raifo\AppData\Roaming\Code\User\globalStorage\vexrobotics.vexcode\sdk\cpp\IQ2\IQ2_20231003_10_00_00/vexiq2/gcc/libs\libc_nano.a(lib_a-mlock.o)
                0x20014d30                __malloc_lock
 .text.__malloc_unlock
                0x20014d32        0x2 c:\Users\raifo\AppData\Roaming\Code\User\globalStorage\vexrobotics.vexcode\sdk\cpp\IQ2\IQ2_20231003_10_00_00/vexiq2/gcc/libs\libc_nano.a(lib_a-mlock.o)
                0x20014d32                __malloc_unlock
 .text._Balloc  0x20014d34       0x68 c:\Users\raifo\AppData\Roaming\Code\User\globalStorage\vexrobotics.vexcode\sdk\cpp\IQ2\IQ2_20231003_10_00_00/vexiq2/gcc/libs\libc_nano.a(lib_a-mprec.o)
                0x20014d34                _Balloc
 .text._Bfree   0x20014d9c       0x2e c:\Users\raifo\AppData\Roaming\Code\User\globalStorage\vexrobotics.vexcode\sdk\cpp\IQ2\IQ2_20231003_10_00_00/vexiq2/gcc/libs\libc_nano.a(lib_a-mprec.o)
                0x20014d9c                _Bfree
 .text.__multadd
                0x20014dca       0x76 c:\Users\raifo\AppData\Roaming\Code\User\globalStorage\vexrobotics.vexcode\sdk\cpp\IQ2\IQ2_20231003_10_00_00/vexiq2/gcc/libs\libc_nano.a(lib_a-mprec.o)
                0x20014dca                __multadd
 .text.__hi0bits
                0x20014e40       0x3e c:\Users\raifo\AppData\Roaming\Code\User\globalStorage\vexrobotics.vexcode\sdk\cpp\IQ2\IQ2_20231003_10_00_00/vexiq2/gcc/libs\libc_nano.a(lib_a-mprec.o)
                0x20014e40                __hi0bits
 .text.__lo0bits
                0x20014e7e       0x5e c:\Users\raifo\AppData\Roaming\Code\User\globalStorage\vexrobotics.vexcode\sdk\cpp\IQ2\IQ2_20231003_10_00_00/vexiq2/gcc/libs\libc_nano.a(lib_a-mprec.o)
                0x20014e7e                __lo0bits
 .text.__i2b    0x20014edc       0x12 c:\Users\raifo\AppData\Roaming\Code\User\globalStorage\vexrobotics.vexcode\sdk\cpp\IQ2\IQ2_20231003_10_00_00/vexiq2/gcc/libs\libc_nano.a(lib_a-mprec.o)
                0x20014edc                __i2b
 .text.__multiply
                0x20014eee      0x12c c:\Users\raifo\AppData\Roaming\Code\User\globalStorage\vexrobotics.vexcode\sdk\cpp\IQ2\IQ2_20231003_10_00_00/vexiq2/gcc/libs\libc_nano.a(lib_a-mprec.o)
                0x20014eee                __multiply
 *fill*         0x2001501a        0x2 
 .text.__pow5mult
                0x2001501c       0x9c c:\Users\raifo\AppData\Roaming\Code\User\globalStorage\vexrobotics.vexcode\sdk\cpp\IQ2\IQ2_20231003_10_00_00/vexiq2/gcc/libs\libc_nano.a(lib_a-mprec.o)
                0x2001501c                __pow5mult
 .text.__lshift
                0x200150b8       0xa8 c:\Users\raifo\AppData\Roaming\Code\User\globalStorage\vexrobotics.vexcode\sdk\cpp\IQ2\IQ2_20231003_10_00_00/vexiq2/gcc/libs\libc_nano.a(lib_a-mprec.o)
                0x200150b8                __lshift
 .text.__mcmp   0x20015160       0x34 c:\Users\raifo\AppData\Roaming\Code\User\globalStorage\vexrobotics.vexcode\sdk\cpp\IQ2\IQ2_20231003_10_00_00/vexiq2/gcc/libs\libc_nano.a(lib_a-mprec.o)
                0x20015160                __mcmp
 .text.__mdiff  0x20015194       0xba c:\Users\raifo\AppData\Roaming\Code\User\globalStorage\vexrobotics.vexcode\sdk\cpp\IQ2\IQ2_20231003_10_00_00/vexiq2/gcc/libs\libc_nano.a(lib_a-mprec.o)
                0x20015194                __mdiff
 .text.__d2b    0x2001524e       0x9e c:\Users\raifo\AppData\Roaming\Code\User\globalStorage\vexrobotics.vexcode\sdk\cpp\IQ2\IQ2_20231003_10_00_00/vexiq2/gcc/libs\libc_nano.a(lib_a-mprec.o)
                0x2001524e                __d2b
 .text._calloc_r
                0x200152ec       0x1c c:\Users\raifo\AppData\Roaming\Code\User\globalStorage\vexrobotics.vexcode\sdk\cpp\IQ2\IQ2_20231003_10_00_00/vexiq2/gcc/libs\libc_nano.a(lib_a-nano-callocr.o)
                0x200152ec                _calloc_r
 .text.__sfputc_r
                0x20015308       0x2e c:\Users\raifo\AppData\Roaming\Code\User\globalStorage\vexrobotics.vexcode\sdk\cpp\IQ2\IQ2_20231003_10_00_00/vexiq2/gcc/libs\libc_nano.a(lib_a-nano-vfprintf.o)
 .text.__sfputs_r
                0x20015336       0x24 c:\Users\raifo\AppData\Roaming\Code\User\globalStorage\vexrobotics.vexcode\sdk\cpp\IQ2\IQ2_20231003_10_00_00/vexiq2/gcc/libs\libc_nano.a(lib_a-nano-vfprintf.o)
                0x20015336                __sfputs_r
 *fill*         0x2001535a        0x2 
 .text._vfprintf_r
                0x2001535c      0x22c c:\Users\raifo\AppData\Roaming\Code\User\globalStorage\vexrobotics.vexcode\sdk\cpp\IQ2\IQ2_20231003_10_00_00/vexiq2/gcc/libs\libc_nano.a(lib_a-nano-vfprintf.o)
                0x2001535c                _vfprintf_r
                0x2001535c                _vfiprintf_r
 .text._read_r  0x20015588       0x24 c:\Users\raifo\AppData\Roaming\Code\User\globalStorage\vexrobotics.vexcode\sdk\cpp\IQ2\IQ2_20231003_10_00_00/vexiq2/gcc/libs\libc_nano.a(lib_a-readr.o)
                0x20015588                _read_r
 .text.__ascii_wctomb
                0x200155ac       0x1a c:\Users\raifo\AppData\Roaming\Code\User\globalStorage\vexrobotics.vexcode\sdk\cpp\IQ2\IQ2_20231003_10_00_00/vexiq2/gcc/libs\libc_nano.a(lib_a-wctomb_r.o)
                0x200155ac                __ascii_wctomb
 .text._ZdlPv   0x200155c6        0x4 c:\Users\raifo\AppData\Roaming\Code\User\globalStorage\vexrobotics.vexcode\sdk\cpp\IQ2\IQ2_20231003_10_00_00/vexiq2/gcc/libs\libstdc++_nano.a(del_op.o)
                0x200155c6                operator delete(void*)
 *fill*         0x200155ca        0x2 
 .text.fmod     0x200155cc       0xd0 c:\Users\raifo\AppData\Roaming\Code\User\globalStorage\vexrobotics.vexcode\sdk\cpp\IQ2\IQ2_20231003_10_00_00/vexiq2/gcc/libs\libm.a(lib_a-w_fmod.o)
                0x200155cc                fmod
 .text.__ieee754_fmod
                0x2001569c      0x248 c:\Users\raifo\AppData\Roaming\Code\User\globalStorage\vexrobotics.vexcode\sdk\cpp\IQ2\IQ2_20231003_10_00_00/vexiq2/gcc/libs\libm.a(lib_a-e_fmod.o)
                0x2001569c                __ieee754_fmod
 .text.matherr  0x200158e4        0x4 c:\Users\raifo\AppData\Roaming\Code\User\globalStorage\vexrobotics.vexcode\sdk\cpp\IQ2\IQ2_20231003_10_00_00/vexiq2/gcc/libs\libm.a(lib_a-s_matherr.o)
                0x200158e4                matherr
 .text.__errno  0x200158e8        0xc c:\Users\raifo\AppData\Roaming\Code\User\globalStorage\vexrobotics.vexcode\sdk\cpp\IQ2\IQ2_20231003_10_00_00/vexiq2\libviq2rt.a(iq2_fstubs.c.o)
                0x200158e8                __errno
 .text._fstat   0x200158f4       0x1e c:\Users\raifo\AppData\Roaming\Code\User\globalStorage\vexrobotics.vexcode\sdk\cpp\IQ2\IQ2_20231003_10_00_00/vexiq2\libviq2rt.a(iq2_fstubs.c.o)
                0x200158f4                _fstat
 .text._lseek   0x20015912       0x1c c:\Users\raifo\AppData\Roaming\Code\User\globalStorage\vexrobotics.vexcode\sdk\cpp\IQ2\IQ2_20231003_10_00_00/vexiq2\libviq2rt.a(iq2_fstubs.c.o)
                0x20015912                _lseek
 .text._close   0x2001592e       0x14 c:\Users\raifo\AppData\Roaming\Code\User\globalStorage\vexrobotics.vexcode\sdk\cpp\IQ2\IQ2_20231003_10_00_00/vexiq2\libviq2rt.a(iq2_fstubs.c.o)
                0x2001592e                _close
 .text._read    0x20015942       0x1c c:\Users\raifo\AppData\Roaming\Code\User\globalStorage\vexrobotics.vexcode\sdk\cpp\IQ2\IQ2_20231003_10_00_00/vexiq2\libviq2rt.a(iq2_fstubs.c.o)
                0x20015942                _read
 .text._write   0x2001595e       0x28 c:\Users\raifo\AppData\Roaming\Code\User\globalStorage\vexrobotics.vexcode\sdk\cpp\IQ2\IQ2_20231003_10_00_00/vexiq2\libviq2rt.a(iq2_fstubs.c.o)
                0x2001595e                _write
 .text._isatty  0x20015986       0x14 c:\Users\raifo\AppData\Roaming\Code\User\globalStorage\vexrobotics.vexcode\sdk\cpp\IQ2\IQ2_20231003_10_00_00/vexiq2\libviq2rt.a(iq2_fstubs.c.o)
                0x20015986                _isatty
 *(.gnu.linkonce.t.*)
 *(.plt)
 *(.gnu_warning)
 *(.gcc_except_table)
 *(.glue_7)
 .glue_7        0x00000000        0x0 linker stubs
 *(.glue_7t)
 .glue_7t       0x00000000        0x0 linker stubs
 *(.vfp11_veneer)
 .vfp11_veneer  0x00000000        0x0 linker stubs
 *(.ARM.extab)
 *(.gnu.linkonce.armextab.*)

.v4_bx          0x2001599c        0x0
 .v4_bx         0x00000000        0x0 linker stubs

.iplt           0x2001599c        0x0
 .iplt          0x00000000        0x0 build/src/MinSixAutoDrivetrain.o

.init
 *(.init)

.fini
 *(.fini)

.rodata         0x200159a0      0x660
                0x200159a0                __rodata_start = .
 *(.rodata)
 *(.rodata.*)
 .rodata.str1.1
                0x200159a0      0x1bb build/src/MinSixAutoDrivetrain.o
                                0x1dd (size before relaxing)
 .rodata.str1.1
                0x20015b5b       0x61 build/src/main.o
 .rodata.str1.1
                0x20015bbc       0x22 c:\Users\raifo\AppData\Roaming\Code\User\globalStorage\vexrobotics.vexcode\sdk\cpp\IQ2\IQ2_20231003_10_00_00/vexiq2\libviq2rt.a(iq2_startup.c.o)
 *fill*         0x20015bde        0x2 
 .rodata._ZN3vex5PORT1E
                0x20015be0        0x4 c:\Users\raifo\AppData\Roaming\Code\User\globalStorage\vexrobotics.vexcode\sdk\cpp\IQ2\IQ2_20231003_10_00_00/vexiq2\libviq2rt.a(vex_global.cpp.o)
                0x20015be0                vex::PORT1
 .rodata._ZN3vex6PORT10E
                0x20015be4        0x4 c:\Users\raifo\AppData\Roaming\Code\User\globalStorage\vexrobotics.vexcode\sdk\cpp\IQ2\IQ2_20231003_10_00_00/vexiq2\libviq2rt.a(vex_global.cpp.o)
                0x20015be4                vex::PORT10
 .rodata._ZN3vex6PORT11E
                0x20015be8        0x4 c:\Users\raifo\AppData\Roaming\Code\User\globalStorage\vexrobotics.vexcode\sdk\cpp\IQ2\IQ2_20231003_10_00_00/vexiq2\libviq2rt.a(vex_global.cpp.o)
                0x20015be8                vex::PORT11
 .rodata._ZN3vex5PORT6E
                0x20015bec        0x4 c:\Users\raifo\AppData\Roaming\Code\User\globalStorage\vexrobotics.vexcode\sdk\cpp\IQ2\IQ2_20231003_10_00_00/vexiq2\libviq2rt.a(vex_global.cpp.o)
                0x20015bec                vex::PORT6
 .rodata._ZN3vex6PORT12E
                0x20015bf0        0x4 c:\Users\raifo\AppData\Roaming\Code\User\globalStorage\vexrobotics.vexcode\sdk\cpp\IQ2\IQ2_20231003_10_00_00/vexiq2\libviq2rt.a(vex_global.cpp.o)
                0x20015bf0                vex::PORT12
 .rodata._ZN3vex5PORT7E
                0x20015bf4        0x4 c:\Users\raifo\AppData\Roaming\Code\User\globalStorage\vexrobotics.vexcode\sdk\cpp\IQ2\IQ2_20231003_10_00_00/vexiq2\libviq2rt.a(vex_global.cpp.o)
                0x20015bf4                vex::PORT7
 .rodata.str1.1
                0x20015bf8       0x20 c:\Users\raifo\AppData\Roaming\Code\User\globalStorage\vexrobotics.vexcode\sdk\cpp\IQ2\IQ2_20231003_10_00_00/vexiq2\libviq2rt.a(vex_brain.cpp.o)
 .rodata.CSWTCH.121
                0x20015c18       0x10 c:\Users\raifo\AppData\Roaming\Code\User\globalStorage\vexrobotics.vexcode\sdk\cpp\IQ2\IQ2_20231003_10_00_00/vexiq2\libviq2rt.a(vex_brain.cpp.o)
 .rodata._ZTVN3vex5motorE
                0x20015c28       0x10 c:\Users\raifo\AppData\Roaming\Code\User\globalStorage\vexrobotics.vexcode\sdk\cpp\IQ2\IQ2_20231003_10_00_00/vexiq2\libviq2rt.a(vex_motor.cpp.o)
                0x20015c28                vtable for vex::motor
 .rodata._ZTVN3vex8touchledE
                0x20015c38       0x10 c:\Users\raifo\AppData\Roaming\Code\User\globalStorage\vexrobotics.vexcode\sdk\cpp\IQ2\IQ2_20231003_10_00_00/vexiq2\libviq2rt.a(vex_touchled.cpp.o)
                0x20015c38                vtable for vex::touchled
 .rodata.CSWTCH.26
                0x20015c48       0x44 c:\Users\raifo\AppData\Roaming\Code\User\globalStorage\vexrobotics.vexcode\sdk\cpp\IQ2\IQ2_20231003_10_00_00/vexiq2\libviq2rt.a(vex_touchled.cpp.o)
 *fill*         0x20015c8c        0x4 
 .rodata._ZTVN3vex8inertialE
                0x20015c90       0x68 c:\Users\raifo\AppData\Roaming\Code\User\globalStorage\vexrobotics.vexcode\sdk\cpp\IQ2\IQ2_20231003_10_00_00/vexiq2\libviq2rt.a(vex_imu.cpp.o)
                0x20015c90                vtable for vex::inertial
 .rodata._ZTVN3vex8distanceE
                0x20015cf8       0x10 c:\Users\raifo\AppData\Roaming\Code\User\globalStorage\vexrobotics.vexcode\sdk\cpp\IQ2\IQ2_20231003_10_00_00/vexiq2\libviq2rt.a(vex_distance.cpp.o)
                0x20015cf8                vtable for vex::distance
 .rodata._ZTVN3vex7opticalE
                0x20015d08       0x10 c:\Users\raifo\AppData\Roaming\Code\User\globalStorage\vexrobotics.vexcode\sdk\cpp\IQ2\IQ2_20231003_10_00_00/vexiq2\libviq2rt.a(vex_optical.cpp.o)
                0x20015d08                vtable for vex::optical
 .rodata._ZTVN3vex6deviceE
                0x20015d18       0x10 c:\Users\raifo\AppData\Roaming\Code\User\globalStorage\vexrobotics.vexcode\sdk\cpp\IQ2\IQ2_20231003_10_00_00/vexiq2\libviq2rt.a(vex_device.cpp.o)
                0x20015d18                vtable for vex::device
 .rodata.__sf_fake_stderr
                0x20015d28       0x20 c:\Users\raifo\AppData\Roaming\Code\User\globalStorage\vexrobotics.vexcode\sdk\cpp\IQ2\IQ2_20231003_10_00_00/vexiq2/gcc/libs\libc_nano.a(lib_a-findfp.o)
                0x20015d28                __sf_fake_stderr
 .rodata.__sf_fake_stdin
                0x20015d48       0x20 c:\Users\raifo\AppData\Roaming\Code\User\globalStorage\vexrobotics.vexcode\sdk\cpp\IQ2\IQ2_20231003_10_00_00/vexiq2/gcc/libs\libc_nano.a(lib_a-findfp.o)
                0x20015d48                __sf_fake_stdin
 .rodata.__sf_fake_stdout
                0x20015d68       0x20 c:\Users\raifo\AppData\Roaming\Code\User\globalStorage\vexrobotics.vexcode\sdk\cpp\IQ2\IQ2_20231003_10_00_00/vexiq2/gcc/libs\libc_nano.a(lib_a-findfp.o)
                0x20015d68                __sf_fake_stdout
 .rodata._global_impure_ptr
                0x20015d88        0x4 c:\Users\raifo\AppData\Roaming\Code\User\globalStorage\vexrobotics.vexcode\sdk\cpp\IQ2\IQ2_20231003_10_00_00/vexiq2/gcc/libs\libc_nano.a(lib_a-impure.o)
                0x20015d88                _global_impure_ptr
 .rodata._printf_float.str1.1
                0x20015d8c       0x12 c:\Users\raifo\AppData\Roaming\Code\User\globalStorage\vexrobotics.vexcode\sdk\cpp\IQ2\IQ2_20231003_10_00_00/vexiq2/gcc/libs\libc_nano.a(lib_a-nano-vfprintf_float.o)
 .rodata._printf_i.str1.1
                0x20015d9e       0x22 c:\Users\raifo\AppData\Roaming\Code\User\globalStorage\vexrobotics.vexcode\sdk\cpp\IQ2\IQ2_20231003_10_00_00/vexiq2/gcc/libs\libc_nano.a(lib_a-nano-vfprintf_i.o)
 .rodata._dtoa_r.str1.1
                0x20015dc0        0xd c:\Users\raifo\AppData\Roaming\Code\User\globalStorage\vexrobotics.vexcode\sdk\cpp\IQ2\IQ2_20231003_10_00_00/vexiq2/gcc/libs\libc_nano.a(lib_a-dtoa.o)
                                  0xf (size before relaxing)
 .rodata._setlocale_r.str1.1
                0x20015dcd        0x8 c:\Users\raifo\AppData\Roaming\Code\User\globalStorage\vexrobotics.vexcode\sdk\cpp\IQ2\IQ2_20231003_10_00_00/vexiq2/gcc/libs\libc_nano.a(lib_a-locale.o)
                                  0x9 (size before relaxing)
 .rodata.str1.1
                0x00000000        0x8 c:\Users\raifo\AppData\Roaming\Code\User\globalStorage\vexrobotics.vexcode\sdk\cpp\IQ2\IQ2_20231003_10_00_00/vexiq2/gcc/libs\libc_nano.a(lib_a-locale.o)
                                  0x2 (size before relaxing)
 *fill*         0x20015dd5        0x3 
 .rodata.__mprec_bigtens
                0x20015dd8       0x28 c:\Users\raifo\AppData\Roaming\Code\User\globalStorage\vexrobotics.vexcode\sdk\cpp\IQ2\IQ2_20231003_10_00_00/vexiq2/gcc/libs\libc_nano.a(lib_a-mprec.o)
                0x20015dd8                __mprec_bigtens
 .rodata.__mprec_tens
                0x20015e00       0xc8 c:\Users\raifo\AppData\Roaming\Code\User\globalStorage\vexrobotics.vexcode\sdk\cpp\IQ2\IQ2_20231003_10_00_00/vexiq2/gcc/libs\libc_nano.a(lib_a-mprec.o)
                0x20015e00                __mprec_tens
 .rodata.p05.7359
                0x20015ec8        0xc c:\Users\raifo\AppData\Roaming\Code\User\globalStorage\vexrobotics.vexcode\sdk\cpp\IQ2\IQ2_20231003_10_00_00/vexiq2/gcc/libs\libc_nano.a(lib_a-mprec.o)
 .rodata._vfprintf_r.str1.1
                0x20015ed4       0x11 c:\Users\raifo\AppData\Roaming\Code\User\globalStorage\vexrobotics.vexcode\sdk\cpp\IQ2\IQ2_20231003_10_00_00/vexiq2/gcc/libs\libc_nano.a(lib_a-nano-vfprintf.o)
 .rodata._ctype_
                0x20015ee5      0x101 c:\Users\raifo\AppData\Roaming\Code\User\globalStorage\vexrobotics.vexcode\sdk\cpp\IQ2\IQ2_20231003_10_00_00/vexiq2/gcc/libs\libc_nano.a(lib_a-ctype_.o)
                0x20015ee5                _ctype_
 *fill*         0x20015fe6        0x2 
 .rodata.fmod.str1.4
                0x20015fe8        0x8 c:\Users\raifo\AppData\Roaming\Code\User\globalStorage\vexrobotics.vexcode\sdk\cpp\IQ2\IQ2_20231003_10_00_00/vexiq2/gcc/libs\libm.a(lib_a-w_fmod.o)
                                  0x5 (size before relaxing)
 .rodata.Zero   0x20015ff0       0x10 c:\Users\raifo\AppData\Roaming\Code\User\globalStorage\vexrobotics.vexcode\sdk\cpp\IQ2\IQ2_20231003_10_00_00/vexiq2/gcc/libs\libm.a(lib_a-e_fmod.o)
 *(.gnu.linkonce.r.*)
                0x20016000                __rodata_end = .

.rodata1        0x20016000        0x0
                0x20016000                __rodata1_start = .
 *(.rodata1)
 *(.rodata1.*)
                0x20016000                __rodata1_end = .

.sdata2         0x20016000        0x0
                0x20016000                __sdata2_start = .
 *(.sdata2)
 *(.sdata2.*)
 *(.gnu.linkonce.s2.*)
                0x20016000                __sdata2_end = .

.sbss2          0x20016000        0x0
                0x20016000                __sbss2_start = .
 *(.sbss2)
 *(.sbss2.*)
 *(.gnu.linkonce.sb2.*)
                0x20016000                __sbss2_end = .

.data           0x20016000      0x1d9
                0x20016000                __data_start = .
                0x20016000                __data_load = .
 *(.data)
 *(.data.*)
 .data.__yoff   0x20016000        0x4 c:\Users\raifo\AppData\Roaming\Code\User\globalStorage\vexrobotics.vexcode\sdk\cpp\IQ2\IQ2_20231003_10_00_00/vexiq2\libviq2rt.a(iq2_apijump.c.o)
 .data._ZN3vex24__default_motor_velocityE
                0x20016004        0x4 c:\Users\raifo\AppData\Roaming\Code\User\globalStorage\vexrobotics.vexcode\sdk\cpp\IQ2\IQ2_20231003_10_00_00/vexiq2\libviq2rt.a(vex_motor.cpp.o)
                0x20016004                vex::__default_motor_velocity
 .data._impure_ptr
                0x20016008        0x4 c:\Users\raifo\AppData\Roaming\Code\User\globalStorage\vexrobotics.vexcode\sdk\cpp\IQ2\IQ2_20231003_10_00_00/vexiq2/gcc/libs\libc_nano.a(lib_a-impure.o)
                0x20016008                _impure_ptr
 .data.impure_data
                0x2001600c       0x60 c:\Users\raifo\AppData\Roaming\Code\User\globalStorage\vexrobotics.vexcode\sdk\cpp\IQ2\IQ2_20231003_10_00_00/vexiq2/gcc/libs\libc_nano.a(lib_a-impure.o)
 .data.__global_locale
                0x2001606c      0x16c c:\Users\raifo\AppData\Roaming\Code\User\globalStorage\vexrobotics.vexcode\sdk\cpp\IQ2\IQ2_20231003_10_00_00/vexiq2/gcc/libs\libc_nano.a(lib_a-locale.o)
                0x2001606c                __global_locale
 .data.__fdlib_version
                0x200161d8        0x1 c:\Users\raifo\AppData\Roaming\Code\User\globalStorage\vexrobotics.vexcode\sdk\cpp\IQ2\IQ2_20231003_10_00_00/vexiq2/gcc/libs\libm.a(lib_a-s_lib_ver.o)
                0x200161d8                __fdlib_version
 *(.gnu.linkonce.d.*)
 *(.jcr)
 *(.got)
 *(.got.plt)
                0x200161d9                __data_end = .

.igot.plt       0x200161dc        0x0
 .igot.plt      0x00000000        0x0 build/src/MinSixAutoDrivetrain.o

.data1          0x200161d9        0x0
                0x200161d9                __data1_start = .
                0x200161d9                __data1_load = .
 *(.data1)
 *(.data1.*)
                0x200161d9                __data1_end = .

.got
 *(.got)

.ctors          0x200161d9        0x0
                0x200161d9                __CTOR_LIST__ = .
                0x200161d9                ___CTORS_LIST___ = .
 *crtbegin.o(.ctors)
 *(EXCLUDE_FILE(*crtend.o) .ctors)
 *(SORT(.ctors.*))
 *(.ctors)
                0x200161d9                __CTOR_END__ = .
                0x200161d9                ___CTORS_END___ = .

.dtors          0x200161d9        0x0
                0x200161d9                __DTOR_LIST__ = .
                0x200161d9                ___DTORS_LIST___ = .
 *crtbegin.o(.dtors)
 *(EXCLUDE_FILE(*crtend.o) .dtors)
 *(SORT(.dtors.*))
 *(.dtors)
                0x200161d9                __DTOR_END__ = .
                0x200161d9                ___DTORS_END___ = .

.fixup          0x200161d9        0x0
                0x200161d9                __fixup_start = .
 *(.fixup)
                0x200161d9                __fixup_end = .

.eh_frame
 *(.eh_frame)

.eh_framehdr    0x200161d9        0x0
                0x200161d9                __eh_framehdr_start = .
 *(.eh_framehdr)
                0x200161d9                __eh_framehdr_end = .

.gcc_except_table
 *(.gcc_except_table)

.mmu_tbl        0x20018000        0x0
                0x20018000                __mmu_tbl_start = .
 *(.mmu_tbl)
                0x20018000                __mmu_tbl_end = .

.ARM.exidx      0x200161dc        0x8
                0x200161dc                __exidx_start = .
 *(.ARM.exidx*)
 .ARM.exidx.text._ZN18Min6AutoDrivetrain13CalibrateGyroEv
                0x200161dc        0x8 build/src/MinSixAutoDrivetrain.o
 .ARM.exidx.text._ZN18Min6AutoDrivetrain13TurnToHeadingEddddi
                0x200161e4        0x0 build/src/MinSixAutoDrivetrain.o
                                  0x8 (size before relaxing)
 .ARM.exidx.text._ZN17MotionAccelerator14GetNextStepRPMEv
                0x200161e4        0x0 build/src/MinSixAutoDrivetrain.o
                                  0x8 (size before relaxing)
 .ARM.exidx.text._ZN13PIDController22calculateControlSignalEd
                0x200161e4        0x0 build/src/MinSixAutoDrivetrain.o
                                  0x8 (size before relaxing)
 .ARM.exidx.text._ZN18Min6AutoDrivetrainD2Ev
                0x200161e4        0x0 build/src/main.o
                                  0x8 (size before relaxing)
 .ARM.exidx.text.main
                0x200161e4        0x0 build/src/main.o
                                  0x8 (size before relaxing)
 .ARM.exidx.text._Z18SelectStop_Pressedv
                0x200161e4        0x0 build/src/main.o
                                  0x8 (size before relaxing)
 .ARM.exidx.text._Z13Start_Pressedv
                0x200161e4        0x0 build/src/main.o
                                  0x8 (size before relaxing)
 .ARM.exidx.text._Z11Routine_Onev
                0x200161e4        0x0 build/src/main.o
                                  0x8 (size before relaxing)
 .ARM.exidx.text._Z11Routine_Twov
                0x200161e4        0x0 build/src/main.o
                                  0x8 (size before relaxing)
 .ARM.exidx.text._GLOBAL__sub_I_main.cpp
                0x200161e4        0x0 build/src/main.o
                                  0x8 (size before relaxing)
 *(.gnu.linkonce.armexidix.*.*)
                0x200161e4                __exidx_end = .

.rel.dyn        0x200161e4        0x0
 .rel.iplt      0x00000000        0x0 build/src/MinSixAutoDrivetrain.o

.preinit_array  0x200161e4        0x0
                0x200161e4                __preinit_array_start = .
 *(SORT(.preinit_array.*))
 *(.preinit_array)
                0x200161e4                __preinit_array_end = .

.init_array     0x200161e4        0x8
                0x200161e4                __init_array_start = .
 *(SORT(.init_array.*))
 *(.init_array)
 .init_array    0x200161e4        0x4 build/src/main.o
 .init_array    0x200161e8        0x4 c:\Users\raifo\AppData\Roaming\Code\User\globalStorage\vexrobotics.vexcode\sdk\cpp\IQ2\IQ2_20231003_10_00_00/vexiq2\libviq2rt.a(vex_color.cpp.o)
                0x200161ec                __init_array_end = .

.fini_array     0x200161ec        0x0
                0x200161ec                __fini_array_start = .
 *(SORT(.fini_array.*))
 *(.fini_array)
                0x200161ec                __fini_array_end = .

.ARM.attributes
                0x200161ec       0x3d
                0x200161ec                __ARM.attributes_start = .
 *(.ARM.attributes)
 .ARM.attributes
                0x200161ec       0x49 build/src/MinSixAutoDrivetrain.o
 .ARM.attributes
                0x20016235       0x49 build/src/main.o
 .ARM.attributes
                0x2001627e       0x39 c:\Users\raifo\AppData\Roaming\Code\User\globalStorage\vexrobotics.vexcode\sdk\cpp\IQ2\IQ2_20231003_10_00_00/vexiq2\libviq2rt.a(iq2_startup.c.o)
 .ARM.attributes
                0x200162b7       0x39 c:\Users\raifo\AppData\Roaming\Code\User\globalStorage\vexrobotics.vexcode\sdk\cpp\IQ2\IQ2_20231003_10_00_00/vexiq2\libviq2rt.a(iq2_apijump.c.o)
 .ARM.attributes
                0x200162f0       0x39 c:\Users\raifo\AppData\Roaming\Code\User\globalStorage\vexrobotics.vexcode\sdk\cpp\IQ2\IQ2_20231003_10_00_00/vexiq2\libviq2rt.a(vex_global.cpp.o)
 .ARM.attributes
                0x20016329       0x39 c:\Users\raifo\AppData\Roaming\Code\User\globalStorage\vexrobotics.vexcode\sdk\cpp\IQ2\IQ2_20231003_10_00_00/vexiq2\libviq2rt.a(vex_color.cpp.o)
 .ARM.attributes
                0x20016362       0x39 c:\Users\raifo\AppData\Roaming\Code\User\globalStorage\vexrobotics.vexcode\sdk\cpp\IQ2\IQ2_20231003_10_00_00/vexiq2\libviq2rt.a(vex_thread.cpp.o)
 .ARM.attributes
                0x2001639b       0x39 c:\Users\raifo\AppData\Roaming\Code\User\globalStorage\vexrobotics.vexcode\sdk\cpp\IQ2\IQ2_20231003_10_00_00/vexiq2\libviq2rt.a(vex_brain.cpp.o)
 .ARM.attributes
                0x200163d4       0x39 c:\Users\raifo\AppData\Roaming\Code\User\globalStorage\vexrobotics.vexcode\sdk\cpp\IQ2\IQ2_20231003_10_00_00/vexiq2\libviq2rt.a(vex_timer.cpp.o)
 .ARM.attributes
                0x2001640d       0x39 c:\Users\raifo\AppData\Roaming\Code\User\globalStorage\vexrobotics.vexcode\sdk\cpp\IQ2\IQ2_20231003_10_00_00/vexiq2\libviq2rt.a(vex_motor.cpp.o)
 .ARM.attributes
                0x20016446       0x39 c:\Users\raifo\AppData\Roaming\Code\User\globalStorage\vexrobotics.vexcode\sdk\cpp\IQ2\IQ2_20231003_10_00_00/vexiq2\libviq2rt.a(vex_touchled.cpp.o)
 .ARM.attributes
                0x2001647f       0x39 c:\Users\raifo\AppData\Roaming\Code\User\globalStorage\vexrobotics.vexcode\sdk\cpp\IQ2\IQ2_20231003_10_00_00/vexiq2\libviq2rt.a(vex_imu.cpp.o)
 .ARM.attributes
                0x200164b8       0x39 c:\Users\raifo\AppData\Roaming\Code\User\globalStorage\vexrobotics.vexcode\sdk\cpp\IQ2\IQ2_20231003_10_00_00/vexiq2\libviq2rt.a(vex_distance.cpp.o)
 .ARM.attributes
                0x200164f1       0x39 c:\Users\raifo\AppData\Roaming\Code\User\globalStorage\vexrobotics.vexcode\sdk\cpp\IQ2\IQ2_20231003_10_00_00/vexiq2\libviq2rt.a(vex_optical.cpp.o)
 .ARM.attributes
                0x2001652a       0x39 c:\Users\raifo\AppData\Roaming\Code\User\globalStorage\vexrobotics.vexcode\sdk\cpp\IQ2\IQ2_20231003_10_00_00/vexiq2\libviq2rt.a(vex_event.cpp.o)
 .ARM.attributes
                0x20016563       0x39 c:\Users\raifo\AppData\Roaming\Code\User\globalStorage\vexrobotics.vexcode\sdk\cpp\IQ2\IQ2_20231003_10_00_00/vexiq2\libviq2rt.a(vex_device.cpp.o)
 .ARM.attributes
                0x2001659c       0x34 c:\Users\raifo\AppData\Roaming\Code\User\globalStorage\vexrobotics.vexcode\sdk\cpp\IQ2\IQ2_20231003_10_00_00/vexiq2/gcc/libs\libc_nano.a(lib_a-aeabi_atexit.o)
 .ARM.attributes
                0x200165d0       0x34 c:\Users\raifo\AppData\Roaming\Code\User\globalStorage\vexrobotics.vexcode\sdk\cpp\IQ2\IQ2_20231003_10_00_00/vexiq2/gcc/libs\libc_nano.a(lib_a-aeabi_memclr.o)
 .ARM.attributes
                0x20016604       0x34 c:\Users\raifo\AppData\Roaming\Code\User\globalStorage\vexrobotics.vexcode\sdk\cpp\IQ2\IQ2_20231003_10_00_00/vexiq2/gcc/libs\libc_nano.a(lib_a-aeabi_memcpy.o)
 .ARM.attributes
                0x20016638       0x20 c:\Users\raifo\AppData\Roaming\Code\User\globalStorage\vexrobotics.vexcode\sdk\cpp\IQ2\IQ2_20231003_10_00_00/vexiq2/gcc/libs\libc_nano.a(lib_a-aeabi_memset-soft.o)
 .ARM.attributes
                0x20016658       0x34 c:\Users\raifo\AppData\Roaming\Code\User\globalStorage\vexrobotics.vexcode\sdk\cpp\IQ2\IQ2_20231003_10_00_00/vexiq2/gcc/libs\libc_nano.a(lib_a-fflush.o)
 .ARM.attributes
                0x2001668c       0x34 c:\Users\raifo\AppData\Roaming\Code\User\globalStorage\vexrobotics.vexcode\sdk\cpp\IQ2\IQ2_20231003_10_00_00/vexiq2/gcc/libs\libc_nano.a(lib_a-findfp.o)
 .ARM.attributes
                0x200166c0       0x34 c:\Users\raifo\AppData\Roaming\Code\User\globalStorage\vexrobotics.vexcode\sdk\cpp\IQ2\IQ2_20231003_10_00_00/vexiq2/gcc/libs\libc_nano.a(lib_a-fwalk.o)
 .ARM.attributes
                0x200166f4       0x34 c:\Users\raifo\AppData\Roaming\Code\User\globalStorage\vexrobotics.vexcode\sdk\cpp\IQ2\IQ2_20231003_10_00_00/vexiq2/gcc/libs\libc_nano.a(lib_a-impure.o)
 .ARM.attributes
                0x20016728       0x34 c:\Users\raifo\AppData\Roaming\Code\User\globalStorage\vexrobotics.vexcode\sdk\cpp\IQ2\IQ2_20231003_10_00_00/vexiq2/gcc/libs\libc_nano.a(lib_a-init.o)
 .ARM.attributes
                0x2001675c       0x34 c:\Users\raifo\AppData\Roaming\Code\User\globalStorage\vexrobotics.vexcode\sdk\cpp\IQ2\IQ2_20231003_10_00_00/vexiq2/gcc/libs\libc_nano.a(lib_a-makebuf.o)
 .ARM.attributes
                0x20016790       0x34 c:\Users\raifo\AppData\Roaming\Code\User\globalStorage\vexrobotics.vexcode\sdk\cpp\IQ2\IQ2_20231003_10_00_00/vexiq2/gcc/libs\libc_nano.a(lib_a-memcpy-stub.o)
 .ARM.attributes
                0x200167c4       0x34 c:\Users\raifo\AppData\Roaming\Code\User\globalStorage\vexrobotics.vexcode\sdk\cpp\IQ2\IQ2_20231003_10_00_00/vexiq2/gcc/libs\libc_nano.a(lib_a-memset.o)
 .ARM.attributes
                0x200167f8       0x34 c:\Users\raifo\AppData\Roaming\Code\User\globalStorage\vexrobotics.vexcode\sdk\cpp\IQ2\IQ2_20231003_10_00_00/vexiq2/gcc/libs\libc_nano.a(lib_a-nano-freer.o)
 .ARM.attributes
                0x2001682c       0x34 c:\Users\raifo\AppData\Roaming\Code\User\globalStorage\vexrobotics.vexcode\sdk\cpp\IQ2\IQ2_20231003_10_00_00/vexiq2/gcc/libs\libc_nano.a(lib_a-nano-mallocr.o)
 .ARM.attributes
                0x20016860       0x34 c:\Users\raifo\AppData\Roaming\Code\User\globalStorage\vexrobotics.vexcode\sdk\cpp\IQ2\IQ2_20231003_10_00_00/vexiq2/gcc/libs\libc_nano.a(lib_a-nano-vfprintf_float.o)
 .ARM.attributes
                0x20016894       0x34 c:\Users\raifo\AppData\Roaming\Code\User\globalStorage\vexrobotics.vexcode\sdk\cpp\IQ2\IQ2_20231003_10_00_00/vexiq2/gcc/libs\libc_nano.a(lib_a-nano-vfprintf_i.o)
 .ARM.attributes
                0x200168c8       0x34 c:\Users\raifo\AppData\Roaming\Code\User\globalStorage\vexrobotics.vexcode\sdk\cpp\IQ2\IQ2_20231003_10_00_00/vexiq2/gcc/libs\libc_nano.a(lib_a-printf.o)
 .ARM.attributes
                0x200168fc       0x34 c:\Users\raifo\AppData\Roaming\Code\User\globalStorage\vexrobotics.vexcode\sdk\cpp\IQ2\IQ2_20231003_10_00_00/vexiq2/gcc/libs\libc_nano.a(lib_a-puts.o)
 .ARM.attributes
                0x20016930       0x34 c:\Users\raifo\AppData\Roaming\Code\User\globalStorage\vexrobotics.vexcode\sdk\cpp\IQ2\IQ2_20231003_10_00_00/vexiq2/gcc/libs\libc_nano.a(lib_a-reent.o)
 .ARM.attributes
                0x20016964       0x34 c:\Users\raifo\AppData\Roaming\Code\User\globalStorage\vexrobotics.vexcode\sdk\cpp\IQ2\IQ2_20231003_10_00_00/vexiq2/gcc/libs\libc_nano.a(lib_a-sbrkr.o)
 .ARM.attributes
                0x20016998       0x34 c:\Users\raifo\AppData\Roaming\Code\User\globalStorage\vexrobotics.vexcode\sdk\cpp\IQ2\IQ2_20231003_10_00_00/vexiq2/gcc/libs\libc_nano.a(lib_a-stdio.o)
 .ARM.attributes
                0x200169cc       0x1b c:\Users\raifo\AppData\Roaming\Code\User\globalStorage\vexrobotics.vexcode\sdk\cpp\IQ2\IQ2_20231003_10_00_00/vexiq2/gcc/libs\libc_nano.a(lib_a-strlen.o)
 .ARM.attributes