Archive member included because of file (symbol)

c:\Users\raifo\AppData\Roaming\Code\User\globalStorage\vexrobotics.vexcode\sdk\cpp\IQ2\IQ2_20231003_10_00_00/vexiq2\libviq2rt.a(iq2_startup.c.o)
                              (vexStartup)
c:\Users\raifo\AppData\Roaming\Code\User\globalStorage\vexrobotics.vexcode\sdk\cpp\IQ2\IQ2_20231003_10_00_00/vexiq2\libviq2rt.a(iq2_apijump.c.o)
                              c:\Users\raifo\AppData\Roaming\Code\User\globalStorage\vexrobotics.vexcode\sdk\cpp\IQ2\IQ2_20231003_10_00_00/vexiq2\libviq2rt.a(iq2_startup.c.o) (vexTaskAdd)
c:\Users\raifo\AppData\Roaming\Code\User\globalStorage\vexrobotics.vexcode\sdk\cpp\IQ2\IQ2_20231003_10_00_00/vexiq2\libviq2rt.a(iq2_apiversions.c.o)
                              c:\Users\raifo\AppData\Roaming\Code\User\globalStorage\vexrobotics.vexcode\sdk\cpp\IQ2\IQ2_20231003_10_00_00/vexiq2\libviq2rt.a(iq2_apijump.c.o) (vexSystemVersion)
c:\Users\raifo\AppData\Roaming\Code\User\globalStorage\vexrobotics.vexcode\sdk\cpp\IQ2\IQ2_20231003_10_00_00/vexiq2\libviq2rt.a(vex_global.cpp.o)
                              build/src/MinSixAutoDrivetrain.o (vex::wait(double, vex::timeUnits))
c:\Users\raifo\AppData\Roaming\Code\User\globalStorage\vexrobotics.vexcode\sdk\cpp\IQ2\IQ2_20231003_10_00_00/vexiq2\libviq2rt.a(vex_color.cpp.o)
                              c:\Users\raifo\AppData\Roaming\Code\User\globalStorage\vexrobotics.vexcode\sdk\cpp\IQ2\IQ2_20231003_10_00_00/vexiq2\libviq2rt.a(vex_global.cpp.o) (vex::color::red_orange)
c:\Users\raifo\AppData\Roaming\Code\User\globalStorage\vexrobotics.vexcode\sdk\cpp\IQ2\IQ2_20231003_10_00_00/vexiq2\libviq2rt.a(vex_thread.cpp.o)
                              build/src/main.o (vex::this_thread::sleep_for(unsigned long))
c:\Users\raifo\AppData\Roaming\Code\User\globalStorage\vexrobotics.vexcode\sdk\cpp\IQ2\IQ2_20231003_10_00_00/vexiq2\libviq2rt.a(vex_brain.cpp.o)
                              build/src/main.o (vex::brain::~brain())
c:\Users\raifo\AppData\Roaming\Code\User\globalStorage\vexrobotics.vexcode\sdk\cpp\IQ2\IQ2_20231003_10_00_00/vexiq2\libviq2rt.a(vex_timer.cpp.o)
                              c:\Users\raifo\AppData\Roaming\Code\User\globalStorage\vexrobotics.vexcode\sdk\cpp\IQ2\IQ2_20231003_10_00_00/vexiq2\libviq2rt.a(vex_brain.cpp.o) (vex::timer::~timer())
c:\Users\raifo\AppData\Roaming\Code\User\globalStorage\vexrobotics.vexcode\sdk\cpp\IQ2\IQ2_20231003_10_00_00/vexiq2\libviq2rt.a(vex_motor.cpp.o)
                              build/src/main.o (vex::motor::~motor())
c:\Users\raifo\AppData\Roaming\Code\User\globalStorage\vexrobotics.vexcode\sdk\cpp\IQ2\IQ2_20231003_10_00_00/vexiq2\libviq2rt.a(vex_touchled.cpp.o)
                              build/src/main.o (vex::touchled::touchled(long))
c:\Users\raifo\AppData\Roaming\Code\User\globalStorage\vexrobotics.vexcode\sdk\cpp\IQ2\IQ2_20231003_10_00_00/vexiq2\libviq2rt.a(vex_imu.cpp.o)
                              build/src/MinSixAutoDrivetrain.o (vex::inertial::setRotation(double, vex::rotationUnits))
c:\Users\raifo\AppData\Roaming\Code\User\globalStorage\vexrobotics.vexcode\sdk\cpp\IQ2\IQ2_20231003_10_00_00/vexiq2\libviq2rt.a(vex_distance.cpp.o)
                              build/src/main.o (vex::distance::distance(long))
c:\Users\raifo\AppData\Roaming\Code\User\globalStorage\vexrobotics.vexcode\sdk\cpp\IQ2\IQ2_20231003_10_00_00/vexiq2\libviq2rt.a(vex_optical.cpp.o)
                              build/src/main.o (vex::optical::~optical())
c:\Users\raifo\AppData\Roaming\Code\User\globalStorage\vexrobotics.vexcode\sdk\cpp\IQ2\IQ2_20231003_10_00_00/vexiq2\libviq2rt.a(vex_event.cpp.o)
                              c:\Users\raifo\AppData\Roaming\Code\User\globalStorage\vexrobotics.vexcode\sdk\cpp\IQ2\IQ2_20231003_10_00_00/vexiq2\libviq2rt.a(vex_brain.cpp.o) (vex::event::init(unsigned long, unsigned long, void (*)()))
c:\Users\raifo\AppData\Roaming\Code\User\globalStorage\vexrobotics.vexcode\sdk\cpp\IQ2\IQ2_20231003_10_00_00/vexiq2\libviq2rt.a(vex_device.cpp.o)
                              c:\Users\raifo\AppData\Roaming\Code\User\globalStorage\vexrobotics.vexcode\sdk\cpp\IQ2\IQ2_20231003_10_00_00/vexiq2\libviq2rt.a(vex_motor.cpp.o) (vex::device::~device())
c:\Users\raifo\AppData\Roaming\Code\User\globalStorage\vexrobotics.vexcode\sdk\cpp\IQ2\IQ2_20231003_10_00_00/vexiq2/gcc/libs\libc_nano.a(lib_a-aeabi_atexit.o)
                              c:\Users\raifo\AppData\Roaming\Code\User\globalStorage\vexrobotics.vexcode\sdk\cpp\IQ2\IQ2_20231003_10_00_00/vexiq2\libviq2rt.a(vex_color.cpp.o) (__aeabi_atexit)
c:\Users\raifo\AppData\Roaming\Code\User\globalStorage\vexrobotics.vexcode\sdk\cpp\IQ2\IQ2_20231003_10_00_00/vexiq2/gcc/libs\libc_nano.a(lib_a-aeabi_memclr.o)
                              build/src/MinSixAutoDrivetrain.o (__aeabi_memclr8)
c:\Users\raifo\AppData\Roaming\Code\User\globalStorage\vexrobotics.vexcode\sdk\cpp\IQ2\IQ2_20231003_10_00_00/vexiq2/gcc/libs\libc_nano.a(lib_a-aeabi_memcpy.o)
[...]
Memory Configuration

Name             Origin             Length             Attributes
SRAM_1_2_3       0x20010000         0x00018000         xrw
*default*        0x00000000         0xffffffff

Linker script and memory map

                0x00000020                _STACK_SIZE = DEFINED (_STACK_SIZE)?_STACK_SIZE:0x20
                0x00001000                _HEAP_SIZE = DEFINED (_HEAP_SIZE)?_HEAP_SIZE:0x1000

.text           0x20010000     0x5772
 *(.vectors)
 *(.boot_data)
 .boot_data     0x20010000       0x10 c:\Users\raifo\AppData\Roaming\Code\User\globalStorage\vexrobotics.vexcode\sdk\cpp\IQ2\IQ2_20231003_10_00_00/vexiq2\libviq2rt.a(iq2_startup.c.o)
                0x20010000                vexCodeSig
                0x00000020                . = 0x20
 *fill*         0x20010010       0x10 
 *(.boot)
 .boot          0x20010020       0x64 c:\Users\raifo\AppData\Roaming\Code\User\globalStorage\vexrobotics.vexcode\sdk\cpp\IQ2\IQ2_20231003_10_00_00/vexiq2\libviq2rt.a(iq2_startup.c.o)
                0x20010020                vexStartup
                0x200100c0                . = ALIGN (0x40)
 *fill*         0x20010084       0x3c 
 *(.freertos_vectors)
 *(.text)
 .text          0x200100c0       0x9a c:\Users\raifo\AppData\Roaming\Code\User\globalStorage\vexrobotics.vexcode\sdk\cpp\IQ2\IQ2_20231003_10_00_00/vexiq2/gcc/libs\libc_nano.a(lib_a-aeabi_memset-soft.o)
                0x200100c0                __aeabi_memset8
                0x200100c0                __aeabi_memset4
                0x200100c0                __aeabi_memset
 .text          0x2001015a       0x10 c:\Users\raifo\AppData\Roaming\Code\User\globalStorage\vexrobotics.vexcode\sdk\cpp\IQ2\IQ2_20231003_10_00_00/vexiq2/gcc/libs\libc_nano.a(lib_a-strlen.o)
                0x2001015a                strlen
 *fill*         0x2001016a        0x6 
 .text          0x20010170       0xa0 c:\Users\raifo\AppData\Roaming\Code\User\globalStorage\vexrobotics.vexcode\sdk\cpp\IQ2\IQ2_20231003_10_00_00/vexiq2/gcc/libs\libc_nano.a(lib_a-memchr.o)
                0x20010170                memchr
 .text          0x20010210      0x378 c:\Users\raifo\AppData\Roaming\Code\User\globalStorage\vexrobotics.vexcode\sdk\cpp\IQ2\IQ2_20231003_10_00_00/vexiq2/gcc/libs\libgcc.a(_arm_addsubdf3.o)
                0x20010210                __aeabi_drsub
                0x20010218                __aeabi_dsub
                0x20010218                __subdf3
                0x2001021c                __aeabi_dadd
                0x2001021c                __adddf3
                0x20010494                __floatunsidf
                0x20010494                __aeabi_ui2d
                0x200104b4                __floatsidf
                0x200104b4                __aeabi_i2d
                0x200104d8                __aeabi_f2d
                0x200104d8                __extendsfdf2
                0x2001051c                __floatundidf
                0x2001051c                __aeabi_ul2d
                0x2001052c                __floatdidf
                0x2001052c                __aeabi_l2d
 .text          0x20010588      0x424 c:\Users\raifo\AppData\Roaming\Code\User\globalStorage\vexrobotics.vexcode\sdk\cpp\IQ2\IQ2_20231003_10_00_00/vexiq2/gcc/libs\libgcc.a(_arm_muldivdf3.o)
                0x20010588                __aeabi_dmul
                0x20010588                __muldf3
                0x200107dc                __divdf3
                0x200107dc                __aeabi_ddiv
 .text          0x200109ac      0x110 c:\Users\raifo\AppData\Roaming\Code\User\globalStorage\vexrobotics.vexcode\sdk\cpp\IQ2\IQ2_20231003_10_00_00/vexiq2/gcc/libs\libgcc.a(_arm_cmpdf2.o)
                0x200109ac                __gtdf2
                0x200109ac                __gedf2
                0x200109b4                __ltdf2
                0x200109b4                __ledf2
                0x200109bc                __nedf2
                0x200109bc                __eqdf2
                0x200109bc                __cmpdf2
                0x20010a38                __aeabi_cdrcmple
                0x20010a48                __aeabi_cdcmpeq
                0x20010a48                __aeabi_cdcmple
                0x20010a58                __aeabi_dcmpeq
                0x20010a6c                __aeabi_dcmplt
                0x20010a80                __aeabi_dcmple
                0x20010a94                __aeabi_dcmpge
                0x20010aa8                __aeabi_dcmpgt
 .text          0x20010abc       0x2c c:\Users\raifo\AppData\Roaming\Code\User\globalStorage\vexrobotics.vexcode\sdk\cpp\IQ2\IQ2_20231003_10_00_00/vexiq2/gcc/libs\libgcc.a(_arm_unorddf2.o)
                0x20010abc                __unorddf2
                0x20010abc                __aeabi_dcmpun
 .text          0x20010ae8       0x50 c:\Users\raifo\AppData\Roaming\Code\User\globalStorage\vexrobotics.vexcode\sdk\cpp\IQ2\IQ2_20231003_10_00_00/vexiq2/gcc/libs\libgcc.a(_arm_fixdfsi.o)
                0x20010ae8                __aeabi_d2iz
                0x20010ae8                __fixdfsi
 *(.text.*)
 .text._ZN18Min6AutoDrivetrain13CalibrateGyroEv
                0x20010b38       0xf0 build/src/MinSixAutoDrivetrain.o
                0x20010b38                Min6AutoDrivetrain::CalibrateGyro()
 .text._ZN18Min6AutoDrivetrain13TurnToHeadingEddddi
                0x20010c28      0x650 build/src/MinSixAutoDrivetrain.o
                0x20010c28                Min6AutoDrivetrain::TurnToHeading(double, double, double, double, int)
 .text._ZN17MotionAccelerator14GetNextStepRPMEv
                0x20011278       0xbe build/src/MinSixAutoDrivetrain.o
                0x20011278                MotionAccelerator::GetNextStepRPM()
 .text._ZN13PIDController22calculateControlSignalEd
                0x20011336       0x94 build/src/MinSixAutoDrivetrain.o
                0x20011336                PIDController::calculateControlSignal(double)
 .text._ZN18Min6AutoDrivetrainD2Ev
                0x200113ca       0x28 build/src/main.o
                0x200113ca                Min6AutoDrivetrain::~Min6AutoDrivetrain()
 *fill*         0x200113f2        0x6 
 .text.main     0x200113f8      0x120 build/src/main.o
                0x200113f8                main
 .text._Z18SelectStop_Pressedv
                0x20011518       0xb6 build/src/main.o
                0x20011518                SelectStop_Pressed()
 .text._Z13Start_Pressedv
                0x200115ce       0xda build/src/main.o
                0x200115ce                Start_Pressed()
 .text._Z11Routine_Onev
                0x200116a8       0x80 build/src/main.o
                0x200116a8                Routine_One()
 .text._Z11Routine_Twov
                0x20011728       0x50 build/src/main.o
                0x20011728                Routine_Two()
 .text._GLOBAL__sub_I_main.cpp
                0x20011778      0x1f4 build/src/main.o
 .text.vexMain  0x2001196c       0x60 c:\Users\raifo\AppData\Roaming\Code\User\globalStorage\vexrobotics.vexcode\sdk\cpp\IQ2\IQ2_20231003_10_00_00/vexiq2\libviq2rt.a(iq2_startup.c.o)
                0x2001196c                vexMain
 .text.__vex_function_prolog
                0x200119cc       0x10 c:\Users\raifo\AppData\Roaming\Code\User\globalStorage\vexrobotics.vexcode\sdk\cpp\IQ2\IQ2_20231003_10_00_00/vexiq2\libviq2rt.a(iq2_startup.c.o)
                0x200119cc                __vex_function_prolog
 .text._init    0x200119dc        0x2 c:\Users\raifo\AppData\Roaming\Code\User\globalStorage\vexrobotics.vexcode\sdk\cpp\IQ2\IQ2_20231003_10_00_00/vexiq2\libviq2rt.a(iq2_startup.c.o)
                0x200119dc                _init
 *fill*         0x200119de        0x2 
 .text._sbrk    0x200119e0       0x38 c:\Users\raifo\AppData\Roaming\Code\User\globalStorage\vexrobotics.vexcode\sdk\cpp\IQ2\IQ2_20231003_10_00_00/vexiq2\libviq2rt.a(iq2_startup.c.o)
                0x200119e0                _sbrk
 .text.__cxa_atexit
                0x20011a18        0x4 c:\Users\raifo\AppData\Roaming\Code\User\globalStorage\vexrobotics.vexcode\sdk\cpp\IQ2\IQ2_20231003_10_00_00/vexiq2\libviq2rt.a(iq2_startup.c.o)
                0x20011a18                __cxa_atexit
 .text.vexTaskAdd
                0x20011a1c        0xc c:\Users\raifo\AppData\Roaming\Code\User\globalStorage\vexrobotics.vexcode\sdk\cpp\IQ2\IQ2_20231003_10_00_00/vexiq2\libviq2rt.a(iq2_apijump.c.o)
                0x20011a1c                vexTaskAdd
 .text.vexTaskCheckTimeslice
                0x20011a28        0xc c:\Users\raifo\AppData\Roaming\Code\User\globalStorage\vexrobotics.vexcode\sdk\cpp\IQ2\IQ2_20231003_10_00_00/vexiq2\libviq2rt.a(iq2_apijump.c.o)
                0x20011a28                vexTaskCheckTimeslice
 .text.vexTaskSleep
                0x20011a34        0xc c:\Users\raifo\AppData\Roaming\Code\User\globalStorage\vexrobotics.vexcode\sdk\cpp\IQ2\IQ2_20231003_10_00_00/vexiq2\libviq2rt.a(iq2_apijump.c.o)
                0x20011a34                vexTaskSleep
 .text.vexTasksDump
                0x20011a40       0x18 c:\Users\raifo\AppData\Roaming\Code\User\globalStorage\vexrobotics.vexcode\sdk\cpp\IQ2\IQ2_20231003_10_00_00/vexiq2\libviq2rt.a(iq2_apijump.c.o)
                0x20011a40                vexTasksDump
 .text.vexTaskGetTaskIndex
                0x20011a58        0xc c:\Users\raifo\AppData\Roaming\Code\User\globalStorage\vexrobotics.vexcode\sdk\cpp\IQ2\IQ2_20231003_10_00_00/vexiq2\libviq2rt.a(iq2_apijump.c.o)
                0x20011a58                vexTaskGetTaskIndex
 .text.vexTaskCompletionIdSet
                0x20011a64        0xc c:\Users\raifo\AppData\Roaming\Code\User\globalStorage\vexrobotics.vexcode\sdk\cpp\IQ2\IQ2_20231003_10_00_00/vexiq2\libviq2rt.a(iq2_apijump.c.o)
                0x20011a64                vexTaskCompletionIdSet
 .text.vexDisplayContextSwitch
                0x20011a70        0xc c:\Users\raifo\AppData\Roaming\Code\User\globalStorage\vexrobotics.vexcode\sdk\cpp\IQ2\IQ2_20231003_10_00_00/vexiq2\libviq2rt.a(iq2_apijump.c.o)
                0x20011a70                vexDisplayContextSwitch
 .text.vexEventAdd
                0x20011a7c       0x24 c:\Users\raifo\AppData\Roaming\Code\User\globalStorage\vexrobotics.vexcode\sdk\cpp\IQ2\IQ2_20231003_10_00_00/vexiq2\libviq2rt.a(iq2_apijump.c.o)
                0x20011a7c                vexEventAdd
 .text.vexEventUserIndexGet
                0x20011aa0       0x18 c:\Users\raifo\AppData\Roaming\Code\User\globalStorage\vexrobotics.vexcode\sdk\cpp\IQ2\IQ2_20231003_10_00_00/vexiq2\libviq2rt.a(iq2_apijump.c.o)
                0x20011aa0                vexEventUserIndexGet
 .text.vexDebug
                0x20011ab8       0x2c c:\Users\raifo\AppData\Roaming\Code\User\globalStorage\vexrobotics.vexcode\sdk\cpp\IQ2\IQ2_20231003_10_00_00/vexiq2\libviq2rt.a(iq2_apijump.c.o)
                0x20011ab8                vexDebug
 .text.vex_vsnprintf
                0x20011ae4       0x2c c:\Users\raifo\AppData\Roaming\Code\User\globalStorage\vexrobotics.vexcode\sdk\cpp\IQ2\IQ2_20231003_10_00_00/vexiq2\libviq2rt.a(iq2_apijump.c.o)
                0x20011ae4                vex_vsnprintf
 .text.vexSystemTimeGet
                0x20011b10       0x18 c:\Users\raifo\AppData\Roaming\Code\User\globalStorage\vexrobotics.vexcode\sdk\cpp\IQ2\IQ2_20231003_10_00_00/vexiq2\libviq2rt.a(iq2_apijump.c.o)
                0x20011b10                vexSystemTimeGet
 .text._write_user
                0x20011b28       0x28 c:\Users\raifo\AppData\Roaming\Code\User\globalStorage\vexrobotics.vexcode\sdk\cpp\IQ2\IQ2_20231003_10_00_00/vexiq2\libviq2rt.a(iq2_apijump.c.o)
                0x20011b28                _write_user
 .text._read_user
                0x20011b50       0x28 c:\Users\raifo\AppData\Roaming\Code\User\globalStorage\vexrobotics.vexcode\sdk\cpp\IQ2\IQ2_20231003_10_00_00/vexiq2\libviq2rt.a(iq2_apijump.c.o)
                0x20011b50                _read_user
 .text._close_user
                0x20011b78       0x14 c:\Users\raifo\AppData\Roaming\Code\User\globalStorage\vexrobotics.vexcode\sdk\cpp\IQ2\IQ2_20231003_10_00_00/vexiq2\libviq2rt.a(iq2_apijump.c.o)
                0x20011b78                _close_user
 .text._lseek_user
                0x20011b8c       0x28 c:\Users\raifo\AppData\Roaming\Code\User\globalStorage\vexrobotics.vexcode\sdk\cpp\IQ2\IQ2_20231003_10_00_00/vexiq2\libviq2rt.a(iq2_apijump.c.o)
                0x20011b8c                _lseek_user
 .text._fstat_user
                0x20011bb4       0x1c c:\Users\raifo\AppData\Roaming\Code\User\globalStorage\vexrobotics.vexcode\sdk\cpp\IQ2\IQ2_20231003_10_00_00/vexiq2\libviq2rt.a(iq2_apijump.c.o)
                0x20011bb4                _fstat_user
 .text._isatty_user
                0x20011bd0       0x18 c:\Users\raifo\AppData\Roaming\Code\User\globalStorage\vexrobotics.vexcode\sdk\cpp\IQ2\IQ2_20231003_10_00_00/vexiq2\libviq2rt.a(iq2_apijump.c.o)
                0x20011bd0                _isatty_user
 .text.vexDeviceGetByIndex
                0x20011be8       0x1c c:\Users\raifo\AppData\Roaming\Code\User\globalStorage\vexrobotics.vexcode\sdk\cpp\IQ2\IQ2_20231003_10_00_00/vexiq2\libviq2rt.a(iq2_apijump.c.o)
                0x20011be8                vexDeviceGetByIndex
 .text.vexTouchledValueGet
                0x20011c04       0x1c c:\Users\raifo\AppData\Roaming\Code\User\globalStorage\vexrobotics.vexcode\sdk\cpp\IQ2\IQ2_20231003_10_00_00/vexiq2\libviq2rt.a(iq2_apijump.c.o)
                0x20011c04                vexTouchledValueGet
 .text.vexTouchledRgbSet
                0x20011c20       0x2c c:\Users\raifo\AppData\Roaming\Code\User\globalStorage\vexrobotics.vexcode\sdk\cpp\IQ2\IQ2_20231003_10_00_00/vexiq2\libviq2rt.a(iq2_apijump.c.o)
                0x20011c20                vexTouchledRgbSet
 .text.vexTouchledOn
                0x20011c4c       0x1c c:\Users\raifo\AppData\Roaming\Code\User\globalStorage\vexrobotics.vexcode\sdk\cpp\IQ2\IQ2_20231003_10_00_00/vexiq2\libviq2rt.a(iq2_apijump.c.o)
                0x20011c4c                vexTouchledOn
 .text.vexTouchledBrightnessSet
                0x20011c68       0x20 c:\Users\raifo\AppData\Roaming\Code\User\globalStorage\vexrobotics.vexcode\sdk\cpp\IQ2\IQ2_20231003_10_00_00/vexiq2\libviq2rt.a(iq2_apijump.c.o)
                0x20011c68                vexTouchledBrightnessSet
 .text.vexMotorVelocitySet
                0x20011c88       0x20 c:\Users\raifo\AppData\Roaming\Code\User\globalStorage\vexrobotics.vexcode\sdk\cpp\IQ2\IQ2_20231003_10_00_00/vexiq2\libviq2rt.a(iq2_apijump.c.o)
                0x20011c88                vexMotorVelocitySet
 .text.vexMotorActualVelocityGet
                0x20011ca8       0x1c c:\Users\raifo\AppData\Roaming\Code\User\globalStorage\vexrobotics.vexcode\sdk\cpp\IQ2\IQ2_20231003_10_00_00/vexiq2\libviq2rt.a(iq2_apijump.c.o)
                0x20011ca8                vexMotorActualVelocityGet
 .text.vexMotorReverseFlagSet
                0x20011cc4       0x20 c:\Users\raifo\AppData\Roaming\Code\User\globalStorage\vexrobotics.vexcode\sdk\cpp\IQ2\IQ2_20231003_10_00_00/vexiq2\libviq2rt.a(iq2_apijump.c.o)
                0x20011cc4                vexMotorReverseFlagSet
 .text.vexMotorBrakeModeSet
                0x20011ce4       0x20 c:\Users\raifo\AppData\Roaming\Code\User\globalStorage\vexrobotics.vexcode\sdk\cpp\IQ2\IQ2_20231003_10_00_00/vexiq2\libviq2rt.a(iq2_apijump.c.o)
                0x20011ce4                vexMotorBrakeModeSet
 .text.vexMotorPositionSet
                0x20011d04       0x34 c:\Users\raifo\AppData\Roaming\Code\User\globalStorage\vexrobotics.vexcode\sdk\cpp\IQ2\IQ2_20231003_10_00_00/vexiq2\libviq2rt.a(iq2_apijump.c.o)
                0x20011d04                vexMotorPositionSet
 .text.vexImuReset
                0x20011d38       0x1c c:\Users\raifo\AppData\Roaming\Code\User\globalStorage\vexrobotics.vexcode\sdk\cpp\IQ2\IQ2_20231003_10_00_00/vexiq2\libviq2rt.a(iq2_apijump.c.o)
                0x20011d38                vexImuReset
 .text.vexImuHeadingGet
                0x20011d54       0x1c c:\Users\raifo\AppData\Roaming\Code\User\globalStorage\vexrobotics.vexcode\sdk\cpp\IQ2\IQ2_20231003_10_00_00/vexiq2\libviq2rt.a(iq2_apijump.c.o)
                0x20011d54                vexImuHeadingGet
 .text.vexImuDegreesGet
                0x20011d70       0x1c c:\Users\raifo\AppData\Roaming\Code\User\globalStorage\vexrobotics.vexcode\sdk\cpp\IQ2\IQ2_20231003_10_00_00/vexiq2\libviq2rt.a(iq2_apijump.c.o)
                0x20011d70                vexImuDegreesGet
 .text.vexImuStatusGet
                0x20011d8c       0x1c c:\Users\raifo\AppData\Roaming\Code\User\globalStorage\vexrobotics.vexcode\sdk\cpp\IQ2\IQ2_20231003_10_00_00/vexiq2\libviq2rt.a(iq2_apijump.c.o)
                0x20011d8c                vexImuStatusGet
 .text.vexDistanceDistanceGet
                0x20011da8       0x1c c:\Users\raifo\AppData\Roaming\Code\User\globalStorage\vexrobotics.vexcode\sdk\cpp\IQ2\IQ2_20231003_10_00_00/vexiq2\libviq2rt.a(iq2_apijump.c.o)
                0x20011da8                vexDistanceDistanceGet
 .text.vexOpticalHueGet
                0x20011dc4       0x1c c:\Users\raifo\AppData\Roaming\Code\User\globalStorage\vexrobotics.vexcode\sdk\cpp\IQ2\IQ2_20231003_10_00_00/vexiq2\libviq2rt.a(iq2_apijump.c.o)
                0x20011dc4                vexOpticalHueGet
 .text.vexOpticalGestureEnable
                0x20011de0       0x1c c:\Users\raifo\AppData\Roaming\Code\User\globalStorage\vexrobotics.vexcode\sdk\cpp\IQ2\IQ2_20231003_10_00_00/vexiq2\libviq2rt.a(iq2_apijump.c.o)
                0x20011de0                vexOpticalGestureEnable
 .text.vexOpticalGestureDisable
                0x20011dfc       0x1c c:\Users\raifo\AppData\Roaming\Code\User\globalStorage\vexrobotics.vexcode\sdk\cpp\IQ2\IQ2_20231003_10_00_00/vexiq2\libviq2rt.a(iq2_apijump.c.o)
                0x20011dfc                vexOpticalGestureDisable
 .text.vexOpticalProximityThreshold
                0x20011e18       0x20 c:\Users\raifo\AppData\Roaming\Code\User\globalStorage\vexrobotics.vexcode\sdk\cpp\IQ2\IQ2_20231003_10_00_00/vexiq2\libviq2rt.a(iq2_apijump.c.o)
                0x20011e18                vexOpticalProximityThreshold
 .text.vexSoundPlay
                0x20011e38       0x20 c:\Users\raifo\AppData\Roaming\Code\User\globalStorage\vexrobotics.vexcode\sdk\cpp\IQ2\IQ2_20231003_10_00_00/vexiq2\libviq2rt.a(iq2_apijump.c.o)
                0x20011e38                vexSoundPlay
 .text.vexDisplayForegroundColor
                0x20011e58       0x1c c:\Users\raifo\AppData\Roaming\Code\User\globalStorage\vexrobotics.vexcode\sdk\cpp\IQ2\IQ2_20231003_10_00_00/vexiq2\libviq2rt.a(iq2_apijump.c.o)
                0x20011e58                vexDisplayForegroundColor
 .text.vexDisplayBackgroundColor
                0x20011e74       0x1c c:\Users\raifo\AppData\Roaming\Code\User\globalStorage\vexrobotics.vexcode\sdk\cpp\IQ2\IQ2_20231003_10_00_00/vexiq2\libviq2rt.a(iq2_apijump.c.o)
                0x20011e74                vexDisplayBackgroundColor
 .text.vexDisplayBackgroundColorGet
                0x20011e90       0x18 c:\Users\raifo\AppData\Roaming\Code\User\globalStorage\vexrobotics.vexcode\sdk\cpp\IQ2\IQ2_20231003_10_00_00/vexiq2\libviq2rt.a(iq2_apijump.c.o)
                0x20011e90                vexDisplayBackgroundColorGet
 .text.vexDisplayRectClear
                0x20011ea8       0x34 c:\Users\raifo\AppData\Roaming\Code\User\globalStorage\vexrobotics.vexcode\sdk\cpp\IQ2\IQ2_20231003_10_00_00/vexiq2\libviq2rt.a(iq2_apijump.c.o)
                0x20011ea8                vexDisplayRectClear
 .text.vexDisplayVPrintf
                0x20011edc       0x38 c:\Users\raifo\AppData\Roaming\Code\User\globalStorage\vexrobotics.vexcode\sdk\cpp\IQ2\IQ2_20231003_10_00_00/vexiq2\libviq2rt.a(iq2_apijump.c.o)
                0x20011edc                vexDisplayVPrintf
 .text.vexDisplayTextReference
                0x20011f14       0x1c c:\Users\raifo\AppData\Roaming\Code\User\globalStorage\vexrobotics.vexcode\sdk\cpp\IQ2\IQ2_20231003_10_00_00/vexiq2\libviq2rt.a(iq2_apijump.c.o)
                0x20011f14                vexDisplayTextReference
 .text.vexDisplayTextSize
                0x20011f30       0x20 c:\Users\raifo\AppData\Roaming\Code\User\globalStorage\vexrobotics.vexcode\sdk\cpp\IQ2\IQ2_20231003_10_00_00/vexiq2\libviq2rt.a(iq2_apijump.c.o)
                0x20011f30                vexDisplayTextSize
 .text.vexDisplayFontNamedSet
                0x20011f50       0x1c c:\Users\raifo\AppData\Roaming\Code\User\globalStorage\vexrobotics.vexcode\sdk\cpp\IQ2\IQ2_20231003_10_00_00/vexiq2\libviq2rt.a(iq2_apijump.c.o)
                0x20011f50                vexDisplayFontNamedSet
 .text.vexDisplayStringWidthGet
                0x20011f6c       0x1c c:\Users\raifo\AppData\Roaming\Code\User\globalStorage\vexrobotics.vexcode\sdk\cpp\IQ2\IQ2_20231003_10_00_00/vexiq2\libviq2rt.a(iq2_apijump.c.o)
                0x20011f6c                vexDisplayStringWidthGet
 .text.vexBatteryCapacityGet
                0x20011f88       0x18 c:\Users\raifo\AppData\Roaming\Code\User\globalStorage\vexrobotics.vexcode\sdk\cpp\IQ2\IQ2_20231003_10_00_00/vexiq2\libviq2rt.a(iq2_apijump.c.o)
                0x20011f88                vexBatteryCapacityGet
 .text._ZN3vex4waitEdNS_9timeUnitsE
                0x20011fa0       0x3c c:\Users\raifo\AppData\Roaming\Code\User\globalStorage\vexrobotics.vexcode\sdk\cpp\IQ2\IQ2_20231003_10_00_00/vexiq2\libviq2rt.a(vex_global.cpp.o)
                0x20011fa0                vex::wait(double, vex::timeUnits)
 .text._ZN3vex5colorD2Ev
                0x20011fdc        0x2 c:\Users\raifo\AppData\Roaming\Code\User\globalStorage\vexrobotics.vexcode\sdk\cpp\IQ2\IQ2_20231003_10_00_00/vexiq2\libviq2rt.a(vex_color.cpp.o)
                0x20011fdc                vex::color::~color()
                0x20011fdc                vex::color::~color()
 .text._ZNK3vex5colorcvmEv
                0x20011fde        0x4 c:\Users\raifo\AppData\Roaming\Code\User\globalStorage\vexrobotics.vexcode\sdk\cpp\IQ2\IQ2_20231003_10_00_00/vexiq2\libviq2rt.a(vex_color.cpp.o)
                0x20011fde                vex::color::operator unsigned long() const
 *fill*         0x20011fe2        0x2 
 .text.startup._GLOBAL__sub_I__ZN3vex5color5blackE
                0x20011fe4      0x18c c:\Users\raifo\AppData\Roaming\Code\User\globalStorage\vexrobotics.vexcode\sdk\cpp\IQ2\IQ2_20231003_10_00_00/vexiq2\libviq2rt.a(vex_color.cpp.o)
 .text._ZN3vex11this_thread9sleep_forEm
                0x20012170        0x4 c:\Users\raifo\AppData\Roaming\Code\User\globalStorage\vexrobotics.vexcode\sdk\cpp\IQ2\IQ2_20231003_10_00_00/vexiq2\libviq2rt.a(vex_thread.cpp.o)
                0x20012170                vex::this_thread::sleep_for(unsigned long)
 .text._ZN3vex5brainD2Ev
                0x20012174        0xe c:\Users\raifo\AppData\Roaming\Code\User\globalStorage\vexrobotics.vexcode\sdk\cpp\IQ2\IQ2_20231003_10_00_00/vexiq2\libviq2rt.a(vex_brain.cpp.o)
                0x20012174                vex::brain::~brain()
                0x20012174                vex::brain::~brain()
 .text._ZN3vex5brain10resetTimerEv
                0x20012182        0x6 c:\Users\raifo\AppData\Roaming\Code\User\globalStorage\vexrobotics.vexcode\sdk\cpp\IQ2\IQ2_20231003_10_00_00/vexiq2\libviq2rt.a(vex_brain.cpp.o)
                0x20012182                vex::brain::resetTimer()
 .text._ZN3vex5brain3lcd9setCursorEll
                0x20012188       0x40 c:\Users\raifo\AppData\Roaming\Code\User\globalStorage\vexrobotics.vexcode\sdk\cpp\IQ2\IQ2_20231003_10_00_00/vexiq2\libviq2rt.a(vex_brain.cpp.o)
                0x20012188                vex::brain::lcd::setCursor(long, long)
 .text._ZN3vex5brain3lcd7setFontENS_8fontTypeE
                0x200121c8      0x144 c:\Users\raifo\AppData\Roaming\Code\User\globalStorage\vexrobotics.vexcode\sdk\cpp\IQ2\IQ2_20231003_10_00_00/vexiq2\libviq2rt.a(vex_brain.cpp.o)
                0x200121c8                vex::brain::lcd::setFont(vex::fontType)
 .text._ZN3vex5brain3lcdC2Ev
                0x2001230c       0x34 c:\Users\raifo\AppData\Roaming\Code\User\globalStorage\vexrobotics.vexcode\sdk\cpp\IQ2\IQ2_20231003_10_00_00/vexiq2\libviq2rt.a(vex_brain.cpp.o)
                0x2001230c                vex::brain::lcd::lcd()
                0x2001230c                vex::brain::lcd::lcd()
 .text._ZN3vex5brainC2Ev
                0x20012340       0x32 c:\Users\raifo\AppData\Roaming\Code\User\globalStorage\vexrobotics.vexcode\sdk\cpp\IQ2\IQ2_20231003_10_00_00/vexiq2\libviq2rt.a(vex_brain.cpp.o)
                0x20012340                vex::brain::brain()
                0x20012340                vex::brain::brain()
 .text._ZN3vex5brain3lcd12_clearScreenEm
                0x20012372       0x26 c:\Users\raifo\AppData\Roaming\Code\User\globalStorage\vexrobotics.vexcode\sdk\cpp\IQ2\IQ2_20231003_10_00_00/vexiq2\libviq2rt.a(vex_brain.cpp.o)
                0x20012372                vex::brain::lcd::_clearScreen(unsigned long)
 .text._ZN3vex5brain3lcd11clearScreenERKNS_5colorE
                0x20012398       0x16 c:\Users\raifo\AppData\Roaming\Code\User\globalStorage\vexrobotics.vexcode\sdk\cpp\IQ2\IQ2_20231003_10_00_00/vexiq2\libviq2rt.a(vex_brain.cpp.o)
                0x20012398                vex::brain::lcd::clearScreen(vex::color const&)
 *fill*         0x200123ae        0x2 
 .text._ZN3vex5brain3lcd11clearScreenEv
                0x200123b0        0xc c:\Users\raifo\AppData\Roaming\Code\User\globalStorage\vexrobotics.vexcode\sdk\cpp\IQ2\IQ2_20231003_10_00_00/vexiq2\libviq2rt.a(vex_brain.cpp.o)
                0x200123b0                vex::brain::lcd::clearScreen()
 .text._ZN3vex5brain3lcd10rowToPixelEl
                0x200123bc       0x24 c:\Users\raifo\AppData\Roaming\Code\User\globalStorage\vexrobotics.vexcode\sdk\cpp\IQ2\IQ2_20231003_10_00_00/vexiq2\libviq2rt.a(vex_brain.cpp.o)
                0x200123bc                vex::brain::lcd::rowToPixel(long)
 .text._ZN3vex5brain3lcd9clearLineEv
                0x200123e0       0x24 c:\Users\raifo\AppData\Roaming\Code\User\globalStorage\vexrobotics.vexcode\sdk\cpp\IQ2\IQ2_20231003_10_00_00/vexiq2\libviq2rt.a(vex_brain.cpp.o)
                0x200123e0                vex::brain::lcd::clearLine()
 .text._ZN3vex5brain3lcd5printEPKcz
                0x20012404       0x7e c:\Users\raifo\AppData\Roaming\Code\User\globalStorage\vexrobotics.vexcode\sdk\cpp\IQ2\IQ2_20231003_10_00_00/vexiq2\libviq2rt.a(vex_brain.cpp.o)
                0x20012404                vex::brain::lcd::print(char const*, ...)
 .text._ZN3vex5brain7battery8capacityENS_12percentUnitsE
                0x20012482       0x12 c:\Users\raifo\AppData\Roaming\Code\User\globalStorage\vexrobotics.vexcode\sdk\cpp\IQ2\IQ2_20231003_10_00_00/vexiq2\libviq2rt.a(vex_brain.cpp.o)
                0x20012482                vex::brain::battery::capacity(vex::percentUnits)
 .text._ZN3vex5brain9playSoundENS_9soundTypeE
                0x20012494       0x14 c:\Users\raifo\AppData\Roaming\Code\User\globalStorage\vexrobotics.vexcode\sdk\cpp\IQ2\IQ2_20231003_10_00_00/vexiq2\libviq2rt.a(vex_brain.cpp.o)
                0x20012494                vex::brain::playSound(vex::soundType)
 .text._ZN3vex5timerD2Ev
                0x200124a8        0x2 c:\Users\raifo\AppData\Roaming\Code\User\globalStorage\vexrobotics.vexcode\sdk\cpp\IQ2\IQ2_20231003_10_00_00/vexiq2\libviq2rt.a(vex_timer.cpp.o)
                0x200124a8                vex::timer::~timer()
                0x200124a8                vex::timer::~timer()
 .text._ZN3vex5timer5clearEv
                0x200124aa       0x10 c:\Users\raifo\AppData\Roaming\Code\User\globalStorage\vexrobotics.vexcode\sdk\cpp\IQ2\IQ2_20231003_10_00_00/vexiq2\libviq2rt.a(vex_timer.cpp.o)
                0x200124aa                vex::timer::clear()
 .text._ZN3vex5timerC2Ev
                0x200124ba        0xc c:\Users\raifo\AppData\Roaming\Code\User\globalStorage\vexrobotics.vexcode\sdk\cpp\IQ2\IQ2_20231003_10_00_00/vexiq2\libviq2rt.a(vex_timer.cpp.o)
                0x200124ba                vex::timer::timer()
                0x200124ba                vex::timer::timer()
 .text._ZN3vex5timer5resetEv
                0x200124c6        0x4 c:\Users\raifo\AppData\Roaming\Code\User\globalStorage\vexrobotics.vexcode\sdk\cpp\IQ2\IQ2_20231003_10_00_00/vexiq2\libviq2rt.a(vex_timer.cpp.o)
                0x200124c6                vex::timer::reset()
 *fill*         0x200124ca        0x2 
 .text._ZNK3vex5timer4timeENS_9timeUnitsE
                0x200124cc       0x30 c:\Users\raifo\AppData\Roaming\Code\User\globalStorage\vexrobotics.vexcode\sdk\cpp\IQ2\IQ2_20231003_10_00_00/vexiq2\libviq2rt.a(vex_timer.cpp.o)
                0x200124cc                vex::timer::time(vex::timeUnits) const
 .text._ZNK3vex5timer5valueEv
                0x200124fc        0x6 c:\Users\raifo\AppData\Roaming\Code\User\globalStorage\vexrobotics.vexcode\sdk\cpp\IQ2\IQ2_20231003_10_00_00/vexiq2\libviq2rt.a(vex_timer.cpp.o)
                0x200124fc                vex::timer::value() const
 .text._ZN3vex5motor9installedEv
                0x20012502        0xe c:\Users\raifo\AppData\Roaming\Code\User\globalStorage\vexrobotics.vexcode\sdk\cpp\IQ2\IQ2_20231003_10_00_00/vexiq2\libviq2rt.a(vex_motor.cpp.o)
                0x20012502                vex::motor::installed()
 .text._ZN3vex5motorD2Ev
                0x20012510       0x14 c:\Users\raifo\AppData\Roaming\Code\User\globalStorage\vexrobotics.vexcode\sdk\cpp\IQ2\IQ2_20231003_10_00_00/vexiq2\libviq2rt.a(vex_motor.cpp.o)
                0x20012510                vex::motor::~motor()
                0x20012510                vex::motor::~motor()
 .text._ZN3vex5motor15defaultStoppingENS_9brakeTypeE
                0x20012524       0x1a c:\Users\raifo\AppData\Roaming\Code\User\globalStorage\vexrobotics.vexcode\sdk\cpp\IQ2\IQ2_20231003_10_00_00/vexiq2\libviq2rt.a(vex_motor.cpp.o)
                0x20012524                vex::motor::defaultStopping(vex::brakeType)
 *fill*         0x2001253e        0x2 
 .text._ZN3vex5motorC2El
                0x20012540       0x60 c:\Users\raifo\AppData\Roaming\Code\User\globalStorage\vexrobotics.vexcode\sdk\cpp\IQ2\IQ2_20231003_10_00_00/vexiq2\libviq2rt.a(vex_motor.cpp.o)
                0x20012540                vex::motor::motor(long)
                0x20012540                vex::motor::motor(long)
 .text._ZN3vex5motorC2Elb
                0x200125a0       0x16 c:\Users\raifo\AppData\Roaming\Code\User\globalStorage\vexrobotics.vexcode\sdk\cpp\IQ2\IQ2_20231003_10_00_00/vexiq2\libviq2rt.a(vex_motor.cpp.o)
                0x200125a0                vex::motor::motor(long, bool)
                0x200125a0                vex::motor::motor(long, bool)
 .text._ZN3vex5motor4stopENS_9brakeTypeE
                0x200125b6       0x1e c:\Users\raifo\AppData\Roaming\Code\User\globalStorage\vexrobotics.vexcode\sdk\cpp\IQ2\IQ2_20231003_10_00_00/vexiq2\libviq2rt.a(vex_motor.cpp.o)
                0x200125b6                vex::motor::stop(vex::brakeType)
 .text._ZN3vex5motor4stopEv
                0x200125d4        0x6 c:\Users\raifo\AppData\Roaming\Code\User\globalStorage\vexrobotics.vexcode\sdk\cpp\IQ2\IQ2_20231003_10_00_00/vexiq2\libviq2rt.a(vex_motor.cpp.o)
                0x200125d4                vex::motor::stop()
 *fill*         0x200125da        0x6 
 .text._ZN3vex5motor16velocityToScaledEdNS_13velocityUnitsE
                0x200125e0       0x70 c:\Users\raifo\AppData\Roaming\Code\User\globalStorage\vexrobotics.vexcode\sdk\cpp\IQ2\IQ2_20231003_10_00_00/vexiq2\libviq2rt.a(vex_motor.cpp.o)
                0x200125e0                vex::motor::velocityToScaled(double, vex::velocityUnits)
 .text._ZN3vex5motor8velocityENS_13velocityUnitsE
                0x20012650       0x18 c:\Users\raifo\AppData\Roaming\Code\User\globalStorage\vexrobotics.vexcode\sdk\cpp\IQ2\IQ2_20231003_10_00_00/vexiq2\libviq2rt.a(vex_motor.cpp.o)
                0x20012650                vex::motor::velocity(vex::velocityUnits)
 .text._ZN3vex5motor5valueEv
                0x20012668       0x12 c:\Users\raifo\AppData\Roaming\Code\User\globalStorage\vexrobotics.vexcode\sdk\cpp\IQ2\IQ2_20231003_10_00_00/vexiq2\libviq2rt.a(vex_motor.cpp.o)
                0x20012668                vex::motor::value()
 *fill*         0x2001267a        0x6 
 .text._ZN3vex5motor16scaledToVelocityEdNS_13velocityUnitsE
                0x20012680       0x74 c:\Users\raifo\AppData\Roaming\Code\User\globalStorage\vexrobotics.vexcode\sdk\cpp\IQ2\IQ2_20231003_10_00_00/vexiq2\libviq2rt.a(vex_motor.cpp.o)
                0x20012680                vex::motor::scaledToVelocity(double, vex::velocityUnits)
 .text._ZN3vex5motor4spinENS_13directionTypeEdNS_13velocityUnitsE
                0x200126f4       0x32 c:\Users\raifo\AppData\Roaming\Code\User\globalStorage\vexrobotics.vexcode\sdk\cpp\IQ2\IQ2_20231003_10_00_00/vexiq2\libviq2rt.a(vex_motor.cpp.o)
                0x200126f4                vex::motor::spin(vex::directionType, double, vex::velocityUnits)
 .text._ZN3vex5motor4spinENS_13directionTypeE
                0x20012726       0x1e c:\Users\raifo\AppData\Roaming\Code\User\globalStorage\vexrobotics.vexcode\sdk\cpp\IQ2\IQ2_20231003_10_00_00/vexiq2\libviq2rt.a(vex_motor.cpp.o)
                0x20012726                vex::motor::spin(vex::directionType)
 .text._ZN3vex5motor11setVelocityEdNS_13velocityUnitsE
                0x20012744       0x54 c:\Users\raifo\AppData\Roaming\Code\User\globalStorage\vexrobotics.vexcode\sdk\cpp\IQ2\IQ2_20231003_10_00_00/vexiq2\libviq2rt.a(vex_motor.cpp.o)
                0x20012744                vex::motor::setVelocity(double, vex::velocityUnits)
 .text._ZN3vex8touchled9installedEv
                0x20012798        0xe c:\Users\raifo\AppData\Roaming\Code\User\globalStorage\vexrobotics.vexcode\sdk\cpp\IQ2\IQ2_20231003_10_00_00/vexiq2\libviq2rt.a(vex_touchled.cpp.o)
                0x20012798                vex::touchled::installed()
 *fill*         0x200127a6        0x2 
 .text._ZN3vex8touchledC2El
                0x200127a8       0x28 c:\Users\raifo\AppData\Roaming\Code\User\globalStorage\vexrobotics.vexcode\sdk\cpp\IQ2\IQ2_20231003_10_00_00/vexiq2\libviq2rt.a(vex_touchled.cpp.o)
                0x200127a8                vex::touchled::touchled(long)
                0x200127a8                vex::touchled::touchled(long)
 .text._ZN3vex8touchledD2Ev
                0x200127d0       0x14 c:\Users\raifo\AppData\Roaming\Code\User\globalStorage\vexrobotics.vexcode\sdk\cpp\IQ2\IQ2_20231003_10_00_00/vexiq2\libviq2rt.a(vex_touchled.cpp.o)
                0x200127d0                vex::touchled::~touchled()
                0x200127d0                vex::touchled::~touchled()
 .text._ZN3vex8touchled8pressingEv
                0x200127e4       0x10 c:\Users\raifo\AppData\Roaming\Code\User\globalStorage\vexrobotics.vexcode\sdk\cpp\IQ2\IQ2_20231003_10_00_00/vexiq2\libviq2rt.a(vex_touchled.cpp.o)
                0x200127e4                vex::touchled::pressing()
 .text._ZN3vex8touchled5valueEv
                0x200127f4        0x8 c:\Users\raifo\AppData\Roaming\Code\User\globalStorage\vexrobotics.vexcode\sdk\cpp\IQ2\IQ2_20231003_10_00_00/vexiq2\libviq2rt.a(vex_touchled.cpp.o)
                0x200127f4                vex::touchled::value()
 .text._ZN3vex8touchled7pressedEPFvvE
                0x200127fc        0xa c:\Users\raifo\AppData\Roaming\Code\User\globalStorage\vexrobotics.vexcode\sdk\cpp\IQ2\IQ2_20231003_10_00_00/vexiq2\libviq2rt.a(vex_touchled.cpp.o)
                0x200127fc                vex::touchled::pressed(void (*)())
 .text._ZN3vex8touchled14_setBrightnessEm
                0x20012806       0x22 c:\Users\raifo\AppData\Roaming\Code\User\globalStorage\vexrobotics.vexcode\sdk\cpp\IQ2\IQ2_20231003_10_00_00/vexiq2\libviq2rt.a(vex_touchled.cpp.o)
                0x20012806                vex::touchled::_setBrightness(unsigned long)
 .text._ZN3vex8touchled9_setColorEm
                0x20012828       0x2c c:\Users\raifo\AppData\Roaming\Code\User\globalStorage\vexrobotics.vexcode\sdk\cpp\IQ2\IQ2_20231003_10_00_00/vexiq2\libviq2rt.a(vex_touchled.cpp.o)
                0x20012828                vex::touchled::_setColor(unsigned long)
 .text._ZN3vex8touchled8setColorENS_9colorTypeE
                0x20012854       0x38 c:\Users\raifo\AppData\Roaming\Code\User\globalStorage\vexrobotics.vexcode\sdk\cpp\IQ2\IQ2_20231003_10_00_00/vexiq2\libviq2rt.a(vex_touchled.cpp.o)
                0x20012854                vex::touchled::setColor(vex::colorType)
 .text._ZN3vex8inertial11getTurnTypeEv
                0x2001288c        0x4 c:\Users\raifo\AppData\Roaming\Code\User\globalStorage\vexrobotics.vexcode\sdk\cpp\IQ2\IQ2_20231003_10_00_00/vexiq2\libviq2rt.a(vex_imu.cpp.o)
                0x2001288c                vex::inertial::getTurnType()
 .text._ZThn20_N3vex8inertial11getTurnTypeEv
                0x20012890        0x8 c:\Users\raifo\AppData\Roaming\Code\User\globalStorage\vexrobotics.vexcode\sdk\cpp\IQ2\IQ2_20231003_10_00_00/vexiq2\libviq2rt.a(vex_imu.cpp.o)
                0x20012890                non-virtual thunk to vex::inertial::getTurnType()
 .text._ZN3vex8inertial10setHeadingEdNS_13rotationUnitsE
                0x20012898       0x48 c:\Users\raifo\AppData\Roaming\Code\User\globalStorage\vexrobotics.vexcode\sdk\cpp\IQ2\IQ2_20231003_10_00_00/vexiq2\libviq2rt.a(vex_imu.cpp.o)
                0x20012898                vex::inertial::setHeading(double, vex::rotationUnits)
 .text._ZThn20_N3vex8inertial10setHeadingEdNS_13rotationUnitsE
                0x200128e0        0x8 c:\Users\raifo\AppData\Roaming\Code\User\globalStorage\vexrobotics.vexcode\sdk\cpp\IQ2\IQ2_20231003_10_00_00/vexiq2\libviq2rt.a(vex_imu.cpp.o)
                0x200128e0                non-virtual thunk to vex::inertial::setHeading(double, vex::rotationUnits)
 .text._ZN3vex8inertial11setRotationEdNS_13rotationUnitsE
                0x200128e8       0x48 c:\Users\raifo\AppData\Roaming\Code\User\globalStorage\vexrobotics.vexcode\sdk\cpp\IQ2\IQ2_20231003_10_00_00/vexiq2\libviq2rt.a(vex_imu.cpp.o)
                0x200128e8                vex::inertial::setRotation(double, vex::rotationUnits)
 .text._ZThn20_N3vex8inertial11setRotationEdNS_13rotationUnitsE
                0x20012930        0x8 c:\Users\raifo\AppData\Roaming\Code\User\globalStorage\vexrobotics.vexcode\sdk\cpp\IQ2\IQ2_20231003_10_00_00/vexiq2\libviq2rt.a(vex_imu.cpp.o)
                0x20012930                non-virtual thunk to vex::inertial::setRotation(double, vex::rotationUnits)
 .text._ZN3vex8inertialD2Ev
                0x20012938       0x14 c:\Users\raifo\AppData\Roaming\Code\User\globalStorage\vexrobotics.vexcode\sdk\cpp\IQ2\IQ2_20231003_10_00_00/vexiq2\libviq2rt.a(vex_imu.cpp.o)
                0x20012938                vex::inertial::~inertial()
                0x20012938                vex::inertial::~inertial()
 .text._ZThn20_N3vex8inertialD1Ev
                0x2001294c        0x8 c:\Users\raifo\AppData\Roaming\Code\User\globalStorage\vexrobotics.vexcode\sdk\cpp\IQ2\IQ2_20231003_10_00_00/vexiq2\libviq2rt.a(vex_imu.cpp.o)
                0x2001294c                non-virtual thunk to vex::inertial::~inertial()
 .text._ZN3vex8inertialD0Ev
                0x20012954       0x12 c:\Users\raifo\AppData\Roaming\Code\User\globalStorage\vexrobotics.vexcode\sdk\cpp\IQ2\IQ2_20231003_10_00_00/vexiq2\libviq2rt.a(vex_imu.cpp.o)
                0x20012954                vex::inertial::~inertial()
 .text._ZThn20_N3vex8inertialD0Ev
                0x20012966        0x8 c:\Users\raifo\AppData\Roaming\Code\User\globalStorage\vexrobotics.vexcode\sdk\cpp\IQ2\IQ2_20231003_10_00_00/vexiq2\libviq2rt.a(vex_imu.cpp.o)
                0x20012966                non-virtual thunk to vex::inertial::~inertial()
 .text._ZN3vex8inertial9installedEv
                0x2001296e       0x10 c:\Users\raifo\AppData\Roaming\Code\User\globalStorage\vexrobotics.vexcode\sdk\cpp\IQ2\IQ2_20231003_10_00_00/vexiq2\libviq2rt.a(vex_imu.cpp.o)
                0x2001296e                vex::inertial::installed()
 *fill*         0x2001297e        0x2 
 .text._ZN3vex8inertial5angleENS_13rotationUnitsE
                0x20012980       0x74 c:\Users\raifo\AppData\Roaming\Code\User\globalStorage\vexrobotics.vexcode\sdk\cpp\IQ2\IQ2_20231003_10_00_00/vexiq2\libviq2rt.a(vex_imu.cpp.o)
                0x20012980                vex::inertial::angle(vex::rotationUnits)
 .text._ZThn20_N3vex8inertial5angleENS_13rotationUnitsE
                0x200129f4        0x8 c:\Users\raifo\AppData\Roaming\Code\User\globalStorage\vexrobotics.vexcode\sdk\cpp\IQ2\IQ2_20231003_10_00_00/vexiq2\libviq2rt.a(vex_imu.cpp.o)
                0x200129f4                non-virtual thunk to vex::inertial::angle(vex::rotationUnits)
 .text._ZN3vex8inertial7headingENS_13rotationUnitsE
                0x200129fc        0x4 c:\Users\raifo\AppData\Roaming\Code\User\globalStorage\vexrobotics.vexcode\sdk\cpp\IQ2\IQ2_20231003_10_00_00/vexiq2\libviq2rt.a(vex_imu.cpp.o)
                0x200129fc                vex::inertial::heading(vex::rotationUnits)
 .text._ZThn20_N3vex8inertial7headingENS_13rotationUnitsE
                0x20012a00        0x8 c:\Users\raifo\AppData\Roaming\Code\User\globalStorage\vexrobotics.vexcode\sdk\cpp\IQ2\IQ2_20231003_10_00_00/vexiq2\libviq2rt.a(vex_imu.cpp.o)
                0x20012a00                non-virtual thunk to vex::inertial::heading(vex::rotationUnits)
 .text._ZN3vex8inertial5valueEv
                0x20012a08       0x12 c:\Users\raifo\AppData\Roaming\Code\User\globalStorage\vexrobotics.vexcode\sdk\cpp\IQ2\IQ2_20231003_10_00_00/vexiq2\libviq2rt.a(vex_imu.cpp.o)
                0x20012a08                vex::inertial::value()
 *fill*         0x20012a1a        0x2 
 .text._ZN3vex8inertial8rotationENS_13rotationUnitsE
                0x20012a1c       0x38 c:\Users\raifo\AppData\Roaming\Code\User\globalStorage\vexrobotics.vexcode\sdk\cpp\IQ2\IQ2_20231003_10_00_00/vexiq2\libviq2rt.a(vex_imu.cpp.o)
                0x20012a1c                vex::inertial::rotation(vex::rotationUnits)
 .text._ZThn20_N3vex8inertial8rotationENS_13rotationUnitsE
                0x20012a54        0x8 c:\Users\raifo\AppData\Roaming\Code\User\globalStorage\vexrobotics.vexcode\sdk\cpp\IQ2\IQ2_20231003_10_00_00/vexiq2\libviq2rt.a(vex_imu.cpp.o)
                0x20012a54                non-virtual thunk to vex::inertial::rotation(vex::rotationUnits)
 .text._ZN3vex8inertial13isCalibratingEv
                0x20012a5c       0x22 c:\Users\raifo\AppData\Roaming\Code\User\globalStorage\vexrobotics.vexcode\sdk\cpp\IQ2\IQ2_20231003_10_00_00/vexiq2\libviq2rt.a(vex_imu.cpp.o)
                0x20012a5c                vex::inertial::isCalibrating()
 .text._ZThn20_N3vex8inertial13isCalibratingEv
                0x20012a7e        0x8 c:\Users\raifo\AppData\Roaming\Code\User\globalStorage\vexrobotics.vexcode\sdk\cpp\IQ2\IQ2_20231003_10_00_00/vexiq2\libviq2rt.a(vex_imu.cpp.o)
                0x20012a7e                non-virtual thunk to vex::inertial::isCalibrating()
 *fill*         0x20012a86        0x2 
 .text._ZN3vex8inertialC2ElNS_8turnTypeE
                0x20012a88       0x30 c:\Users\raifo\AppData\Roaming\Code\User\globalStorage\vexrobotics.vexcode\sdk\cpp\IQ2\IQ2_20231003_10_00_00/vexiq2\libviq2rt.a(vex_imu.cpp.o)
                0x20012a88                vex::inertial::inertial(long, vex::turnType)
                0x20012a88                vex::inertial::inertial(long, vex::turnType)
 .text._ZN3vex8inertialC2ENS_8turnTypeE
                0x20012ab8       0x18 c:\Users\raifo\AppData\Roaming\Code\User\globalStorage\vexrobotics.vexcode\sdk\cpp\IQ2\IQ2_20231003_10_00_00/vexiq2\libviq2rt.a(vex_imu.cpp.o)
                0x20012ab8                vex::inertial::inertial(vex::turnType)
                0x20012ab8                vex::inertial::inertial(vex::turnType)
 .text._ZN3vex8inertial16startCalibrationEl
                0x20012ad0       0x16 c:\Users\raifo\AppData\Roaming\Code\User\globalStorage\vexrobotics.vexcode\sdk\cpp\IQ2\IQ2_20231003_10_00_00/vexiq2\libviq2rt.a(vex_imu.cpp.o)
                0x20012ad0                vex::inertial::startCalibration(long)
 .text._ZN3vex8inertial9calibrateEl
                0x20012ae6        0xa c:\Users\raifo\AppData\Roaming\Code\User\globalStorage\vexrobotics.vexcode\sdk\cpp\IQ2\IQ2_20231003_10_00_00/vexiq2\libviq2rt.a(vex_imu.cpp.o)
                0x20012ae6                vex::inertial::calibrate(long)
                0x20012aea                non-virtual thunk to vex::inertial::calibrate(long)
 .text._ZN3vex8distance9installedEv
                0x20012af0       0x10 c:\Users\raifo\AppData\Roaming\Code\User\globalStorage\vexrobotics.vexcode\sdk\cpp\IQ2\IQ2_20231003_10_00_00/vexiq2\libviq2rt.a(vex_distance.cpp.o)
                0x20012af0                vex::distance::installed()
 .text._ZN3vex8distance5valueEv
                0x20012b00        0x6 c:\Users\raifo\AppData\Roaming\Code\User\globalStorage\vexrobotics.vexcode\sdk\cpp\IQ2\IQ2_20231003_10_00_00/vexiq2\libviq2rt.a(vex_distance.cpp.o)
                0x20012b00                vex::distance::value()
 *fill*         0x20012b06        0x2 
 .text._ZN3vex8distanceC2El
                0x20012b08       0x14 c:\Users\raifo\AppData\Roaming\Code\User\globalStorage\vexrobotics.vexcode\sdk\cpp\IQ2\IQ2_20231003_10_00_00/vexiq2\libviq2rt.a(vex_distance.cpp.o)
                0x20012b08                vex::distance::distance(long)
                0x20012b08                vex::distance::distance(long)
 .text._ZN3vex8distanceD2Ev
                0x20012b1c       0x14 c:\Users\raifo\AppData\Roaming\Code\User\globalStorage\vexrobotics.vexcode\sdk\cpp\IQ2\IQ2_20231003_10_00_00/vexiq2\libviq2rt.a(vex_distance.cpp.o)
                0x20012b1c                vex::distance::~distance()
                0x20012b1c                vex::distance::~distance()
 .text._ZN3vex7optical9installedEv
                0x20012b30       0x10 c:\Users\raifo\AppData\Roaming\Code\User\globalStorage\vexrobotics.vexcode\sdk\cpp\IQ2\IQ2_20231003_10_00_00/vexiq2\libviq2rt.a(vex_optical.cpp.o)
                0x20012b30                vex::optical::installed()
 .text._ZN3vex7opticalD2Ev
                0x20012b40       0x14 c:\Users\raifo\AppData\Roaming\Code\User\globalStorage\vexrobotics.vexcode\sdk\cpp\IQ2\IQ2_20231003_10_00_00/vexiq2\libviq2rt.a(vex_optical.cpp.o)
                0x20012b40                vex::optical::~optical()
                0x20012b40                vex::optical::~optical()
 .text._ZN3vex7optical3hueEv
                0x20012b54        0x6 c:\Users\raifo\AppData\Roaming\Code\User\globalStorage\vexrobotics.vexcode\sdk\cpp\IQ2\IQ2_20231003_10_00_00/vexiq2\libviq2rt.a(vex_optical.cpp.o)
                0x20012b54                vex::optical::hue()
 .text._ZN3vex7optical5valueEv
                0x20012b5a       0x10 c:\Users\raifo\AppData\Roaming\Code\User\globalStorage\vexrobotics.vexcode\sdk\cpp\IQ2\IQ2_20231003_10_00_00/vexiq2\libviq2rt.a(vex_optical.cpp.o)
                0x20012b5a                vex::optical::value()
 .text._ZN3vex7optical13gestureEnableEv
                0x20012b6a        0x6 c:\Users\raifo\AppData\Roaming\Code\User\globalStorage\vexrobotics.vexcode\sdk\cpp\IQ2\IQ2_20231003_10_00_00/vexiq2\libviq2rt.a(vex_optical.cpp.o)
                0x20012b6a                vex::optical::gestureEnable()
 .text._ZN3vex7optical14gestureDisableEv
                0x20012b70        0x6 c:\Users\raifo\AppData\Roaming\Code\User\globalStorage\vexrobotics.vexcode\sdk\cpp\IQ2\IQ2_20231003_10_00_00/vexiq2\libviq2rt.a(vex_optical.cpp.o)
                0x20012b70                vex::optical::gestureDisable()
 *fill*         0x20012b76        0x2 
 .text._ZN3vex7opticalC2Elb
                0x20012b78       0x34 c:\Users\raifo\AppData\Roaming\Code\User\globalStorage\vexrobotics.vexcode\sdk\cpp\IQ2\IQ2_20231003_10_00_00/vexiq2\libviq2rt.a(vex_optical.cpp.o)
                0x20012b78                vex::optical::optical(long, bool)
                0x20012b78                vex::optical::optical(long, bool)
 .text._ZN3vex5event4initEmmPFvvE
                0x20012bac        0x4 c:\Users\raifo\AppData\Roaming\Code\User\globalStorage\vexrobotics.vexcode\sdk\cpp\IQ2\IQ2_20231003_10_00_00/vexiq2\libviq2rt.a(vex_event.cpp.o)
                0x20012bac                vex::event::init(unsigned long, unsigned long, void (*)())
 .text._ZN3vex5event9userindexEv
                0x20012bb0        0x4 c:\Users\raifo\AppData\Roaming\Code\User\globalStorage\vexrobotics.vexcode\sdk\cpp\IQ2\IQ2_20231003_10_00_00/vexiq2\libviq2rt.a(vex_event.cpp.o)
                0x20012bb0                vex::event::userindex()
 .text._ZN3vex6device5valueEv
                0x20012bb4        0x4 c:\Users\raifo\AppData\Roaming\Code\User\globalStorage\vexrobotics.vexcode\sdk\cpp\IQ2\IQ2_20231003_10_00_00/vexiq2\libviq2rt.a(vex_device.cpp.o)
                0x20012bb4                vex::device::value()
 .text._ZN3vex6deviceD2Ev
                0x20012bb8        0x2 c:\Users\raifo\AppData\Roaming\Code\User\globalStorage\vexrobotics.vexcode\sdk\cpp\IQ2\IQ2_20231003_10_00_00/vexiq2\libviq2rt.a(vex_device.cpp.o)
                0x20012bb8                vex::device::~device()
                0x20012bb8                vex::device::~device()
 .text._ZN3vex6device4initEl
                0x20012bba       0x22 c:\Users\raifo\AppData\Roaming\Code\User\globalStorage\vexrobotics.vexcode\sdk\cpp\IQ2\IQ2_20231003_10_00_00/vexiq2\libviq2rt.a(vex_device.cpp.o)
                0x20012bba                vex::device::init(long)
 .text._ZN3vex6deviceC2El
                0x20012bdc       0x14 c:\Users\raifo\AppData\Roaming\Code\User\globalStorage\vexrobotics.vexcode\sdk\cpp\IQ2\IQ2_20231003_10_00_00/vexiq2\libviq2rt.a(vex_device.cpp.o)
                0x20012bdc                vex::device::device(long)
                0x20012bdc                vex::device::device(long)
 .text._ZN3vex6device4typeEv
                0x20012bf0        0x8 c:\Users\raifo\AppData\Roaming\Code\User\globalStorage\vexrobotics.vexcode\sdk\cpp\IQ2\IQ2_20231003_10_00_00/vexiq2\libviq2rt.a(vex_device.cpp.o)
                0x20012bf0                vex::device::type()
 .text._ZN3vex6device9installedEv
                0x20012bf8        0xe c:\Users\raifo\AppData\Roaming\Code\User\globalStorage\vexrobotics.vexcode\sdk\cpp\IQ2\IQ2_20231003_10_00_00/vexiq2\libviq2rt.a(vex_device.cpp.o)
                0x20012bf8                vex::device::installed()
 .text.__aeabi_atexit
                0x20012c06        0xa c:\Users\raifo\AppData\Roaming\Code\User\globalStorage\vexrobotics.vexcode\sdk\cpp\IQ2\IQ2_20231003_10_00_00/vexiq2/gcc/libs\libc_nano.a(lib_a-aeabi_atexit.o)
                0x20012c06                __aeabi_atexit
 .text.__aeabi_memclr
                0x20012c10        0x6 c:\Users\raifo\AppData\Roaming\Code\User\globalStorage\vexrobotics.vexcode\sdk\cpp\IQ2\IQ2_20231003_10_00_00/vexiq2/gcc/libs\libc_nano.a(lib_a-aeabi_memclr.o)
                0x20012c10                __aeabi_memclr
                0x20012c10                __aeabi_memclr4
                0x20012c10                __aeabi_memclr8
 .text.__aeabi_memcpy
                0x20012c16        0x4 c:\Users\raifo\AppData\Roaming\Code\User\globalStorage\vexrobotics.vexcode\sdk\cpp\IQ2\IQ2_20231003_10_00_00/vexiq2/gcc/libs\libc_nano.a(lib_a-aeabi_memcpy.o)
                0x20012c16                __aeabi_memcpy4
                0x20012c16                __aeabi_memcpy8
                0x20012c16                __aeabi_memcpy
 *fill*         0x20012c1a        0x2 
 .text.__sflush_r
                0x20012c1c      0x10c c:\Users\raifo\AppData\Roaming\Code\User\globalStorage\vexrobotics.vexcode\sdk\cpp\IQ2\IQ2_20231003_10_00_00/vexiq2/gcc/libs\libc_nano.a(lib_a-fflush.o)
                0x20012c1c                __sflush_r
 .text._fflush_r
                0x20012d28       0x54 c:\Users\raifo\AppData\Roaming\Code\User\globalStorage\vexrobotics.vexcode\sdk\cpp\IQ2\IQ2_20231003_10_00_00/vexiq2/gcc/libs\libc_nano.a(lib_a-fflush.o)
                0x20012d28                _fflush_r
 .text.std      0x20012d7c       0x48 c:\Users\raifo\AppData\Roaming\Code\User\globalStorage\vexrobotics.vexcode\sdk\cpp\IQ2\IQ2_20231003_10_00_00/vexiq2/gcc/libs\libc_nano.a(lib_a-findfp.o)
 .text._cleanup_r
                0x20012dc4        0xc c:\Users\raifo\AppData\Roaming\Code\User\globalStorage\vexrobotics.vexcode\sdk\cpp\IQ2\IQ2_20231003_10_00_00/vexiq2/gcc/libs\libc_nano.a(lib_a-findfp.o)
                0x20012dc4                _cleanup_r
 .text.__sfmoreglue
                0x20012dd0       0x2c c:\Users\raifo\AppData\Roaming\Code\User\globalStorage\vexrobotics.vexcode\sdk\cpp\IQ2\IQ2_20231003_10_00_00/vexiq2/gcc/libs\libc_nano.a(lib_a-findfp.o)
                0x20012dd0                __sfmoreglue
 .text.__sinit  0x20012dfc       0x60 c:\Users\raifo\AppData\Roaming\Code\User\globalStorage\vexrobotics.vexcode\sdk\cpp\IQ2\IQ2_20231003_10_00_00/vexiq2/gcc/libs\libc_nano.a(lib_a-findfp.o)
                0x20012dfc                __sinit
 .text.__sfp    0x20012e5c       0x78 c:\Users\raifo\AppData\Roaming\Code\User\globalStorage\vexrobotics.vexcode\sdk\cpp\IQ2\IQ2_20231003_10_00_00/vexiq2/gcc/libs\libc_nano.a(lib_a-findfp.o)
                0x20012e5c                __sfp
 .text._fwalk_reent
                0x20012ed4       0x3c c:\Users\raifo\AppData\Roaming\Code\User\globalStorage\vexrobotics.vexcode\sdk\cpp\IQ2\IQ2_20231003_10_00_00/vexiq2/gcc/libs\libc_nano.a(lib_a-fwalk.o)
                0x20012ed4                _fwalk_reent
 .text.__libc_init_array
                0x20012f10       0x48 c:\Users\raifo\AppData\Roaming\Code\User\globalStorage\vexrobotics.vexcode\sdk\cpp\IQ2\IQ2_20231003_10_00_00/vexiq2/gcc/libs\libc_nano.a(lib_a-init.o)
                0x20012f10                __libc_init_array
 .text.__swhatbuf_r
                0x20012f58       0x48 c:\Users\raifo\AppData\Roaming\Code\User\globalStorage\vexrobotics.vexcode\sdk\cpp\IQ2\IQ2_20231003_10_00_00/vexiq2/gcc/libs\libc_nano.a(lib_a-makebuf.o)
                0x20012f58                __swhatbuf_r
 .text.__smakebuf_r
                0x20012fa0       0x80 c:\Users\raifo\AppData\Roaming\Code\User\globalStorage\vexrobotics.vexcode\sdk\cpp\IQ2\IQ2_20231003_10_00_00/vexiq2/gcc/libs\libc_nano.a(lib_a-makebuf.o)
                0x20012fa0                __smakebuf_r
 .text.memcpy   0x20013020       0x16 c:\Users\raifo\AppData\Roaming\Code\User\globalStorage\vexrobotics.vexcode\sdk\cpp\IQ2\IQ2_20231003_10_00_00/vexiq2/gcc/libs\libc_nano.a(lib_a-memcpy-stub.o)
                0x20013020                memcpy
 .text.memset   0x20013036       0x10 c:\Users\raifo\AppData\Roaming\Code\User\globalStorage\vexrobotics.vexcode\sdk\cpp\IQ2\IQ2_20231003_10_00_00/vexiq2/gcc/libs\libc_nano.a(lib_a-memset.o)
                0x20013036                memset
 *fill*         0x20013046        0x2 
 .text._free_r  0x20013048       0x9c c:\Users\raifo\AppData\Roaming\Code\User\globalStorage\vexrobotics.vexcode\sdk\cpp\IQ2\IQ2_20231003_10_00_00/vexiq2/gcc/libs\libc_nano.a(lib_a-nano-freer.o)
                0x20013048                _free_r
 .text._malloc_r
                0x200130e4       0xb4 c:\Users\raifo\AppData\Roaming\Code\User\globalStorage\vexrobotics.vexcode\sdk\cpp\IQ2\IQ2_20231003_10_00_00/vexiq2/gcc/libs\libc_nano.a(lib_a-nano-mallocr.o)
                0x200130e4                _malloc_r
 .text.__cvt    0x20013198       0xc2 c:\Users\raifo\AppData\Roaming\Code\User\globalStorage\vexrobotics.vexcode\sdk\cpp\IQ2\IQ2_20231003_10_00_00/vexiq2/gcc/libs\libc_nano.a(lib_a-nano-vfprintf_float.o)
                0x20013198                __cvt
 .text.__exponent
                0x2001325a       0x66 c:\Users\raifo\AppData\Roaming\Code\User\globalStorage\vexrobotics.vexcode\sdk\cpp\IQ2\IQ2_20231003_10_00_00/vexiq2/gcc/libs\libc_nano.a(lib_a-nano-vfprintf_float.o)
                0x2001325a                __exponent
 .text._printf_float
                0x200132c0      0x480 c:\Users\raifo\AppData\Roaming\Code\User\globalStorage\vexrobotics.vexcode\sdk\cpp\IQ2\IQ2_20231003_10_00_00/vexiq2/gcc/libs\libc_nano.a(lib_a-nano-vfprintf_float.o)
                0x200132c0                _printf_float
 .text._printf_common
                0x20013740       0xea c:\Users\raifo\AppData\Roaming\Code\User\globalStorage\vexrobotics.vexcode\sdk\cpp\IQ2\IQ2_20231003_10_00_00/vexiq2/gcc/libs\libc_nano.a(lib_a-nano-vfprintf_i.o)
                0x20013740                _printf_common
 *fill*         0x2001382a        0x2 
 .text._printf_i
                0x2001382c      0x224 c:\Users\raifo\AppData\Roaming\Code\User\globalStorage\vexrobotics.vexcode\sdk\cpp\IQ2\IQ2_20231003_10_00_00/vexiq2/gcc/libs\libc_nano.a(lib_a-nano-vfprintf_i.o)
                0x2001382c                _printf_i
 .text.printf   0x20013a50       0x30 c:\Users\raifo\AppData\Roaming\Code\User\globalStorage\vexrobotics.vexcode\sdk\cpp\IQ2\IQ2_20231003_10_00_00/vexiq2/gcc/libs\libc_nano.a(lib_a-printf.o)
                0x20013a50                iprintf
                0x20013a50                printf
 .text._puts_r  0x20013a80       0xb8 c:\Users\raifo\AppData\Roaming\Code\User\globalStorage\vexrobotics.vexcode\sdk\cpp\IQ2\IQ2_20231003_10_00_00/vexiq2/gcc/libs\libc_nano.a(lib_a-puts.o)
                0x20013a80                _puts_r
 .text.puts     0x20013b38       0x10 c:\Users\raifo\AppData\Roaming\Code\User\globalStorage\vexrobotics.vexcode\sdk\cpp\IQ2\IQ2_20231003_10_00_00/vexiq2/gcc/libs\libc_nano.a(lib_a-puts.o)
                0x20013b38                puts
 .text._sbrk_r  0x20013b48       0x20 c:\Users\raifo\AppData\Roaming\Code\User\globalStorage\vexrobotics.vexcode\sdk\cpp\IQ2\IQ2_20231003_10_00_00/vexiq2/gcc/libs\libc_nano.a(lib_a-sbrkr.o)
                0x20013b48                _sbrk_r
 .text.__sread  0x20013b68       0x22 c:\Users\raifo\AppData\Roaming\Code\User\globalStorage\vexrobotics.vexcode\sdk\cpp\IQ2\IQ2_20231003_10_00_00/vexiq2/gcc/libs\libc_nano.a(lib_a-stdio.o)
                0x20013b68                __sread
 .text.__swrite
                0x20013b8a       0x38 c:\Users\raifo\AppData\Roaming\Code\User\globalStorage\vexrobotics.vexcode\sdk\cpp\IQ2\IQ2_20231003_10_00_00/vexiq2/gcc/libs\libc_nano.a(lib_a-stdio.o)
                0x20013b8a                __swrite
 .text.__sseek  0x20013bc2       0x24 c:\Users\raifo\AppData\Roaming\Code\User\globalStorage\vexrobotics.vexcode\sdk\cpp\IQ2\IQ2_20231003_10_00_00/vexiq2/gcc/libs\libc_nano.a(lib_a-stdio.o)
                0x20013bc2                __sseek
 .text.__sclose
                0x20013be6        0x8 c:\Users\raifo\AppData\Roaming\Code\User\globalStorage\vexrobotics.vexcode\sdk\cpp\IQ2\IQ2_20231003_10_00_00/vexiq2/gcc/libs\libc_nano.a(lib_a-stdio.o)
                0x20013be6                __sclose
 *fill*         0x20013bee        0x2 
 .text.__swbuf_r
                0x20013bf0       0xa4 c:\Users\raifo\AppData\Roaming\Code\User\globalStorage\vexrobotics.vexcode\sdk\cpp\IQ2\IQ2_20231003_10_00_00/vexiq2/gcc/libs\libc_nano.a(lib_a-wbuf.o)
                0x20013bf0                __swbuf_r
 .text._write_r
                0x20013c94       0x24 c:\Users\raifo\AppData\Roaming\Code\User\globalStorage\vexrobotics.vexcode\sdk\cpp\IQ2\IQ2_20231003_10_00_00/vexiq2/gcc/libs\libc_nano.a(lib_a-writer.o)
                0x20013c94                _write_r
 .text.__swsetup_r
                0x20013cb8       0xdc c:\Users\raifo\AppData\Roaming\Code\User\globalStorage\vexrobotics.vexcode\sdk\cpp\IQ2\IQ2_20231003_10_00_00/vexiq2/gcc/libs\libc_nano.a(lib_a-wsetup.o)
                0x20013cb8                __swsetup_r
 .text._close_r
                0x20013d94       0x20 c:\Users\raifo\AppData\Roaming\Code\User\globalStorage\vexrobotics.vexcode\sdk\cpp\IQ2\IQ2_20231003_10_00_00/vexiq2/gcc/libs\libc_nano.a(lib_a-closer.o)
                0x20013d94                _close_r
 .text.quorem   0x20013db4      0x118 c:\Users\raifo\AppData\Roaming\Code\User\globalStorage\vexrobotics.vexcode\sdk\cpp\IQ2\IQ2_20231003_10_00_00/vexiq2/gcc/libs\libc_nano.a(lib_a-dtoa.o)
 *fill*         0x20013ecc        0x4 
 .text._dtoa_r  0x20013ed0      0xb70 c:\Users\raifo\AppData\Roaming\Code\User\globalStorage\vexrobotics.vexcode\sdk\cpp\IQ2\IQ2_20231003_10_00_00/vexiq2/gcc/libs\libc_nano.a(lib_a-dtoa.o)
                0x20013ed0                _dtoa_r
 .text._fstat_r
                0x20014a40       0x24 c:\Users\raifo\AppData\Roaming\Code\User\globalStorage\vexrobotics.vexcode\sdk\cpp\IQ2\IQ2_20231003_10_00_00/vexiq2/gcc/libs\libc_nano.a(lib_a-fstatr.o)
                0x20014a40                _fstat_r
 .text._isatty_r
                0x20014a64       0x20 c:\Users\raifo\AppData\Roaming\Code\User\globalStorage\vexrobotics.vexcode\sdk\cpp\IQ2\IQ2_20231003_10_00_00/vexiq2/gcc/libs\libc_nano.a(lib_a-isattyr.o)
                0x20014a64                _isatty_r
 .text._localeconv_r
                0x20014a84       0x1c c:\Users\raifo\AppData\Roaming\Code\User\globalStorage\vexrobotics.vexcode\sdk\cpp\IQ2\IQ2_20231003_10_00_00/vexiq2/gcc/libs\libc_nano.a(lib_a-localeconv.o)
                0x20014a84                _localeconv_r
 .text._lseek_r
                0x20014aa0       0x24 c:\Users\raifo\AppData\Roaming\Code\User\globalStorage\vexrobotics.vexcode\sdk\cpp\IQ2\IQ2_20231003_10_00_00/vexiq2/gcc/libs\libc_nano.a(lib_a-lseekr.o)
                0x20014aa0                _lseek_r
 .text.malloc   0x20014ac4       0x10 c:\Users\raifo\AppData\Roaming\Code\User\globalStorage\vexrobotics.vexcode\sdk\cpp\IQ2\IQ2_20231003_10_00_00/vexiq2/gcc/libs\libc_nano.a(lib_a-malloc.o)
                0x20014ac4                malloc
 .text.free     0x20014ad4       0x10 c:\Users\raifo\AppData\Roaming\Code\User\globalStorage\vexrobotics.vexcode\sdk\cpp\IQ2\IQ2_20231003_10_00_00/vexiq2/gcc/libs\libc_nano.a(lib_a-malloc.o)
                0x20014ad4                free
 .text.__ascii_mbtowc
                0x20014ae4       0x24 c:\Users\raifo\AppData\Roaming\Code\User\globalStorage\vexrobotics.vexcode\sdk\cpp\IQ2\IQ2_20231003_10_00_00/vexiq2/gcc/libs\libc_nano.a(lib_a-mbtowc_r.o)
                0x20014ae4                __ascii_mbtowc
 .text.__malloc_lock
                0x20014b08        0x2 c:\Users\raifo\AppData\Roaming\Code\User\globalStorage\vexrobotics.vexcode\sdk\cpp\IQ2\IQ2_20231003_10_00_00/vexiq2/gcc/libs\libc_nano.a(lib_a-mlock.o)
                0x20014b08                __malloc_lock
 .text.__malloc_unlock
                0x20014b0a        0x2 c:\Users\raifo\AppData\Roaming\Code\User\globalStorage\vexrobotics.vexcode\sdk\cpp\IQ2\IQ2_20231003_10_00_00/vexiq2/gcc/libs\libc_nano.a(lib_a-mlock.o)
                0x20014b0a                __malloc_unlock
 .text._Balloc  0x20014b0c       0x68 c:\Users\raifo\AppData\Roaming\Code\User\globalStorage\vexrobotics.vexcode\sdk\cpp\IQ2\IQ2_20231003_10_00_00/vexiq2/gcc/libs\libc_nano.a(lib_a-mprec.o)
                0x20014b0c                _Balloc
 .text._Bfree   0x20014b74       0x2e c:\Users\raifo\AppData\Roaming\Code\User\globalStorage\vexrobotics.vexcode\sdk\cpp\IQ2\IQ2_20231003_10_00_00/vexiq2/gcc/libs\libc_nano.a(lib_a-mprec.o)
                0x20014b74                _Bfree
 .text.__multadd
                0x20014ba2       0x76 c:\Users\raifo\AppData\Roaming\Code\User\globalStorage\vexrobotics.vexcode\sdk\cpp\IQ2\IQ2_20231003_10_00_00/vexiq2/gcc/libs\libc_nano.a(lib_a-mprec.o)
                0x20014ba2                __multadd
 .text.__hi0bits
                0x20014c18       0x3e c:\Users\raifo\AppData\Roaming\Code\User\globalStorage\vexrobotics.vexcode\sdk\cpp\IQ2\IQ2_20231003_10_00_00/vexiq2/gcc/libs\libc_nano.a(lib_a-mprec.o)
                0x20014c18                __hi0bits
 .text.__lo0bits
                0x20014c56       0x5e c:\Users\raifo\AppData\Roaming\Code\User\globalStorage\vexrobotics.vexcode\sdk\cpp\IQ2\IQ2_20231003_10_00_00/vexiq2/gcc/libs\libc_nano.a(lib_a-mprec.o)
                0x20014c56                __lo0bits
 .text.__i2b    0x20014cb4       0x12 c:\Users\raifo\AppData\Roaming\Code\User\globalStorage\vexrobotics.vexcode\sdk\cpp\IQ2\IQ2_20231003_10_00_00/vexiq2/gcc/libs\libc_nano.a(lib_a-mprec.o)
                0x20014cb4                __i2b
 .text.__multiply
                0x20014cc6      0x12c c:\Users\raifo\AppData\Roaming\Code\User\globalStorage\vexrobotics.vexcode\sdk\cpp\IQ2\IQ2_20231003_10_00_00/vexiq2/gcc/libs\libc_nano.a(lib_a-mprec.o)
                0x20014cc6                __multiply
 *fill*         0x20014df2        0x2 
 .text.__pow5mult
                0x20014df4       0x9c c:\Users\raifo\AppData\Roaming\Code\User\globalStorage\vexrobotics.vexcode\sdk\cpp\IQ2\IQ2_20231003_10_00_00/vexiq2/gcc/libs\libc_nano.a(lib_a-mprec.o)
                0x20014df4                __pow5mult
 .text.__lshift
                0x20014e90       0xa8 c:\Users\raifo\AppData\Roaming\Code\User\globalStorage\vexrobotics.vexcode\sdk\cpp\IQ2\IQ2_20231003_10_00_00/vexiq2/gcc/libs\libc_nano.a(lib_a-mprec.o)
                0x20014e90                __lshift
 .text.__mcmp   0x20014f38       0x34 c:\Users\raifo\AppData\Roaming\Code\User\globalStorage\vexrobotics.vexcode\sdk\cpp\IQ2\IQ2_20231003_10_00_00/vexiq2/gcc/libs\libc_nano.a(lib_a-mprec.o)
                0x20014f38                __mcmp
 .text.__mdiff  0x20014f6c       0xba c:\Users\raifo\AppData\Roaming\Code\User\globalStorage\vexrobotics.vexcode\sdk\cpp\IQ2\IQ2_20231003_10_00_00/vexiq2/gcc/libs\libc_nano.a(lib_a-mprec.o)
                0x20014f6c                __mdiff
 .text.__d2b    0x20015026       0x9e c:\Users\raifo\AppData\Roaming\Code\User\globalStorage\vexrobotics.vexcode\sdk\cpp\IQ2\IQ2_20231003_10_00_00/vexiq2/gcc/libs\libc_nano.a(lib_a-mprec.o)
                0x20015026                __d2b
 .text._calloc_r
                0x200150c4       0x1c c:\Users\raifo\AppData\Roaming\Code\User\globalStorage\vexrobotics.vexcode\sdk\cpp\IQ2\IQ2_20231003_10_00_00/vexiq2/gcc/libs\libc_nano.a(lib_a-nano-callocr.o)
                0x200150c4                _calloc_r
 .text.__sfputc_r
                0x200150e0       0x2e c:\Users\raifo\AppData\Roaming\Code\User\globalStorage\vexrobotics.vexcode\sdk\cpp\IQ2\IQ2_20231003_10_00_00/vexiq2/gcc/libs\libc_nano.a(lib_a-nano-vfprintf.o)
 .text.__sfputs_r
                0x2001510e       0x24 c:\Users\raifo\AppData\Roaming\Code\User\globalStorage\vexrobotics.vexcode\sdk\cpp\IQ2\IQ2_20231003_10_00_00/vexiq2/gcc/libs\libc_nano.a(lib_a-nano-vfprintf.o)
                0x2001510e                __sfputs_r
 *fill*         0x20015132        0x2 
 .text._vfprintf_r
                0x20015134      0x22c c:\Users\raifo\AppData\Roaming\Code\User\globalStorage\vexrobotics.vexcode\sdk\cpp\IQ2\IQ2_20231003_10_00_00/vexiq2/gcc/libs\libc_nano.a(lib_a-nano-vfprintf.o)
                0x20015134                _vfprintf_r
                0x20015134                _vfiprintf_r
 .text._read_r  0x20015360       0x24 c:\Users\raifo\AppData\Roaming\Code\User\globalStorage\vexrobotics.vexcode\sdk\cpp\IQ2\IQ2_20231003_10_00_00/vexiq2/gcc/libs\libc_nano.a(lib_a-readr.o)
                0x20015360                _read_r
 .text.__ascii_wctomb
                0x20015384       0x1a c:\Users\raifo\AppData\Roaming\Code\User\globalStorage\vexrobotics.vexcode\sdk\cpp\IQ2\IQ2_20231003_10_00_00/vexiq2/gcc/libs\libc_nano.a(lib_a-wctomb_r.o)
                0x20015384                __ascii_wctomb
 .text._ZdlPv   0x2001539e        0x4 c:\Users\raifo\AppData\Roaming\Code\User\globalStorage\vexrobotics.vexcode\sdk\cpp\IQ2\IQ2_20231003_10_00_00/vexiq2/gcc/libs\libstdc++_nano.a(del_op.o)
                0x2001539e                operator delete(void*)
 *fill*         0x200153a2        0x2 
 .text.fmod     0x200153a4       0xd0 c:\Users\raifo\AppData\Roaming\Code\User\globalStorage\vexrobotics.vexcode\sdk\cpp\IQ2\IQ2_20231003_10_00_00/vexiq2/gcc/libs\libm.a(lib_a-w_fmod.o)
                0x200153a4                fmod
 .text.__ieee754_fmod
                0x20015474      0x248 c:\Users\raifo\AppData\Roaming\Code\User\globalStorage\vexrobotics.vexcode\sdk\cpp\IQ2\IQ2_20231003_10_00_00/vexiq2/gcc/libs\libm.a(lib_a-e_fmod.o)
                0x20015474                __ieee754_fmod
 .text.matherr  0x200156bc        0x4 c:\Users\raifo\AppData\Roaming\Code\User\globalStorage\vexrobotics.vexcode\sdk\cpp\IQ2\IQ2_20231003_10_00_00/vexiq2/gcc/libs\libm.a(lib_a-s_matherr.o)
                0x200156bc                matherr
 .text.__errno  0x200156c0        0xc c:\Users\raifo\AppData\Roaming\Code\User\globalStorage\vexrobotics.vexcode\sdk\cpp\IQ2\IQ2_20231003_10_00_00/vexiq2\libviq2rt.a(iq2_fstubs.c.o)
                0x200156c0                __errno
 .text._fstat   0x200156cc       0x1e c:\Users\raifo\AppData\Roaming\Code\User\globalStorage\vexrobotics.vexcode\sdk\cpp\IQ2\IQ2_20231003_10_00_00/vexiq2\libviq2rt.a(iq2_fstubs.c.o)
                0x200156cc                _fstat
 .text._lseek   0x200156ea       0x1c c:\Users\raifo\AppData\Roaming\Code\User\globalStorage\vexrobotics.vexcode\sdk\cpp\IQ2\IQ2_20231003_10_00_00/vexiq2\libviq2rt.a(iq2_fstubs.c.o)
                0x200156ea                _lseek
 .text._close   0x20015706       0x14 c:\Users\raifo\AppData\Roaming\Code\User\globalStorage\vexrobotics.vexcode\sdk\cpp\IQ2\IQ2_20231003_10_00_00/vexiq2\libviq2rt.a(iq2_fstubs.c.o)
                0x20015706                _close
 .text._read    0x2001571a       0x1c c:\Users\raifo\AppData\Roaming\Code\User\globalStorage\vexrobotics.vexcode\sdk\cpp\IQ2\IQ2_20231003_10_00_00/vexiq2\libviq2rt.a(iq2_fstubs.c.o)
                0x2001571a                _read
 .text._write   0x20015736       0x28 c:\Users\raifo\AppData\Roaming\Code\User\globalStorage\vexrobotics.vexcode\sdk\cpp\IQ2\IQ2_20231003_10_00_00/vexiq2\libviq2rt.a(iq2_fstubs.c.o)
                0x20015736                _write
 .text._isatty  0x2001575e       0x14 c:\Users\raifo\AppData\Roaming\Code\User\globalStorage\vexrobotics.vexcode\sdk\cpp\IQ2\IQ2_20231003_10_00_00/vexiq2\libviq2rt.a(iq2_fstubs.c.o)
                0x2001575e                _isatty
 *(.gnu.linkonce.t.*)
 *(.plt)
 *(.gnu_warning)
 *(.gcc_except_table)
 *(.glue_7)
 .glue_7        0x00000000        0x0 linker stubs
 *(.glue_7t)
 .glue_7t       0x00000000        0x0 linker stubs
 *(.vfp11_veneer)
 .vfp11_veneer  0x00000000        0x0 linker stubs
 *(.ARM.extab)
 *(.gnu.linkonce.armextab.*)

.v4_bx          0x20015774        0x0
 .v4_bx         0x00000000        0x0 linker stubs

.iplt           0x20015774        0x0
 .iplt          0x00000000        0x0 build/src/MinSixAutoDrivetrain.o

.init
 *(.init)

.fini
 *(.fini)

.rodata         0x20015778      0x658
                0x20015778                __rodata_start = .
 *(.rodata)
 *(.rodata.*)
 .rodata.str1.1
                0x20015778      0x1ae build/src/MinSixAutoDrivetrain.o
                                0x1c0 (size before relaxing)
 .rodata.str1.1
                0x20015926       0x61 build/src/main.o
 .rodata.str1.1
                0x20015987       0x22 c:\Users\raifo\AppData\Roaming\Code\User\globalStorage\vexrobotics.vexcode\sdk\cpp\IQ2\IQ2_20231003_10_00_00/vexiq2\libviq2rt.a(iq2_startup.c.o)
 *fill*         0x200159a9        0x3 
 .rodata._ZN3vex5PORT1E
                0x200159ac        0x4 c:\Users\raifo\AppData\Roaming\Code\User\globalStorage\vexrobotics.vexcode\sdk\cpp\IQ2\IQ2_20231003_10_00_00/vexiq2\libviq2rt.a(vex_global.cpp.o)
                0x200159ac                vex::PORT1
 .rodata._ZN3vex6PORT10E
                0x200159b0        0x4 c:\Users\raifo\AppData\Roaming\Code\User\globalStorage\vexrobotics.vexcode\sdk\cpp\IQ2\IQ2_20231003_10_00_00/vexiq2\libviq2rt.a(vex_global.cpp.o)
                0x200159b0                vex::PORT10
 .rodata._ZN3vex6PORT11E
                0x200159b4        0x4 c:\Users\raifo\AppData\Roaming\Code\User\globalStorage\vexrobotics.vexcode\sdk\cpp\IQ2\IQ2_20231003_10_00_00/vexiq2\libviq2rt.a(vex_global.cpp.o)
                0x200159b4                vex::PORT11
 .rodata._ZN3vex5PORT6E
                0x200159b8        0x4 c:\Users\raifo\AppData\Roaming\Code\User\globalStorage\vexrobotics.vexcode\sdk\cpp\IQ2\IQ2_20231003_10_00_00/vexiq2\libviq2rt.a(vex_global.cpp.o)
                0x200159b8                vex::PORT6
 .rodata._ZN3vex6PORT12E
                0x200159bc        0x4 c:\Users\raifo\AppData\Roaming\Code\User\globalStorage\vexrobotics.vexcode\sdk\cpp\IQ2\IQ2_20231003_10_00_00/vexiq2\libviq2rt.a(vex_global.cpp.o)
                0x200159bc                vex::PORT12
 .rodata._ZN3vex5PORT7E
                0x200159c0        0x4 c:\Users\raifo\AppData\Roaming\Code\User\globalStorage\vexrobotics.vexcode\sdk\cpp\IQ2\IQ2_20231003_10_00_00/vexiq2\libviq2rt.a(vex_global.cpp.o)
                0x200159c0                vex::PORT7
 .rodata.str1.1
                0x200159c4       0x20 c:\Users\raifo\AppData\Roaming\Code\User\globalStorage\vexrobotics.vexcode\sdk\cpp\IQ2\IQ2_20231003_10_00_00/vexiq2\libviq2rt.a(vex_brain.cpp.o)
 .rodata.CSWTCH.121
                0x200159e4       0x10 c:\Users\raifo\AppData\Roaming\Code\User\globalStorage\vexrobotics.vexcode\sdk\cpp\IQ2\IQ2_20231003_10_00_00/vexiq2\libviq2rt.a(vex_brain.cpp.o)
 *fill*         0x200159f4        0x4 
 .rodata._ZTVN3vex5motorE
                0x200159f8       0x10 c:\Users\raifo\AppData\Roaming\Code\User\globalStorage\vexrobotics.vexcode\sdk\cpp\IQ2\IQ2_20231003_10_00_00/vexiq2\libviq2rt.a(vex_motor.cpp.o)
                0x200159f8                vtable for vex::motor
 .rodata._ZTVN3vex8touchledE
                0x20015a08       0x10 c:\Users\raifo\AppData\Roaming\Code\User\globalStorage\vexrobotics.vexcode\sdk\cpp\IQ2\IQ2_20231003_10_00_00/vexiq2\libviq2rt.a(vex_touchled.cpp.o)
                0x20015a08                vtable for vex::touchled
 .rodata.CSWTCH.26
                0x20015a18       0x44 c:\Users\raifo\AppData\Roaming\Code\User\globalStorage\vexrobotics.vexcode\sdk\cpp\IQ2\IQ2_20231003_10_00_00/vexiq2\libviq2rt.a(vex_touchled.cpp.o)
 *fill*         0x20015a5c        0x4 
 .rodata._ZTVN3vex8inertialE
                0x20015a60       0x68 c:\Users\raifo\AppData\Roaming\Code\User\globalStorage\vexrobotics.vexcode\sdk\cpp\IQ2\IQ2_20231003_10_00_00/vexiq2\libviq2rt.a(vex_imu.cpp.o)
                0x20015a60                vtable for vex::inertial
 .rodata._ZTVN3vex8distanceE
                0x20015ac8       0x10 c:\Users\raifo\AppData\Roaming\Code\User\globalStorage\vexrobotics.vexcode\sdk\cpp\IQ2\IQ2_20231003_10_00_00/vexiq2\libviq2rt.a(vex_distance.cpp.o)
                0x20015ac8                vtable for vex::distance
 .rodata._ZTVN3vex7opticalE
                0x20015ad8       0x10 c:\Users\raifo\AppData\Roaming\Code\User\globalStorage\vexrobotics.vexcode\sdk\cpp\IQ2\IQ2_20231003_10_00_00/vexiq2\libviq2rt.a(vex_optical.cpp.o)
                0x20015ad8                vtable for vex::optical
 .rodata._ZTVN3vex6deviceE
                0x20015ae8       0x10 c:\Users\raifo\AppData\Roaming\Code\User\globalStorage\vexrobotics.vexcode\sdk\cpp\IQ2\IQ2_20231003_10_00_00/vexiq2\libviq2rt.a(vex_device.cpp.o)
                0x20015ae8                vtable for vex::device
 .rodata.__sf_fake_stderr
                0x20015af8       0x20 c:\Users\raifo\AppData\Roaming\Code\User\globalStorage\vexrobotics.vexcode\sdk\cpp\IQ2\IQ2_20231003_10_00_00/vexiq2/gcc/libs\libc_nano.a(lib_a-findfp.o)
                0x20015af8                __sf_fake_stderr
 .rodata.__sf_fake_stdin
                0x20015b18       0x20 c:\Users\raifo\AppData\Roaming\Code\User\globalStorage\vexrobotics.vexcode\sdk\cpp\IQ2\IQ2_20231003_10_00_00/vexiq2/gcc/libs\libc_nano.a(lib_a-findfp.o)
                0x20015b18                __sf_fake_stdin
 .rodata.__sf_fake_stdout
                0x20015b38       0x20 c:\Users\raifo\AppData\Roaming\Code\User\globalStorage\vexrobotics.vexcode\sdk\cpp\IQ2\IQ2_20231003_10_00_00/vexiq2/gcc/libs\libc_nano.a(lib_a-findfp.o)
                0x20015b38                __sf_fake_stdout
 .rodata._global_impure_ptr
                0x20015b58        0x4 c:\Users\raifo\AppData\Roaming\Code\User\globalStorage\vexrobotics.vexcode\sdk\cpp\IQ2\IQ2_20231003_10_00_00/vexiq2/gcc/libs\libc_nano.a(lib_a-impure.o)
                0x20015b58                _global_impure_ptr
 .rodata._printf_float.str1.1
                0x20015b5c       0x12 c:\Users\raifo\AppData\Roaming\Code\User\globalStorage\vexrobotics.vexcode\sdk\cpp\IQ2\IQ2_20231003_10_00_00/vexiq2/gcc/libs\libc_nano.a(lib_a-nano-vfprintf_float.o)
 .rodata._printf_i.str1.1
                0x20015b6e       0x22 c:\Users\raifo\AppData\Roaming\Code\User\globalStorage\vexrobotics.vexcode\sdk\cpp\IQ2\IQ2_20231003_10_00_00/vexiq2/gcc/libs\libc_nano.a(lib_a-nano-vfprintf_i.o)
 .rodata._dtoa_r.str1.1
                0x20015b90        0xd c:\Users\raifo\AppData\Roaming\Code\User\globalStorage\vexrobotics.vexcode\sdk\cpp\IQ2\IQ2_20231003_10_00_00/vexiq2/gcc/libs\libc_nano.a(lib_a-dtoa.o)
                                  0xf (size before relaxing)
 .rodata._setlocale_r.str1.1
                0x20015b9d        0x8 c:\Users\raifo\AppData\Roaming\Code\User\globalStorage\vexrobotics.vexcode\sdk\cpp\IQ2\IQ2_20231003_10_00_00/vexiq2/gcc/libs\libc_nano.a(lib_a-locale.o)
                                  0x9 (size before relaxing)
 .rodata.str1.1
                0x00000000        0x8 c:\Users\raifo\AppData\Roaming\Code\User\globalStorage\vexrobotics.vexcode\sdk\cpp\IQ2\IQ2_20231003_10_00_00/vexiq2/gcc/libs\libc_nano.a(lib_a-locale.o)
                                  0x2 (size before relaxing)
 *fill*         0x20015ba5        0x3 
 .rodata.__mprec_bigtens
                0x20015ba8       0x28 c:\Users\raifo\AppData\Roaming\Code\User\globalStorage\vexrobotics.vexcode\sdk\cpp\IQ2\IQ2_20231003_10_00_00/vexiq2/gcc/libs\libc_nano.a(lib_a-mprec.o)
                0x20015ba8                __mprec_bigtens
 .rodata.__mprec_tens
                0x20015bd0       0xc8 c:\Users\raifo\AppData\Roaming\Code\User\globalStorage\vexrobotics.vexcode\sdk\cpp\IQ2\IQ2_20231003_10_00_00/vexiq2/gcc/libs\libc_nano.a(lib_a-mprec.o)
                0x20015bd0                __mprec_tens
 .rodata.p05.7359
                0x20015c98        0xc c:\Users\raifo\AppData\Roaming\Code\User\globalStorage\vexrobotics.vexcode\sdk\cpp\IQ2\IQ2_20231003_10_00_00/vexiq2/gcc/libs\libc_nano.a(lib_a-mprec.o)
 .rodata._vfprintf_r.str1.1
                0x20015ca4       0x11 c:\Users\raifo\AppData\Roaming\Code\User\globalStorage\vexrobotics.vexcode\sdk\cpp\IQ2\IQ2_20231003_10_00_00/vexiq2/gcc/libs\libc_nano.a(lib_a-nano-vfprintf.o)
 .rodata._ctype_
                0x20015cb5      0x101 c:\Users\raifo\AppData\Roaming\Code\User\globalStorage\vexrobotics.vexcode\sdk\cpp\IQ2\IQ2_20231003_10_00_00/vexiq2/gcc/libs\libc_nano.a(lib_a-ctype_.o)
                0x20015cb5                _ctype_
 *fill*         0x20015db6        0x2 
 .rodata.fmod.str1.4
                0x20015db8        0x8 c:\Users\raifo\AppData\Roaming\Code\User\globalStorage\vexrobotics.vexcode\sdk\cpp\IQ2\IQ2_20231003_10_00_00/vexiq2/gcc/libs\libm.a(lib_a-w_fmod.o)
                                  0x5 (size before relaxing)
 .rodata.Zero   0x20015dc0       0x10 c:\Users\raifo\AppData\Roaming\Code\User\globalStorage\vexrobotics.vexcode\sdk\cpp\IQ2\IQ2_20231003_10_00_00/vexiq2/gcc/libs\libm.a(lib_a-e_fmod.o)
 *(.gnu.linkonce.r.*)
                0x20015dd0                __rodata_end = .

.rodata1        0x20015dd0        0x0
                0x20015dd0                __rodata1_start = .
 *(.rodata1)
 *(.rodata1.*)
                0x20015dd0                __rodata1_end = .

.sdata2         0x20015dd0        0x0
                0x20015dd0                __sdata2_start = .
 *(.sdata2)
 *(.sdata2.*)
 *(.gnu.linkonce.s2.*)
                0x20015dd0                __sdata2_end = .

.sbss2          0x20015dd0        0x0
                0x20015dd0                __sbss2_start = .
 *(.sbss2)
 *(.sbss2.*)
 *(.gnu.linkonce.sb2.*)
                0x20015dd0                __sbss2_end = .

.data           0x20015dd0      0x1d9
                0x20015dd0                __data_start = .
                0x20015dd0                __data_load = .
 *(.data)
 *(.data.*)
 .data.__yoff   0x20015dd0        0x4 c:\Users\raifo\AppData\Roaming\Code\User\globalStorage\vexrobotics.vexcode\sdk\cpp\IQ2\IQ2_20231003_10_00_00/vexiq2\libviq2rt.a(iq2_apijump.c.o)
 .data._ZN3vex24__default_motor_velocityE
                0x20015dd4        0x4 c:\Users\raifo\AppData\Roaming\Code\User\globalStorage\vexrobotics.vexcode\sdk\cpp\IQ2\IQ2_20231003_10_00_00/vexiq2\libviq2rt.a(vex_motor.cpp.o)
                0x20015dd4                vex::__default_motor_velocity
 .data._impure_ptr
                0x20015dd8        0x4 c:\Users\raifo\AppData\Roaming\Code\User\globalStorage\vexrobotics.vexcode\sdk\cpp\IQ2\IQ2_20231003_10_00_00/vexiq2/gcc/libs\libc_nano.a(lib_a-impure.o)
                0x20015dd8                _impure_ptr
 .data.impure_data
                0x20015ddc       0x60 c:\Users\raifo\AppData\Roaming\Code\User\globalStorage\vexrobotics.vexcode\sdk\cpp\IQ2\IQ2_20231003_10_00_00/vexiq2/gcc/libs\libc_nano.a(lib_a-impure.o)
 .data.__global_locale
                0x20015e3c      0x16c c:\Users\raifo\AppData\Roaming\Code\User\globalStorage\vexrobotics.vexcode\sdk\cpp\IQ2\IQ2_20231003_10_00_00/vexiq2/gcc/libs\libc_nano.a(lib_a-locale.o)
                0x20015e3c                __global_locale
 .data.__fdlib_version
                0x20015fa8        0x1 c:\Users\raifo\AppData\Roaming\Code\User\globalStorage\vexrobotics.vexcode\sdk\cpp\IQ2\IQ2_20231003_10_00_00/vexiq2/gcc/libs\libm.a(lib_a-s_lib_ver.o)
                0x20015fa8                __fdlib_version
 *(.gnu.linkonce.d.*)
 *(.jcr)
 *(.got)
 *(.got.plt)
                0x20015fa9                __data_end = .

.igot.plt       0x20015fac        0x0
 .igot.plt      0x00000000        0x0 build/src/MinSixAutoDrivetrain.o

.data1          0x20015fa9        0x0
                0x20015fa9                __data1_start = .
                0x20015fa9                __data1_load = .
 *(.data1)
 *(.data1.*)
                0x20015fa9                __data1_end = .

.got
 *(.got)

.ctors          0x20015fa9        0x0
                0x20015fa9                __CTOR_LIST__ = .
                0x20015fa9                ___CTORS_LIST___ = .
 *crtbegin.o(.ctors)
 *(EXCLUDE_FILE(*crtend.o) .ctors)
 *(SORT(.ctors.*))
 *(.ctors)
                0x20015fa9                __CTOR_END__ = .
                0x20015fa9                ___CTORS_END___ = .

.dtors          0x20015fa9        0x0
                0x20015fa9                __DTOR_LIST__ = .
                0x20015fa9                ___DTORS_LIST___ = .
 *crtbegin.o(.dtors)
 *(EXCLUDE_FILE(*crtend.o) .dtors)
 *(SORT(.dtors.*))
 *(.dtors)
                0x20015fa9                __DTOR_END__ = .
                0x20015fa9                ___DTORS_END___ = .

.fixup          0x20015fa9        0x0
                0x20015fa9                __fixup_start = .
 *(.fixup)
                0x20015fa9                __fixup_end = .

.eh_frame
 *(.eh_frame)

.eh_framehdr    0x20015fa9        0x0
                0x20015fa9                __eh_framehdr_start = .
 *(.eh_framehdr)
                0x20015fa9                __eh_framehdr_end = .

.gcc_except_table
 *(.gcc_except_table)

.mmu_tbl        0x20018000        0x0
                0x20018000                __mmu_tbl_start = .
 *(.mmu_tbl)
                0x20018000                __mmu_tbl_end = .

.ARM.exidx      0x20015fac        0x8
                0x20015fac                __exidx_start = .
 *(.ARM.exidx*)
 .ARM.exidx.text._ZN18Min6AutoDrivetrain13CalibrateGyroEv
                0x20015fac        0x8 build/src/MinSixAutoDrivetrain.o
 .ARM.exidx.text._ZN18Min6AutoDrivetrain13TurnToHeadingEddddi
                0x20015fb4        0x0 build/src/MinSixAutoDrivetrain.o
                                  0x8 (size before relaxing)
 .ARM.exidx.text._ZN17MotionAccelerator14GetNextStepRPMEv
                0x20015fb4        0x0 build/src/MinSixAutoDrivetrain.o
                                  0x8 (size before relaxing)
 .ARM.exidx.text._ZN13PIDController22calculateControlSignalEd
                0x20015fb4        0x0 build/src/MinSixAutoDrivetrain.o
                                  0x8 (size before relaxing)
 .ARM.exidx.text._ZN18Min6AutoDrivetrainD2Ev
                0x20015fb4        0x0 build/src/main.o
                                  0x8 (size before relaxing)
 .ARM.exidx.text.main
                0x20015fb4        0x0 build/src/main.o
                                  0x8 (size before relaxing)
 .ARM.exidx.text._Z18SelectStop_Pressedv
                0x20015fb4        0x0 build/src/main.o
                                  0x8 (size before relaxing)
 .ARM.exidx.text._Z13Start_Pressedv
                0x20015fb4        0x0 build/src/main.o
                                  0x8 (size before relaxing)
 .ARM.exidx.text._Z11Routine_Onev
                0x20015fb4        0x0 build/src/main.o
                                  0x8 (size before relaxing)
 .ARM.exidx.text._Z11Routine_Twov
                0x20015fb4        0x0 build/src/main.o
                                  0x8 (size before relaxing)
 .ARM.exidx.text._GLOBAL__sub_I_main.cpp
                0x20015fb4        0x0 build/src/main.o
                                  0x8 (size before relaxing)
 *(.gnu.linkonce.armexidix.*.*)
                0x20015fb4                __exidx_end = .

.rel.dyn        0x20015fb4        0x0
 .rel.iplt      0x00000000        0x0 build/src/MinSixAutoDrivetrain.o

.preinit_array  0x20015fb4        0x0
                0x20015fb4                __preinit_array_start = .
 *(SORT(.preinit_array.*))
 *(.preinit_array)
                0x20015fb4                __preinit_array_end = .

.init_array     0x20015fb4        0x8
                0x20015fb4                __init_array_start = .
 *(SORT(.init_array.*))
 *(.init_array)
 .init_array    0x20015fb4        0x4 build/src/main.o
 .init_array    0x20015fb8        0x4 c:\Users\raifo\AppData\Roaming\Code\User\globalStorage\vexrobotics.vexcode\sdk\cpp\IQ2\IQ2_20231003_10_00_00/vexiq2\libviq2rt.a(vex_color.cpp.o)
                0x20015fbc                __init_array_end = .

.fini_array     0x20015fbc        0x0
                0x20015fbc                __fini_array_start = .
 *(SORT(.fini_array.*))
 *(.fini_array)
                0x20015fbc                __fini_array_end = .

.ARM.attributes
                0x20015fbc       0x3d
                0x20015fbc                __ARM.attributes_start = .
 *(.ARM.attributes)
 .ARM.attributes
                0x20015fbc       0x49 build/src/MinSixAutoDrivetrain.o
 .ARM.attributes
                0x20016005       0x49 build/src/main.o
 .ARM.attributes
                0x2001604e       0x39 c:\Users\raifo\AppData\Roaming\Code\User\globalStorage\vexrobotics.vexcode\sdk\cpp\IQ2\IQ2_20231003_10_00_00/vexiq2\libviq2rt.a(iq2_startup.c.o)
 .ARM.attributes
                0x20016087       0x39 c:\Users\raifo\AppData\Roaming\Code\User\globalStorage\vexrobotics.vexcode\sdk\cpp\IQ2\IQ2_20231003_10_00_00/vexiq2\libviq2rt.a(iq2_apijump.c.o)
 .ARM.attributes
                0x200160c0       0x39 c:\Users\raifo\AppData\Roaming\Code\User\globalStorage\vexrobotics.vexcode\sdk\cpp\IQ2\IQ2_20231003_10_00_00/vexiq2\libviq2rt.a(vex_global.cpp.o)
 .ARM.attributes
                0x200160f9       0x39 c:\Users\raifo\AppData\Roaming\Code\User\globalStorage\vexrobotics.vexcode\sdk\cpp\IQ2\IQ2_20231003_10_00_00/vexiq2\libviq2rt.a(vex_color.cpp.o)
 .ARM.attributes
                0x20016132       0x39 c:\Users\raifo\AppData\Roaming\Code\User\globalStorage\vexrobotics.vexcode\sdk\cpp\IQ2\IQ2_20231003_10_00_00/vexiq2\libviq2rt.a(vex_thread.cpp.o)
 .ARM.attributes
                0x2001616b       0x39 c:\Users\raifo\AppData\Roaming\Code\User\globalStorage\vexrobotics.vexcode\sdk\cpp\IQ2\IQ2_20231003_10_00_00/vexiq2\libviq2rt.a(vex_brain.cpp.o)
 .ARM.attributes
                0x200161a4       0x39 c:\Users\raifo\AppData\Roaming\Code\User\globalStorage\vexrobotics.vexcode\sdk\cpp\IQ2\IQ2_20231003_10_00_00/vexiq2\libviq2rt.a(vex_timer.cpp.o)
 .ARM.attributes
                0x200161dd       0x39 c:\Users\raifo\AppData\Roaming\Code\User\globalStorage\vexrobotics.vexcode\sdk\cpp\IQ2\IQ2_20231003_10_00_00/vexiq2\libviq2rt.a(vex_motor.cpp.o)
 .ARM.attributes
                0x20016216       0x39 c:\Users\raifo\AppData\Roaming\Code\User\globalStorage\vexrobotics.vexcode\sdk\cpp\IQ2\IQ2_20231003_10_00_00/vexiq2\libviq2rt.a(vex_touchled.cpp.o)
 .ARM.attributes
                0x2001624f       0x39 c:\Users\raifo\AppData\Roaming\Code\User\globalStorage\vexrobotics.vexcode\sdk\cpp\IQ2\IQ2_20231003_10_00_00/vexiq2\libviq2rt.a(vex_imu.cpp.o)
 .ARM.attributes
                0x20016288       0x39 c:\Users\raifo\AppData\Roaming\Code\User\globalStorage\vexrobotics.vexcode\sdk\cpp\IQ2\IQ2_20231003_10_00_00/vexiq2\libviq2rt.a(vex_distance.cpp.o)
 .ARM.attributes
                0x200162c1       0x39 c:\Users\raifo\AppData\Roaming\Code\User\globalStorage\vexrobotics.vexcode\sdk\cpp\IQ2\IQ2_20231003_10_00_00/vexiq2\libviq2rt.a(vex_optical.cpp.o)
 .ARM.attributes
                0x200162fa       0x39 c:\Users\raifo\AppData\Roaming\Code\User\globalStorage\vexrobotics.vexcode\sdk\cpp\IQ2\IQ2_20231003_10_00_00/vexiq2\libviq2rt.a(vex_event.cpp.o)
 .ARM.attributes
                0x20016333       0x39 c:\Users\raifo\AppData\Roaming\Code\User\globalStorage\vexrobotics.vexcode\sdk\cpp\IQ2\IQ2_20231003_10_00_00/vexiq2\libviq2rt.a(vex_device.cpp.o)
 .ARM.attributes
                0x2001636c       0x34 c:\Users\raifo\AppData\Roaming\Code\User\globalStorage\vexrobotics.vexcode\sdk\cpp\IQ2\IQ2_20231003_10_00_00/vexiq2/gcc/libs\libc_nano.a(lib_a-aeabi_atexit.o)
 .ARM.attributes
                0x200163a0       0x34 c:\Users\raifo\AppData\Roaming\Code\User\globalStorage\vexrobotics.vexcode\sdk\cpp\IQ2\IQ2_20231003_10_00_00/vexiq2/gcc/libs\libc_nano.a(lib_a-aeabi_memclr.o)
 .ARM.attributes
                0x200163d4       0x34 c:\Users\raifo\AppData\Roaming\Code\User\globalStorage\vexrobotics.vexcode\sdk\cpp\IQ2\IQ2_20231003_10_00_00/vexiq2/gcc/libs\libc_nano.a(lib_a-aeabi_memcpy.o)
 .ARM.attributes
                0x20016408       0x20 c:\Users\raifo\AppData\Roaming\Code\User\globalStorage\vexrobotics.vexcode\sdk\cpp\IQ2\IQ2_20231003_10_00_00/vexiq2/gcc/libs\libc_nano.a(lib_a-aeabi_memset-soft.o)
 .ARM.attributes
                0x20016428       0x34 c:\Users\raifo\AppData\Roaming\Code\User\globalStorage\vexrobotics.vexcode\sdk\cpp\IQ2\IQ2_20231003_10_00_00/vexiq2/gcc/libs\libc_nano.a(lib_a-fflush.o)
 .ARM.attributes
                0x2001645c       0x34 c:\Users\raifo\AppData\Roaming\Code\User\globalStorage\vexrobotics.vexcode\sdk\cpp\IQ2\IQ2_20231003_10_00_00/vexiq2/gcc/libs\libc_nano.a(lib_a-findfp.o)
 .ARM.attributes
                0x20016490       0x34 c:\Users\raifo\AppData\Roaming\Code\User\globalStorage\vexrobotics.vexcode\sdk\cpp\IQ2\IQ2_20231003_10_00_00/vexiq2/gcc/libs\libc_nano.a(lib_a-fwalk.o)
 .ARM.attributes
                0x200164c4       0x34 c:\Users\raifo\AppData\Roaming\Code\User\globalStorage\vexrobotics.vexcode\sdk\cpp\IQ2\IQ2_20231003_10_00_00/vexiq2/gcc/libs\libc_nano.a(lib_a-impure.o)
 .ARM.attributes
                0x200164f8       0x34 c:\Users\raifo\AppData\Roaming\Code\User\globalStorage\vexrobotics.vexcode\sdk\cpp\IQ2\IQ2_20231003_10_00_00/vexiq2/gcc/libs\libc_nano.a(lib_a-init.o)
 .ARM.attributes
                0x2001652c       0x34 c:\Users\raifo\AppData\Roaming\Code\User\globalStorage\vexrobotics.vexcode\sdk\cpp\IQ2\IQ2_20231003_10_00_00/vexiq2/gcc/libs\libc_nano.a(lib_a-makebuf.o)
 .ARM.attributes
                0x20016560       0x34 c:\Users\raifo\AppData\Roaming\Code\User\globalStorage\vexrobotics.vexcode\sdk\cpp\IQ2\IQ2_20231003_10_00_00/vexiq2/gcc/libs\libc_nano.a(lib_a-memcpy-stub.o)
 .ARM.attributes
                0x20016594       0x34 c:\Users\raifo\AppData\Roaming\Code\User\globalStorage\vexrobotics.vexcode\sdk\cpp\IQ2\IQ2_20231003_10_00_00/vexiq2/gcc/libs\libc_nano.a(lib_a-memset.o)
 .ARM.attributes
                0x200165c8       0x34 c:\Users\raifo\AppData\Roaming\Code\User\globalStorage\vexrobotics.vexcode\sdk\cpp\IQ2\IQ2_20231003_10_00_00/vexiq2/gcc/libs\libc_nano.a(lib_a-nano-freer.o)
 .ARM.attributes
                0x200165fc       0x34 c:\Users\raifo\AppData\Roaming\Code\User\globalStorage\vexrobotics.vexcode\sdk\cpp\IQ2\IQ2_20231003_10_00_00/vexiq2/gcc/libs\libc_nano.a(lib_a-nano-mallocr.o)
 .ARM.attributes
                0x20016630       0x34 c:\Users\raifo\AppData\Roaming\Code\User\globalStorage\vexrobotics.vexcode\sdk\cpp\IQ2\IQ2_20231003_10_00_00/vexiq2/gcc/libs\libc_nano.a(lib_a-nano-vfprintf_float.o)
 .ARM.attributes
                0x20016664       0x34 c:\Users\raifo\AppData\Roaming\Code\User\globalStorage\vexrobotics.vexcode\sdk\cpp\IQ2\IQ2_20231003_10_00_00/vexiq2/gcc/libs\libc_nano.a(lib_a-nano-vfprintf_i.o)
 .ARM.attributes
                0x20016698       0x34 c:\Users\raifo\AppData\Roaming\Code\User\globalStorage\vexrobotics.vexcode\sdk\cpp\IQ2\IQ2_20231003_10_00_00/vexiq2/gcc/libs\libc_nano.a(lib_a-printf.o)
 .ARM.attributes
                0x200166cc       0x34 c:\Users\raifo\AppData\Roaming\Code\User\globalStorage\vexrobotics.vexcode\sdk\cpp\IQ2\IQ2_20231003_10_00_00/vexiq2/gcc/libs\libc_nano.a(lib_a-puts.o)
 .ARM.attributes
                0x20016700       0x34 c:\Users\raifo\AppData\Roaming\Code\User\globalStorage\vexrobotics.vexcode\sdk\cpp\IQ2\IQ2_20231003_10_00_00/vexiq2/gcc/libs\libc_nano.a(lib_a-reent.o)
 .ARM.attributes
                0x20016734       0x34 c:\Users\raifo\AppData\Roaming\Code\User\globalStorage\vexrobotics.vexcode\sdk\cpp\IQ2\IQ2_20231003_10_00_00/vexiq2/gcc/libs\libc_nano.a(lib_a-sbrkr.o)
 .ARM.attributes
                0x20016768       0x34 c:\Users\raifo\AppData\Roaming\Code\User\globalStorage\vexrobotics.vexcode\sdk\cpp\IQ2\IQ2_20231003_10_00_00/vexiq2/gcc/libs\libc_nano.a(lib_a-stdio.o)
 .ARM.attributes
                0x2001679c       0x1b c:\Users\raifo\AppData\Roaming\Code\User\globalStorage\vexrobotics.vexcode\sdk\cpp\IQ2\IQ2_20231003_10_00_00/vexiq2/gcc/libs\libc_nano.a(lib_a-strlen.o)
 .ARM.attributes